Component: ARM Compiler 5.06 update 4 (build 422) Tool: armlink [4d35d2]

==============================================================================

Section Cross References

    main.o(i._Z10vTheadMainPv) refers to main.o(i._Z23pre_star_thread_main_00v) for pre_star_thread_main_00()
    main.o(i._Z10vTheadMainPv) refers to valve_api.o(i.vavle_off_for_start) for vavle_off_for_start
    main.o(i._Z10vTheadMainPv) refers to main.o(i._Z23pre_star_thread_main_01v) for pre_star_thread_main_01()
    main.o(i._Z10vTheadMainPv) refers to ui.o(i.ui_disp_device_ver) for ui_disp_device_ver
    main.o(i._Z10vTheadMainPv) refers to m_lcd.o(i.m_lcd_refresh) for m_lcd_refresh
    main.o(i._Z10vTheadMainPv) refers to m_rtc.o(i.m_rtc_disable_wakeup) for m_rtc_disable_wakeup
    main.o(i._Z10vTheadMainPv) refers to m_rtc.o(i.m_rtc_enable_wakeup) for m_rtc_enable_wakeup
    main.o(i._Z10vTheadMainPv) refers to mtk.o(i.m_thread_create_nb_mtk) for m_thread_create_nb_mtk
    main.o(i._Z10vTheadMainPv) refers to m_event.o(i.m_thread_create_event) for m_thread_create_event
    main.o(i._Z10vTheadMainPv) refers to m_event.o(i.m_thread_create_flow_puls) for m_thread_create_flow_puls
    main.o(i._Z10vTheadMainPv) refers to cmsis_os.o(i.osSignalWait) for osSignalWait
    main.o(i._Z10vTheadMainPv) refers to valve_api.o(i.app_valve_on) for app_valve_on
    main.o(i._Z10vTheadMainPv) refers to valve_api.o(i.app_valve_off) for app_valve_off
    main.o(i._Z10vTheadMainPv) refers to ui.o(.data) for menu
    main.o(i._Z10vTheadMainPv) refers to 15e-data-protocol.o(.data) for flgValveErrSend
    main.o(i._Z12init_rtc_x_xv) refers to m_rtc.o(.data) for stRtcDataTime
    main.o(i._Z12init_rtc_x_xv) refers to m_event.o(.data) for aYearAgo
    main.o(i._Z15m_gpio_led_initv) refers to stm32l0xx_hal_gpio.o(i.HAL_GPIO_Init) for HAL_GPIO_Init
    main.o(i._Z20m_thread_create_mainv) refers to rt_memcpy.o(.emb_text) for __aeabi_memcpy4
    main.o(i._Z20m_thread_create_mainv) refers to cmsis_os.o(i.osThreadCreate) for osThreadCreate
    main.o(i._Z20m_thread_create_mainv) refers to main.o(.constdata) for .constdata
    main.o(i._Z20m_thread_create_mainv) refers to main.o(.data) for vTheadMainID
    main.o(i._Z23pre_star_thread_main_00v) refers to m_gpio_config.o(i.m_gpio_into_lpw) for m_gpio_into_lpw
    main.o(i._Z23pre_star_thread_main_00v) refers to m_rtc.o(i.m_rtc_init) for m_rtc_init
    main.o(i._Z23pre_star_thread_main_00v) refers to main.o(i._Z12init_rtc_x_xv) for init_rtc_x_x()
    main.o(i._Z23pre_star_thread_main_00v) refers to m_buzzer.o(i.m_buzzer_init) for m_buzzer_init
    main.o(i._Z23pre_star_thread_main_00v) refers to m_lcd.o(i.m_lcd_init) for m_lcd_init
    main.o(i._Z23pre_star_thread_main_00v) refers to m_lcd.o(i.m_lcd_all_on) for m_lcd_all_on
    main.o(i._Z23pre_star_thread_main_00v) refers to cmsis_os.o(i.osDelay) for osDelay
    main.o(i._Z23pre_star_thread_main_00v) refers to m_clock_config.o(i.m_clock_set_system_clock_msi) for m_clock_set_system_clock_msi
    main.o(i._Z23pre_star_thread_main_00v) refers to m_pwr_mng.o(i.prvSetupTimerInterrupt) for prvSetupTimerInterrupt
    main.o(i._Z23pre_star_thread_main_00v) refers to m_buzzer.o(i.m_buzzer_on) for m_buzzer_on
    main.o(i._Z23pre_star_thread_main_00v) refers to m_buzzer.o(i.m_buzzer_off) for m_buzzer_off
    main.o(i._Z23pre_star_thread_main_00v) refers to m_lcd.o(i.m_lcd_all_off) for m_lcd_all_off
    main.o(i._Z23pre_star_thread_main_00v) refers to data.o(i.qc_data_mutex_create) for qc_data_mutex_create
    main.o(i._Z23pre_star_thread_main_00v) refers to data-protocol-ex.o(i.m_thread_create_sysdata) for m_thread_create_sysdata
    main.o(i._Z23pre_star_thread_main_00v) refers to data.o(i.qc_data_sysdata_init) for qc_data_sysdata_init
    main.o(i._Z23pre_star_thread_main_00v) refers to m_string.o(i.m_str_cmp_len) for m_str_cmp_len
    main.o(i._Z23pre_star_thread_main_00v) refers to m_string.o(i.m_mem_cpy_len) for m_mem_cpy_len
    main.o(i._Z23pre_star_thread_main_00v) refers to data-protocol-ex.o(i.api_calc_all) for api_calc_all
    main.o(i._Z23pre_star_thread_main_00v) refers to szrq-comm-protocol.o(.data) for szrqDefaultSever
    main.o(i._Z23pre_star_thread_main_00v) refers to 15e-data-protocol.o(.bss) for sysData
    main.o(i._Z23pre_star_thread_main_00v) refers to 15e-data-protocol.o(.data) for rtVolumeRefreshFlag
    main.o(i._Z23pre_star_thread_main_01v) refers to m_gpio_config.o(i.m_gpio_config_flow_pin) for m_gpio_config_flow_pin
    main.o(i._Z23pre_star_thread_main_01v) refers to m_gpio_config.o(i.m_gpio_config_key0_irq) for m_gpio_config_key0_irq
    main.o(i._Z23pre_star_thread_main_01v) refers to m_gpio_config.o(i.m_gpio_config_alarm_dect) for m_gpio_config_alarm_dect
    main.o(i._Z23pre_star_thread_main_01v) refers to m_gpio_config.o(i.m_gpio_config_alarm) for m_gpio_config_alarm
    main.o(i._Z23pre_star_thread_main_01v) refers to m_gpio_config.o(i.m_gpio_config_ste) for m_gpio_config_ste
[...]
    osThreadCreate                           0x0800c7f1   Thumb Code    58  cmsis_os.o(i.osThreadCreate)
    osThreadGetId                            0x0800c82b   Thumb Code     8  cmsis_os.o(i.osThreadGetId)
    prvSetupTimerInterrupt                   0x0800c835   Thumb Code    92  m_pwr_mng.o(i.prvSetupTimerInterrupt)
    pvPortMalloc                             0x0800c8a5   Thumb Code   282  heap_4.o(i.pvPortMalloc)
    pvTaskIncrementMutexHeldCount            0x0800c9f9   Thumb Code    28  tasks.o(i.pvTaskIncrementMutexHeldCount)
    pxPortInitialiseStack                    0x0800ca19   Thumb Code    26  port.o(i.pxPortInitialiseStack)
    qc_data_clear_sysdata_to_dcls_b          0x0800ca39   Thumb Code    96  15e-data-protocol.o(i.qc_data_clear_sysdata_to_dcls_b)
    qc_data_device_even_lock_clear           0x0800caa5   Thumb Code    30  15e-data-protocol.o(i.qc_data_device_even_lock_clear)
    qc_data_mutex_create                     0x0800cac9   Thumb Code    18  data.o(i.qc_data_mutex_create)
    qc_data_read_from_media                  0x0800cae1   Thumb Code    20  data.o(i.qc_data_read_from_media)
    qc_data_realtime_data_clear              0x0800caf5   Thumb Code    26  15e-data-protocol.o(i.qc_data_realtime_data_clear)
    qc_data_sysdata_init                     0x0800cb21   Thumb Code   244  data.o(i.qc_data_sysdata_init)
    qc_data_write_to_media                   0x0800cc39   Thumb Code    20  data.o(i.qc_data_write_to_media)
    swap_uint32                              0x0800cc4d   Thumb Code    28  m_string.o(i.swap_uint32)
    system_dt_to_time_stamp                  0x0800cc69   Thumb Code    48  time-stamp.o(i.system_dt_to_time_stamp)
    szrq_item_get_num                        0x0800cc9d   Thumb Code    18  15e-data-protocol.o(i.szrq_item_get_num)
    szrq_item_get_unread_num                 0x0800ccb5   Thumb Code    56  15e-data-protocol.o(i.szrq_item_get_unread_num)
    szrq_item_read                           0x0800ccf1   Thumb Code   114  15e-data-protocol.o(i.szrq_item_read)
    szrq_item_save                           0x0800cd69   Thumb Code   164  15e-data-protocol.o(i.szrq_item_save)
    szrq_item_set_read_loc                   0x0800ce21   Thumb Code    64  15e-data-protocol.o(i.szrq_item_set_read_loc)
    szrq_part_format                         0x0800ce65   Thumb Code    36  15e-data-protocol.o(i.szrq_part_format)
    time_stamp_to_system_dt                  0x0800ce8d   Thumb Code   106  time-stamp.o(i.time_stamp_to_system_dt)
    uart4_idle_time_hook                     0x0800cefd   Thumb Code    38  m_uart.o(i.uart4_idle_time_hook)
    uart4_idle_time_reset                    0x0800cf29   Thumb Code     8  m_uart.o(i.uart4_idle_time_reset)
    ui_disp_comm_rssi                        0x0800cf35   Thumb Code   212  ui.o(i.ui_disp_comm_rssi)
    ui_disp_device_ver                       0x0800d02d   Thumb Code    32  ui.o(i.ui_disp_device_ver)
    ui_disp_dlc                              0x0800d059   Thumb Code   110  ui.o(i.ui_disp_dlc)
    ui_disp_menu                             0x0800d0fd   Thumb Code   112  ui.o(i.ui_disp_menu)
    ui_disp_menu_v                           0x0800d171   Thumb Code   120  ui.o(i.ui_disp_menu_v)
    ui_disp_qn                               0x0800d1f1   Thumb Code   172  ui.o(i.ui_disp_qn)
    ui_disp_totale_volume                    0x0800d2f5   Thumb Code   142  ui.o(i.ui_disp_totale_volume)
    ui_show_hms                              0x0800d399   Thumb Code   170  ui.o(i.ui_show_hms)
    uxListRemove                             0x0800d455   Thumb Code    40  list.o(i.uxListRemove)
    vAssertCalled                            0x0800d47d   Thumb Code    28  port.o(i.vAssertCalled)
    vListInitialise                          0x0800d499   Thumb Code    26  list.o(i.vListInitialise)
    vListInitialiseItem                      0x0800d4b3   Thumb Code     6  list.o(i.vListInitialiseItem)
    vListInsert                              0x0800d4b9   Thumb Code    54  list.o(i.vListInsert)
    vListInsertEnd                           0x0800d4ef   Thumb Code    24  list.o(i.vListInsertEnd)
    vPortEnterCritical                       0x0800d509   Thumb Code    22  port.o(i.vPortEnterCritical)
    vPortExitCritical                        0x0800d525   Thumb Code    42  port.o(i.vPortExitCritical)
    vPortFree                                0x0800d56d   Thumb Code   128  heap_4.o(i.vPortFree)
    vPortSuppressTicksAndSleep               0x0800d619   Thumb Code   484  m_pwr_mng.o(i.vPortSuppressTicksAndSleep)
    vPortYield                               0x0800d819   Thumb Code    18  port.o(i.vPortYield)
    vTaskDelay                               0x0800d831   Thumb Code    78  tasks.o(i.vTaskDelay)
    vTaskMissedYield                         0x0800d8ad   Thumb Code     8  tasks.o(i.vTaskMissedYield)
    vTaskPlaceOnEventList                    0x0800d8b9   Thumb Code    74  tasks.o(i.vTaskPlaceOnEventList)
    vTaskPriorityInherit                     0x0800d931   Thumb Code   128  tasks.o(i.vTaskPriorityInherit)
    vTaskSetTimeOutState                     0x0800d9bd   Thumb Code    32  tasks.o(i.vTaskSetTimeOutState)
    vTaskStartScheduler                      0x0800da01   Thumb Code    66  tasks.o(i.vTaskStartScheduler)
    vTaskStepTick                            0x0800da79   Thumb Code    48  tasks.o(i.vTaskStepTick)
    vTaskSuspendAll                          0x0800dad1   Thumb Code    12  tasks.o(i.vTaskSuspendAll)
    vTaskSwitchContext                       0x0800dae1   Thumb Code   152  tasks.o(i.vTaskSwitchContext)
    vavle_off_for_start                      0x0800dbad   Thumb Code    52  valve_api.o(i.vavle_off_for_start)
    vavle_off_from_app                       0x0800dbe5   Thumb Code   126  m_event.o(i.vavle_off_from_app)
    vavle_on_from_app                        0x0800dc71   Thumb Code    76  m_event.o(i.vavle_on_from_app)
    xPortStartScheduler                      0x0800dcc9   Thumb Code    48  port.o(i.xPortStartScheduler)
    xQueueCreateMutex                        0x0800dd01   Thumb Code    92  queue.o(i.xQueueCreateMutex)
    xQueueGenericCreate                      0x0800dd79   Thumb Code   128  queue.o(i.xQueueGenericCreate)
    xQueueGenericReceive                     0x0800de15   Thumb Code   378  queue.o(i.xQueueGenericReceive)
    xQueueGenericReset                       0x0800dfb1   Thumb Code   130  queue.o(i.xQueueGenericReset)
    xQueueGenericSend                        0x0800e051   Thumb Code   348  queue.o(i.xQueueGenericSend)
    xQueueGenericSendFromISR                 0x0800e1cd   Thumb Code   188  queue.o(i.xQueueGenericSendFromISR)
    xQueueGiveFromISR                        0x0800e2a9   Thumb Code   166  queue.o(i.xQueueGiveFromISR)
    xQueueReceiveFromISR                     0x0800e371   Thumb Code   150  queue.o(i.xQueueReceiveFromISR)
    xTaskCheckForTimeOut                     0x0800e429   Thumb Code   112  tasks.o(i.xTaskCheckForTimeOut)
    xTaskGenericCreate                       0x0800e4c1   Thumb Code   298  tasks.o(i.xTaskGenericCreate)
    xTaskGenericNotify                       0x0800e625   Thumb Code   206  tasks.o(i.xTaskGenericNotify)
    xTaskGetCurrentTaskHandle                0x0800e721   Thumb Code     6  tasks.o(i.xTaskGetCurrentTaskHandle)
    xTaskGetSchedulerState                   0x0800e72d   Thumb Code    28  tasks.o(i.xTaskGetSchedulerState)
    xTaskGetTickCount                        0x0800e751   Thumb Code     6  tasks.o(i.xTaskGetTickCount)
    xTaskGetTickCountFromISR                 0x0800e75d   Thumb Code     8  tasks.o(i.xTaskGetTickCountFromISR)
    xTaskIncrementTick                       0x0800e769   Thumb Code   276  tasks.o(i.xTaskIncrementTick)
    xTaskNotifyFromISR                       0x0800e8c9   Thumb Code   226  tasks.o(i.xTaskNotifyFromISR)
    xTaskNotifyWait                          0x0800e9e1   Thumb Code   176  tasks.o(i.xTaskNotifyWait)
    xTaskPriorityDisinherit                  0x0800ea9d   Thumb Code   130  tasks.o(i.xTaskPriorityDisinherit)
    xTaskRemoveFromEventList                 0x0800eb4d   Thumb Code   120  tasks.o(i.xTaskRemoveFromEventList)
    xTaskResumeAll                           0x0800ebf9   Thumb Code   204  tasks.o(i.xTaskResumeAll)
    __aeabi_fmul                             0x0800ed05   Thumb Code     0  fmul.o(x$fpl$fmul)
    _fmul                                    0x0800ed05   Thumb Code   172  fmul.o(x$fpl$fmul)
    __I$use$fp                               0x0800edb4   Number         0  usenofp.o(x$fpl$usenofp)
    hexTable                                 0x0800edf0   Data          17  ui.o(.constdata)
    AHBPrescTable                            0x0800ee20   Data          16  system_stm32l0xx.o(.constdata)
    PLLMulTable                              0x0800ee30   Data           9  system_stm32l0xx.o(.constdata)
    LCDDigitalIndexTable                     0x0800ee49   Data          51  m_lcd.o(.constdata)
    LCDDigitalTable                          0x0800ee7c   Data          50  m_lcd.o(.constdata)
    HexTable                                 0x0800eed0   Data          17  m_string.o(.constdata)
    Bcd2HexTable                             0x0800eee1   Data         160  m_string.o(.constdata)
    Hex2BcdTable                             0x0800ef81   Data         100  m_string.o(.constdata)
    qnTable                                  0x0800efe8   Data          18  15e-data-protocol.o(.constdata)
    sysDataDefault                           0x0800effc   Data         384  15e-data-protocol.o(.constdata)
    Region$$Table$$Base                      0x0800f2a0   Number         0  anon$$obj.o(Region$$Table)
    Region$$Table$$Limit                     0x0800f2c0   Number         0  anon$$obj.o(Region$$Table)
    vTheadMainID                             0x20000000   Data           4  main.o(.data)
    adcValue                                 0x20000004   Data           4  data.o(.data)
    voltBat                                  0x20000008   Data           4  data.o(.data)
    voltAvdd                                 0x2000000c   Data           4  data.o(.data)
    osMutexSysData                           0x20000010   Data           4  data.o(.data)
    aYearAgo                                 0x20000014   Data           1  m_event.o(.data)
    aMonthAgo                                0x20000015   Data           1  m_event.o(.data)
    aDateAgo                                 0x20000016   Data           1  m_event.o(.data)
    aHourAgo                                 0x20000017   Data           1  m_event.o(.data)
    aMinuteAgo                               0x20000018   Data           1  m_event.o(.data)
    aSecondAgo                               0x20000019   Data           1  m_event.o(.data)
    noEventTimeOut                           0x2000001c   Data           4  m_event.o(.data)
    vTheadEvenID                             0x20000020   Data           4  m_event.o(.data)
    vTheadFlowPulsID                         0x20000024   Data           4  m_event.o(.data)
    userTickerSec                            0x20000028   Data           4  m_event.o(.data)
    sysTickerSec                             0x2000002c   Data           4  m_event.o(.data)
    stampTickerSec                           0x20000030   Data           4  m_event.o(.data)
    payPromptTimeOut                         0x20000034   Data           4  m_event.o(.data)
    unlockFlag                               0x20000038   Data           1  m_event.o(.data)
    flgEverydayPoped                         0x20000039   Data           1  m_event.o(.data)
    noNetworkTimer                           0x2000003a   Data           2  m_event.o(.data)
    nextFreezeTm                             0x2000003c   Data           4  m_event.o(.data)
    szrqRoportNextTm                         0x20000040   Data           4  m_event.o(.data)
    szrqcollectNextTm                        0x20000044   Data           4  m_event.o(.data)
    szrqRtcSync                              0x20000048   Data           1  m_event.o(.data)
    adcSampleIndex                           0x20000049   Data           1  m_event.o(.data)
    menu                                     0x2000004a   Data           1  ui.o(.data)
    subMenu                                  0x2000004b   Data           1  ui.o(.data)
    lcdBuf                                   0x2000004c   Data           8  ui.o(.data)
    pwrStatus                                0x20000054   Data           1  volt-dec.o(.data)
    pwrArr                                   0x20000055   Data           4  volt-dec.o(.data)
    powerDownStatus                          0x2000005c   Data           4  volt-dec.o(.data)
    rtAdcValueBatteray                       0x20000060   Data           4  volt-dec.o(.data)
    rtAdcValueAvdd                           0x20000064   Data           4  volt-dec.o(.data)
    rtAdcValueRef                            0x20000068   Data           4  volt-dec.o(.data)
    idTheadUdpId                             0x2000006c   Data           4  mtk.o(.data)
    SPVER                                    0x20000070   Data           8  mtk.o(.data)
    EARFCN                                   0x20000078   Data           8  mtk.o(.data)
    nbAplReceivedCount                       0x20000080   Data           2  mtk.o(.data)
    nbRun                                    0x20000082   Data           1  mtk.o(.data)
    mtkStateMachine                          0x20000083   Data           1  mtk.o(.data)
    udpSendmsg                               0x20000084   Data           4  mtk.o(.data)
    nbSendMsgQ                               0x20000088   Data           4  mtk.o(.data)
    port                                     0x2000008c   Data           2  mtk.o(.data)
    szrqSendStaMichine                       0x2000008e   Data           1  mtk.o(.data)
    flwPTTRefrashFlg                         0x20000090   Data           1  flow-ex.o(.data)
    noFlowPuleRecordTimer                    0x20000094   Data           4  flow-ex.o(.data)
    totalNoPulseTimer                        0x20000098   Data           4  flow-ex.o(.data)
    flowQn                                   0x2000009c   Data           4  flow-ex.o(.data)
    maxFlow                                  0x200000a0   Data           4  flow-ex.o(.data)
    lastDayMaxFlow                           0x200000a4   Data           2  flow-ex.o(.data)
    flowAgoDt                                0x200000a6   Data           8  flow-ex.o(.data)
    flowNowDt                                0x200000ae   Data           8  flow-ex.o(.data)
    rtFlow                                   0x200000b8   Data           4  flow-ex.o(.data)
    noPuleFunCalltimer                       0x200000bc   Data           4  flow-ex.o(.data)
    flowMinueProcessCallTime                 0x200000c0   Data           2  flow-ex.o(.data)
    flowMinuteTimer                          0x200000c4   Data           4  flow-ex.o(.data)
    flowHoureTimer                           0x200000c8   Data           4  flow-ex.o(.data)
    flowDayTimer                             0x200000cc   Data           4  flow-ex.o(.data)
    pxCurrentTCB                             0x200000d0   Data           4  tasks.o(.data)
    ulTimerCountsForOneTick                  0x2000010c   Data           4  port.o(.data)
    xMaximumPossibleSuppressedTicks          0x20000110   Data           4  port.o(.data)
    ulStoppedTimerCompensation               0x20000114   Data           4  port.o(.data)
    SystemCoreClock                          0x20000130   Data           4  system_stm32l0xx.o(.data)
    uwTick                                   0x20000134   Data           4  stm32l0xx_hal.o(.data)
    mRTCReadEn                               0x20000138   Data           2  m_rtc.o(.data)
    mSoftWdgTimes                            0x2000013a   Data           2  m_rtc.o(.data)
    stRtcDataTime                            0x2000013c   Data           8  m_rtc.o(.data)
    uartReceivedIdleTime                     0x20000144   Data           4  m_uart.o(.data)
    uartSendBufCount                         0x20000148   Data           2  m_uart.o(.data)
    uartRceivedBufCount                      0x2000014a   Data           2  m_uart.o(.data)
    uart4RxTimeOut                           0x2000014c   Data           4  m_uart.o(.data)
    WakeUpSelection                          0x20000150   Data           8  m_uart.o(.data)
    uartInited                               0x20000158   Data           1  m_uart.o(.data)
    LCDHandleStat                            0x2000015a   Data           2  m_lcd.o(.data)
    irRecevedByte                            0x2000015c   Data           2  m_timer.o(.data)
    irSampleTimes                            0x2000015e   Data           2  m_timer.o(.data)
    irdata                                   0x20000160   Data           1  m_timer.o(.data)
    irTimeOut                                0x20000164   Data           4  m_timer.o(.data)
    vavleState                               0x20000168   Data           1  15e-data-protocol.o(.data)
    rssi                                     0x20000169   Data           1  15e-data-protocol.o(.data)
    opStatus                                 0x2000016a   Data           1  15e-data-protocol.o(.data)
    hardDefault                              0x2000016c   Data           4  15e-data-protocol.o(.data)
    totalVolume                              0x20000170   Data           4  15e-data-protocol.o(.data)
    curMonthVolume                           0x20000174   Data           4  15e-data-protocol.o(.data)
    curPeriodVolume                          0x20000178   Data           4  15e-data-protocol.o(.data)
    rtPrice                                  0x2000017c   Data           4  15e-data-protocol.o(.data)
    overageMoney                             0x20000180   Data           4  15e-data-protocol.o(.data)
    overrageVolume                           0x20000184   Data           4  15e-data-protocol.o(.data)
    rtVolume                                 0x20000188   Data           4  15e-data-protocol.o(.data)
    __rtVolume                               0x2000018c   Data           4  15e-data-protocol.o(.data)
    rtVolumeRefreshFlag                      0x20000190   Data           1  15e-data-protocol.o(.data)
    popTimesEveryday                         0x20000194   Data           4  15e-data-protocol.o(.data)
    ovmStatus                                0x20000198   Data           1  15e-data-protocol.o(.data)
    OVerageVMRemainder                       0x2000019c   Data           4  15e-data-protocol.o(.data)
    realPayValue                             0x200001a0   Data           4  15e-data-protocol.o(.data)
    flgValveErrSend                          0x200001a4   Data           1  15e-data-protocol.o(.data)
    reqMsgQ                                  0x200001a8   Data           4  data-protocol-ex.o(.data)
    respMsgQ                                 0x200001ac   Data           4  data-protocol-ex.o(.data)
    idThreadDataSave                         0x200001b0   Data           4  data-protocol-ex.o(.data)
    severReqFreezeYY                         0x200001b4   Data           1  szrq-comm-protocol.o(.data)
    severReqFreezeMM                         0x200001b5   Data           1  szrq-comm-protocol.o(.data)
    szrqRssi                                 0x200001b6   Data           1  szrq-comm-protocol.o(.data)
    szrqDefaultSever                         0x200001b8   Data           8  szrq-comm-protocol.o(.data)
    __nextCollectTm                          0x200001c0   Data           4  szrq-comm-protocol.o(.data)
    szrqMultSendNum                          0x200001c4   Data           2  szrq-comm-protocol.o(.data)
    szrqMulHasMore                           0x200001c6   Data           1  szrq-comm-protocol.o(.data)
    szrqRecHasMore                           0x200001c7   Data           1  szrq-comm-protocol.o(.data)
    szrqWarnType                             0x200001c8   Data           1  szrq-comm-protocol.o(.data)
    szrqWarnReportSendOld                    0x200001c9   Data           1  szrq-comm-protocol.o(.data)
    CIMI                                     0x200001cc   Data          16  mtk.o(.bss)
    CGSN                                     0x200001dc   Data          16  mtk.o(.bss)
    ICCID                                    0x200001ec   Data          21  mtk.o(.bss)
    nbAplReceivedBuffer                      0x20000201   Data         256  mtk.o(.bss)
    flowPulseTimerTable                      0x20000304   Data         128  flow-ex.o(.bss)
    _1per6_flow                              0x20000384   Data          28  flow-ex.o(.bss)
    _6per60_flow                             0x200003a0   Data          44  flow-ex.o(.bss)
    dayAvgFlow                               0x200003cc   Data          64  flow-ex.o(.bss)
    hourAvgFlow                              0x2000040c   Data          48  flow-ex.o(.bss)
    Comp2Handle                              0x2000352c   Data          36  stm32l0xx_it.o(.bss)
    ProcFlash                                0x20003550   Data          24  stm32l0xx_hal_flash.o(.bss)
    RtcHandle                                0x20003568   Data          36  m_rtc.o(.bss)
    uartSendBuf                              0x2000358c   Data         512  m_uart.o(.bss)
    uartReceivedBuf                          0x2000378c   Data         256  m_uart.o(.bss)
    UartHandle                               0x2000388c   Data         112  m_uart.o(.bss)
    RngHandle                                0x200038fc   Data          12  m_rng.o(.bss)
    LCDHandle                                0x20003908   Data          60  m_lcd.o(.bss)
    AdcHandle                                0x20003944   Data          96  m_adc.o(.bss)
    TimHandle                                0x200039a4   Data          56  m_timer.o(.bss)
    irRecevedBuf                             0x200039dc   Data          32  m_timer.o(.bss)
    commonBuf                                0x200039fc   Data         576  15e-data-protocol.o(.bss)
    sysData                                  0x20003c3c   Data         384  15e-data-protocol.o(.bss)
    szrqWarnReportbuf                        0x20003dbc   Data         128  szrq-comm-protocol.o(.bss)
    __libspace_start                         0x20003e3c   Data          96  libspace.o(.bss)
    __temporary_stack_top$libspace           0x20003e9c   Data           0  libspace.o(.bss)



==============================================================================

Memory Map of the image

  Image Entry point : 0x080000c1

  Load Region LR_IROM1 (Base: 0x08000000, Size: 0x0000f48c, Max: 0x00030000, ABSOLUTE, COMPRESSED[0x0000f300])

    Execution Region ER_IROM1 (Base: 0x08000000, Size: 0x0000f2c0, Max: 0x00030000, ABSOLUTE)

    Base Addr    Size         Type   Attr      Idx    E Section Name        Object

    0x08000000   0x000000c0   Data   RO         3185    RESET               startup_stm32l073xx.o
    0x080000c0   0x00000008   Code   RO         9786  * !!!main             c_p.l(__main.o)
    0x080000c8   0x0000003c   Code   RO         9978    !!!scatter          c_p.l(__scatter.o)
    0x08000104   0x0000001c   Code   RO         9980    !!handler_zi        c_p.l(__scatter_zi.o)
    0x08000120   0x00000002   Code   RO         9845    .ARM.Collect$$libinit$$00000000  c_p.l(libinit.o)
    0x08000122   0x00000000   Code   RO         9859    .ARM.Collect$$libinit$$00000002  c_p.l(libinit2.o)
    0x08000122   0x00000000   Code   RO         9861    .ARM.Collect$$libinit$$00000004  c_p.l(libinit2.o)
    0x08000122   0x00000000   Code   RO         9864    .ARM.Collect$$libinit$$0000000A  c_p.l(libinit2.o)
    0x08000122   0x00000000   Code   RO         9866    .ARM.Collect$$libinit$$0000000C  c_p.l(libinit2.o)
    0x08000122   0x00000000   Code   RO         9868    .ARM.Collect$$libinit$$0000000E  c_p.l(libinit2.o)
    0x08000122   0x00000000   Code   RO         9871    .ARM.Collect$$libinit$$00000011  c_p.l(libinit2.o)
    0x08000122   0x00000000   Code   RO         9873    .ARM.Collect$$libinit$$00000013  c_p.l(libinit2.o)
    0x08000122   0x00000000   Code   RO         9875    .ARM.Collect$$libinit$$00000015  c_p.l(libinit2.o)
    0x08000122   0x00000000   Code   RO         9877    .ARM.Collect$$libinit$$00000017  c_p.l(libinit2.o)
    0x08000122   0x00000000   Code   RO         9879    .ARM.Collect$$libinit$$00000019  c_p.l(libinit2.o)
    0x08000122   0x00000000   Code   RO         9881    .ARM.Collect$$libinit$$0000001B  c_p.l(libinit2.o)
    0x08000122   0x00000000   Code   RO         9883    .ARM.Collect$$libinit$$0000001D  c_p.l(libinit2.o)
    0x08000122   0x00000000   Code   RO         9885    .ARM.Collect$$libinit$$0000001F  c_p.l(libinit2.o)
    0x08000122   0x00000000   Code   RO         9887    .ARM.Collect$$libinit$$00000021  c_p.l(libinit2.o)
    0x08000122   0x00000000   Code   RO         9889    .ARM.Collect$$libinit$$00000023  c_p.l(libinit2.o)
    0x08000122   0x00000000   Code   RO         9891    .ARM.Collect$$libinit$$00000025  c_p.l(libinit2.o)
    0x08000122   0x00000000   Code   RO         9895    .ARM.Collect$$libinit$$0000002C  c_p.l(libinit2.o)
    0x08000122   0x00000000   Code   RO         9897    .ARM.Collect$$libinit$$0000002E  c_p.l(libinit2.o)
    0x08000122   0x00000000   Code   RO         9899    .ARM.Collect$$libinit$$00000030  c_p.l(libinit2.o)
    0x08000122   0x00000000   Code   RO         9901    .ARM.Collect$$libinit$$00000032  c_p.l(libinit2.o)
    0x08000122   0x00000002   Code   RO         9902    .ARM.Collect$$libinit$$00000033  c_p.l(libinit2.o)
    0x08000124   0x00000002   Code   RO         9933    .ARM.Collect$$libshutdown$$00000000  c_p.l(libshutdown.o)
    0x08000126   0x00000000   Code   RO         9959    .ARM.Collect$$libshutdown$$00000002  c_p.l(libshutdown2.o)
    0x08000126   0x00000000   Code   RO         9961    .ARM.Collect$$libshutdown$$00000004  c_p.l(libshutdown2.o)
    0x08000126   0x00000000   Code   RO         9964    .ARM.Collect$$libshutdown$$00000007  c_p.l(libshutdown2.o)
    0x08000126   0x00000000   Code   RO         9967    .ARM.Collect$$libshutdown$$0000000A  c_p.l(libshutdown2.o)
    0x08000126   0x00000000   Code   RO         9969    .ARM.Collect$$libshutdown$$0000000C  c_p.l(libshutdown2.o)
    0x08000126   0x00000000   Code   RO         9972    .ARM.Collect$$libshutdown$$0000000F  c_p.l(libshutdown2.o)
    0x08000126   0x00000002   Code   RO         9973    .ARM.Collect$$libshutdown$$00000010  c_p.l(libshutdown2.o)
    0x08000128   0x00000000   Code   RO         9808    .ARM.Collect$$rtentry$$00000000  c_p.l(__rtentry.o)
    0x08000128   0x00000000   Code   RO         9815    .ARM.Collect$$rtentry$$00000002  c_p.l(__rtentry2.o)
    0x08000128   0x00000006   Code   RO         9827    .ARM.Collect$$rtentry$$00000004  c_p.l(__rtentry4.o)
    0x0800012e   0x00000000   Code   RO         9817    .ARM.Collect$$rtentry$$00000009  c_p.l(__rtentry2.o)
    0x0800012e   0x00000004   Code   RO         9818    .ARM.Collect$$rtentry$$0000000A  c_p.l(__rtentry2.o)
    0x08000132   0x00000000   Code   RO         9820    .ARM.Collect$$rtentry$$0000000C  c_p.l(__rtentry2.o)
    0x08000132   0x00000008   Code   RO         9821    .ARM.Collect$$rtentry$$0000000D  c_p.l(__rtentry2.o)
    0x0800013a   0x00000002   Code   RO         9850    .ARM.Collect$$rtexit$$00000000  c_p.l(rtexit.o)
    0x0800013c   0x00000000   Code   RO         9906    .ARM.Collect$$rtexit$$00000002  c_p.l(rtexit2.o)
    0x0800013c   0x00000004   Code   RO         9907    .ARM.Collect$$rtexit$$00000003  c_p.l(rtexit2.o)
    0x08000140   0x00000006   Code   RO         9908    .ARM.Collect$$rtexit$$00000004  c_p.l(rtexit2.o)
    0x08000146   0x00000002   PAD
    0x08000148   0x00000038   Code   RO         9772    .emb_text           c_p.l(rt_memcpy.o)
    0x08000180   0x0000006c   Code   RO         3114    .text               port_1.o
    0x080001ec   0x00000040   Code   RO         3186    .text               startup_stm32l073xx.o
    0x0800022c   0x00000082   Code   RO         9773    .text               c_p.l(rt_memcpy.o)
    0x080002ae   0x00000012   Code   RO         9776    .text               c_p.l(aeabi_memset.o)
    0x080002c0   0x00000040   Code   RO         9778    .text               c_p.l(rt_memclr.o)
    0x08000300   0x0000015a   Code   RO         9780    .text               c_p.l(aeabi_sdiv.o)
    0x0800045a   0x00000006   Code   RO         9784    .text               c_p.l(heapauxi.o)
    0x08000460   0x00000448   Code   RO         9788    .text               fz_ps.l(ddiv.o)
    0x080008a8   0x00000048   Code   RO         9791    .text               fz_ps.l(dfixui.o)
    0x080008f0   0x00000084   Code   RO         9793    .text               fz_ps.l(dfltl.o)
    0x08000974   0x00000248   Code   RO         9795    .text               fz_ps.l(dmul.o)
    0x08000bbc   0x00000160   Code   RO         9797    .text               fz_ps.l(fdiv.o)
    0x08000d1c   0x0000004c   Code   RO         9800    .text               fz_ps.l(ffixi.o)
    0x08000d68   0x00000030   Code   RO         9802    .text               fz_ps.l(ffixui.o)
    0x08000d98   0x0000005e   Code   RO         9804    .text               fz_ps.l(fflti.o)
    0x08000df6   0x0000003e   Code   RO         9831    .text               c_p.l(sys_stackheap_outer.o)
    0x08000e34   0x00000010   Code   RO         9834    .text               c_p.l(exit.o)
    0x08000e44   0x00000008   Code   RO         9846    .text               c_p.l(libspace.o)
    0x08000e4c   0x0000000c   Code   RO         9903    .text               c_p.l(sys_exit.o)
    0x08000e58   0x00000002   Code   RO         9922    .text               c_p.l(use_no_semi.o)
    0x08000e5a   0x00000000   Code   RO         9924    .text               c_p.l(indicate_semi.o)
    0x08000e5a   0x00000056   Code   RO         9976    .text               c_p.l(__dczerorl2.o)
    0x08000eb0   0x00000020   Code   RO         3192    i.ADC1_COMP_IRQHandler  stm32l0xx_it.o
    0x08000ed0   0x00000010   Code   RO         3195    i.EXTI0_1_IRQHandler  stm32l0xx_it.o
    0x08000ee0   0x00000010   Code   RO         3196    i.EXTI2_3_IRQHandler  stm32l0xx_it.o
    0x08000ef0   0x00000010   Code   RO         3197    i.EXTI4_15_IRQHandler  stm32l0xx_it.o
    0x08000f00   0x000000bc   Code   RO         4436    i.FLASH_WaitForLastOperation  stm32l0xx_hal_flash.o
    0x08000fbc   0x000000b8   Code   RO         3884    i.HAL_ADCEx_Calibration_Start  stm32l0xx_hal_adc_ex.o
    0x08001074   0x00000002   Code   RO         3674    i.HAL_ADC_ConvCpltCallback  stm32l0xx_hal_adc.o
    0x08001076   0x00000002   Code   RO         3677    i.HAL_ADC_ErrorCallback  stm32l0xx_hal_adc.o
    0x08001078   0x00000006   Code   RO         3679    i.HAL_ADC_GetState  stm32l0xx_hal_adc.o
    0x0800107e   0x00000008   Code   RO         3680    i.HAL_ADC_GetValue  stm32l0xx_hal_adc.o
    0x08001086   0x00000116   Code   RO         3681    i.HAL_ADC_IRQHandler  stm32l0xx_hal_adc.o
    0x0800119c   0x00000234   Code   RO         3682    i.HAL_ADC_Init      stm32l0xx_hal_adc.o
    0x080013d0   0x00000002   Code   RO         3683    i.HAL_ADC_LevelOutOfWindowCallback  stm32l0xx_hal_adc.o
    0x080013d2   0x00000002   PAD
    0x080013d4   0x0000001c   Code   RO         8609    i.HAL_ADC_MspInit   m_adc.o
    0x080013f0   0x000000e4   Code   RO         3686    i.HAL_ADC_PollForConversion  stm32l0xx_hal_adc.o
    0x080014d4   0x00000078   Code   RO         3688    i.HAL_ADC_Start     stm32l0xx_hal_adc.o
    0x0800154c   0x00000050   Code   RO         3691    i.HAL_ADC_Stop      stm32l0xx_hal_adc.o
    0x0800159c   0x00000064   Code   RO         3948    i.HAL_COMP_IRQHandler  stm32l0xx_hal_comp.o
    0x08001600   0x00000002   Code   RO         3957    i.HAL_COMP_TriggerCallback  stm32l0xx_hal_comp.o
    0x08001602   0x00000002   PAD
    0x08001604   0x00000014   Code   RO         4440    i.HAL_FLASH_Lock    stm32l0xx_hal_flash.o
    0x08001618   0x0000004c   Code   RO         4447    i.HAL_FLASH_Unlock  stm32l0xx_hal_flash.o
    0x08001664   0x00000128   Code   RO         4816    i.HAL_GPIO_DeInit   stm32l0xx_hal_gpio.o
    0x0800178c   0x000001f8   Code   RO         4819    i.HAL_GPIO_Init     stm32l0xx_hal_gpio.o
    0x08001984   0x0000000c   Code   RO         4823    i.HAL_GPIO_WritePin  stm32l0xx_hal_gpio.o
    0x08001990   0x0000000c   Code   RO         3198    i.HAL_GetTick       stm32l0xx_it.o
    0x0800199c   0x00000010   Code   RO         3199    i.HAL_IncTick       stm32l0xx_it.o
    0x080019ac   0x00000030   Code   RO         7301    i.HAL_InitTick      m_clock_config.o
    0x080019dc   0x0000008c   Code   RO         4956    i.HAL_LCD_Clear     stm32l0xx_hal_lcd.o
    0x08001a68   0x00000124   Code   RO         4960    i.HAL_LCD_Init      stm32l0xx_hal_lcd.o
    0x08001b8c   0x00000028   Code   RO         8421    i.HAL_LCD_MspInit   m_lcd_hal.o
    0x08001bb4   0x00000062   Code   RO         4963    i.HAL_LCD_UpdateDisplayRequest  stm32l0xx_hal_lcd.o
    0x08001c16   0x00000098   Code   RO         4964    i.HAL_LCD_Write     stm32l0xx_hal_lcd.o
    0x08001cae   0x00000002   PAD
    0x08001cb0   0x00000018   Code   RO         4080    i.HAL_NVIC_DisableIRQ  stm32l0xx_hal_cortex.o
    0x08001cc8   0x00000018   Code   RO         4081    i.HAL_NVIC_EnableIRQ  stm32l0xx_hal_cortex.o
    0x08001ce0   0x00000012   Code   RO         4085    i.HAL_NVIC_SetPriority  stm32l0xx_hal_cortex.o
    0x08001cf2   0x00000002   PAD
    0x08001cf4   0x00000014   Code   RO         5260    i.HAL_PWREx_EnableFastWakeUp  stm32l0xx_hal_pwr_ex.o
    0x08001d08   0x00000014   Code   RO         5262    i.HAL_PWREx_EnableUltraLowPower  stm32l0xx_hal_pwr_ex.o
    0x08001d1c   0x00000014   Code   RO         5131    i.HAL_PWR_EnableBkUpAccess  stm32l0xx_hal_pwr.o
    0x08001d30   0x0000003c   Code   RO         5136    i.HAL_PWR_EnterSLEEPMode  stm32l0xx_hal_pwr.o
    0x08001d6c   0x00000048   Code   RO         5138    i.HAL_PWR_EnterSTOPMode  stm32l0xx_hal_pwr.o
    0x08001db4   0x00000270   Code   RO         5433    i.HAL_RCCEx_PeriphCLKConfig  stm32l0xx_hal_rcc_ex.o
    0x08002024   0x000001d8   Code   RO         5314    i.HAL_RCC_ClockConfig  stm32l0xx_hal_rcc.o
    0x080021fc   0x0000002c   Code   RO         5318    i.HAL_RCC_GetHCLKFreq  stm32l0xx_hal_rcc.o
    0x08002228   0x00000024   Code   RO         5320    i.HAL_RCC_GetPCLK1Freq  stm32l0xx_hal_rcc.o
    0x0800224c   0x00000024   Code   RO         5321    i.HAL_RCC_GetPCLK2Freq  stm32l0xx_hal_rcc.o
    0x08002270   0x000000ec   Code   RO         5322    i.HAL_RCC_GetSysClockFreq  stm32l0xx_hal_rcc.o
    0x0800235c   0x00000680   Code   RO         5325    i.HAL_RCC_OscConfig  stm32l0xx_hal_rcc.o
    0x080029dc   0x00000038   Code   RO         5539    i.HAL_RNG_DeInit    stm32l0xx_hal_rng.o
    0x08002a14   0x0000007c   Code   RO         5541    i.HAL_RNG_GenerateRandomNumber  stm32l0xx_hal_rng.o
    0x08002a90   0x0000004c   Code   RO         5547    i.HAL_RNG_Init      stm32l0xx_hal_rng.o
    0x08002adc   0x00000084   Code   RO         8223    i.HAL_RNG_MspDeInit  m_rng.o
    0x08002b60   0x0000005c   Code   RO         8224    i.HAL_RNG_MspInit   m_rng.o
    0x08002bbc   0x000000ae   Code   RO         5805    i.HAL_RTCEx_DeactivateWakeUpTimer  stm32l0xx_hal_rtc_ex.o
    0x08002c6a   0x00000002   PAD
    0x08002c6c   0x0000014c   Code   RO         5825    i.HAL_RTCEx_SetWakeUpTimer_IT  stm32l0xx_hal_rtc_ex.o
    0x08002db8   0x00000070   Code   RO         7901    i.HAL_RTCEx_WakeUpTimerEventCallback  m_rtc.o
    0x08002e28   0x00000044   Code   RO         5832    i.HAL_RTCEx_WakeUpTimerIRQHandler  stm32l0xx_hal_rtc_ex.o
    0x08002e6c   0x000000c8   Code   RO         5652    i.HAL_RTC_Init      stm32l0xx_hal_rtc.o
    0x08002f34   0x00000078   Code   RO         7903    i.HAL_RTC_MspInit   m_rtc.o
    0x08002fac   0x00000130   Code   RO         5658    i.HAL_RTC_SetDate   stm32l0xx_hal_rtc.o
    0x080030dc   0x00000154   Code   RO         5659    i.HAL_RTC_SetTime   stm32l0xx_hal_rtc.o
    0x08003230   0x0000003c   Code   RO         5660    i.HAL_RTC_WaitForSynchro  stm32l0xx_hal_rtc.o
    0x0800326c   0x00000038   Code   RO         6115    i.HAL_TIM_Base_Init  stm32l0xx_hal_tim.o
    0x080032a4   0x00000028   Code   RO         8715    i.HAL_TIM_Base_MspInit  m_timer.o
    0x080032cc   0x0000001e   Code   RO         6120    i.HAL_TIM_Base_Start_IT  stm32l0xx_hal_tim.o
    0x080032ea   0x00000002   PAD
    0x080032ec   0x00000034   Code   RO         6123    i.HAL_TIM_Base_Stop_IT  stm32l0xx_hal_tim.o
    0x08003320   0x00000002   Code   RO         6144    i.HAL_TIM_IC_CaptureCallback  stm32l0xx_hal_tim.o
    0x08003322   0x0000017c   Code   RO         6157    i.HAL_TIM_IRQHandler  stm32l0xx_hal_tim.o
    0x0800349e   0x00000002   Code   RO         6160    i.HAL_TIM_OC_DelayElapsedCallback  stm32l0xx_hal_tim.o
    0x080034a0   0x00000002   Code   RO         6187    i.HAL_TIM_PWM_PulseFinishedCallback  stm32l0xx_hal_tim.o
    0x080034a2   0x00000002   PAD
    0x080034a4   0x00000124   Code   RO         8716    i.HAL_TIM_PeriodElapsedCallback  m_timer.o
    0x080035c8   0x00000002   Code   RO         6198    i.HAL_TIM_TriggerCallback  stm32l0xx_hal_tim.o
    0x080035ca   0x00000002   PAD
    0x080035cc   0x00000018   Code   RO         8014    i.HAL_UARTEx_WakeupCallback  m_uart.o
    0x080035e4   0x00000048   Code   RO         6906    i.HAL_UART_DeInit   stm32l0xx_hal_uart.o
    0x0800362c   0x00000040   Code   RO         8015    i.HAL_UART_ErrorCallback  m_uart.o
    0x0800366c   0x00000142   Code   RO         6910    i.HAL_UART_IRQHandler  stm32l0xx_hal_uart.o
    0x080037ae   0x0000007c   Code   RO         6911    i.HAL_UART_Init     stm32l0xx_hal_uart.o
    0x0800382a   0x00000002   PAD
    0x0800382c   0x0000003c   Code   RO         8016    i.HAL_UART_MspDeInit  m_uart.o
    0x08003868   0x0000002c   Code   RO         8017    i.HAL_UART_MspInit  m_uart.o
    0x08003894   0x000000e8   Code   RO         8018    i.HAL_UART_Receive_IT  m_uart.o
    0x0800397c   0x00000002   Code   RO         8020    i.HAL_UART_TxCpltCallback  m_uart.o
    0x0800397e   0x00000008   Code   RO         3201    i.HardFault_Handler  stm32l0xx_it.o
    0x08003986   0x00000036   Code   RO         4965    i.LCD_WaitForSynchro  stm32l0xx_hal_lcd.o
    0x080039bc   0x00000008   Code   RO         3203    i.NMI_Handler       stm32l0xx_it.o
    0x080039c4   0x00000078   Code   RO         7812    i.PostSleepProcessing  m_pwr_mng.o
    0x08003a3c   0x0000001a   Code   RO         5661    i.RTC_Bcd2ToByte    stm32l0xx_hal_rtc.o
    0x08003a56   0x0000001a   Code   RO         5662    i.RTC_ByteToBcd2    stm32l0xx_hal_rtc.o
    0x08003a70   0x00000042   Code   RO         5663    i.RTC_EnterInitMode  stm32l0xx_hal_rtc.o
    0x08003ab2   0x00000002   PAD
    0x08003ab4   0x00000018   Code   RO         3204    i.RTC_IRQHandler    stm32l0xx_it.o
    0x08003acc   0x00000014   Code   RO         3205    i.SysTick_Handler   stm32l0xx_it.o
    0x08003ae0   0x00000068   Code   RO         3426    i.SystemInit        system_stm32l0xx.o
    0x08003b48   0x000000f0   Code   RO         6924    i.UART_AdvFeatureConfig  stm32l0xx_hal_uart.o
    0x08003c38   0x00000060   Code   RO         6925    i.UART_CheckIdleState  stm32l0xx_hal_uart.o
    0x08003c98   0x000003d4   Code   RO         6926    i.UART_SetConfig    stm32l0xx_hal_uart.o
    0x0800406c   0x00000100   Code   RO         6927    i.UART_WaitOnFlagUntilTimeout  stm32l0xx_hal_uart.o
    0x0800416c   0x00000018   Code   RO         3207    i.USART1_IRQHandler  stm32l0xx_it.o
    0x08004184   0x00000018   Code   RO         3208    i.USART4_5_IRQHandler  stm32l0xx_it.o
    0x0800419c   0x000000a4   Code   RO         3694    i._Z10ADC_EnableP17ADC_HandleTypeDef  stm32l0xx_hal_adc.o
    0x08004240   0x00000036   Code   RO         8804    i._Z10calc_crc_wtht  crc16_sf.o
    0x08004276   0x00000002   PAD
    0x08004278   0x00000110   Code   RO         1416    i._Z10mtk_at_cmdPhS_S_tj  mtk.o
    0x08004388   0x000000c0   Code   RO            3    i._Z10vTheadMainPv  main.o
    0x08004448   0x0000009c   Code   RO         3695    i._Z11ADC_DisableP17ADC_HandleTypeDef  stm32l0xx_hal_adc.o
    0x080044e4   0x0000007c   Code   RO         3118    i._Z11prvHeapInitv  heap_4.o
    0x08004560   0x00000080   Code   RO         2529    i._Z11prvIdleTaskPv  tasks.o
    0x080045e0   0x00000108   Code   RO          868    i._Z11ui_disp_offv  ui.o
    0x080046e8   0x000000bc   Code   RO          869    i._Z11ui_show_ymdv  ui.o
    0x080047a4   0x00000104   Code   RO          498    i._Z11vTheadEventPv  m_event.o
    0x080048a8   0x000000cc   Code   RO         9327    i._Z12__hal_fi_off18__OVERAGE_VM_STATE  data-protocol-ex.o
    0x08004974   0x0000003c   Code   RO         9472    i._Z12__szrq_crc16Pht  szrq-comm-protocol.o
    0x080049b0   0x000000a4   Code   RO         1417    i._Z12bc26_get_csqv  mtk.o
    0x08004a54   0x00000078   Code   RO         1418    i._Z12bc26_get_verv  mtk.o
    0x08004acc   0x00000084   Code   RO          499    i._Z12flow_processv  m_event.o
    0x08004b50   0x0000004c   Code   RO          500    i._Z12flow_warningv  m_event.o
    0x08004b9c   0x00000050   Code   RO            4    i._Z12init_rtc_x_xv  main.o
    0x08004bec   0x00000012   Code   RO         2530    i._Z12prvDeleteTCBP19tskTaskControlBlock  tasks.o
    0x08004bfe   0x00000002   PAD
    0x08004c00   0x00000050   Code   RO          870    i._Z12ui_disp_dp_mv  ui.o
    0x08004c50   0x0000000c   Code   RO          871    i._Z12ui_disp_dp_vv  ui.o
    0x08004c5c   0x00000020   Code   RO          872    i._Z12ui_head_hidePht  ui.o
    0x08004c7c   0x00000270   Code   RO         1419    i._Z12vTheadNbBc26Pv  mtk.o
    0x08004eec   0x00000080   Code   RO         1420    i._Z13bc26_get_ccidv  mtk.o
    0x08004f6c   0x0000007c   Code   RO         1421    i._Z13bc26_get_cgsnv  mtk.o
    0x08004fe8   0x00000054   Code   RO         1422    i._Z13bc26_get_cimiv  mtk.o
    0x0800503c   0x00000012   Code   RO         1731    i._Z13inHandlerModev  cmsis_os.o
    0x0800504e   0x00000002   Code   RO          873    i._Z13ui_disp_alarmv  ui.o
    0x08005050   0x00000058   Code   RO          874    i._Z13ui_disp_id_hiv  ui.o
    0x080050a8   0x00000030   Code   RO          875    i._Z13ui_disp_id_lov  ui.o
    0x080050d8   0x0000005c   Code   RO          876    i._Z13ui_disp_pricev  ui.o
    0x08005134   0x00000010   Code   RO         8717    i._Z14__x_delay_30usv  m_timer.o
    0x08005144   0x00000018   Code   RO          501    i._Z14buzzer_beap_mst  m_event.o
    0x0800515c   0x000000ac   Code   RO         1618    i._Z14m_flow_calc_mmv  flow-ex.o
    0x08005208   0x0000001e   Code   RO         2326    i._Z14prvIsQueueFullPK15QueueDefinition  queue.o
    0x08005226   0x0000008a   Code   RO         2327    i._Z14prvUnlockQueueP15QueueDefinition  queue.o
    0x080052b0   0x000000b4   Code   RO          502    i._Z14szrq_fi_freezev  m_event.o
    0x08005364   0x00000060   Code   RO          503    i._Z14szrq_fi_reportv  m_event.o
    0x080053c4   0x00000064   Code   RO          877    i._Z14ui_disp_home_mj  ui.o
    0x08005428   0x00000064   Code   RO          878    i._Z14ui_disp_home_vj  ui.o
    0x0800548c   0x000000a8   Code   RO          879    i._Z14ui_disp_menu_mv  ui.o
    0x08005534   0x00000044   Code   RO          504    i._Z14vTheadFlowPulsPv  m_event.o
    0x08005578   0x00000030   Code   RO          505    i._Z14valve_ulock_fiv  m_event.o
    0x080055a8   0x00000050   Code   RO         8021    i._Z15UART_Receive_ITP18UART_HandleTypeDef  m_uart.o
    0x080055f8   0x00000074   Code   RO         9328    i._Z15__hal_cal_pricePbPiPh  data-protocol-ex.o
    0x0800566c   0x00000060   Code   RO         9473    i._Z15__szrq_get_cimiPh  szrq-comm-protocol.o
    0x080056cc   0x00000094   Code   RO         1425    i._Z15bc26_hal_wakeupv  mtk.o
    0x08005760   0x0000025c   Code   RO         1426    i._Z15bc26_send_readyv  mtk.o
    0x080059bc   0x000000b4   Code   RO         1427    i._Z15ipv4_bin_to_strPhS_  mtk.o
    0x08005a70   0x00000068   Code   RO         1619    i._Z15m_flow_calc_dayv  flow-ex.o
    0x08005ad8   0x00000024   Code   RO         1428    i._Z15mtk_time_ms_2_sj  mtk.o
    0x08005afc   0x0000001c   Code   RO         2328    i._Z15prvIsQueueEmptyPK15QueueDefinition  queue.o
    0x08005b18   0x00000068   Code   RO          506    i._Z15szrq_fi_collectv  m_event.o
    0x08005b80   0x00000044   Code   RO          882    i._Z15ui_disp_dp_m_exh  ui.o
    0x08005bc4   0x0000000e   Code   RO          883    i._Z15ui_disp_dp_v_exh  ui.o
    0x08005bd2   0x0000002e   Code   RO          884    i._Z15ui_disp_get_loct  ui.o
    0x08005c00   0x00000050   Code   RO          885    i._Z15ui_uint32_2_strPhit  ui.o
    0x08005c50   0x00000040   Code   RO         9329    i._Z15vThreadDataSavePv  data-protocol-ex.o
    0x08005c90   0x00000078   Code   RO         4091    i._Z16NVIC_SetPriority9IRQn_Typej  stm32l0xx_hal_cortex.o
    0x08005d08   0x0000007a   Code   RO         6930    i._Z16UART_Transmit_ITP18UART_HandleTypeDef  stm32l0xx_hal_uart.o
    0x08005d82   0x00000002   PAD
    0x08005d84   0x0000004c   Code   RO         1620    i._Z16m_flow_calc_hourv  flow-ex.o
    0x08005dd0   0x000000e8   Code   RO         1621    i._Z16m_flow_data_initv  flow-ex.o
    0x08005eb8   0x00000050   Code   RO         8422    i._Z16m_lcd_class_initv  m_lcd_hal.o
    0x08005f08   0x00000040   Code   RO         2910    i._Z16prvTaskExitErrorv  port.o
    0x08005f48   0x00000114   Code   RO          886    i._Z16ui_disp_soft_verv  ui.o
    0x0800605c   0x000000a4   Code   RO         9330    i._Z17__hal_fi_off_redo18__OVERAGE_VM_STATE  data-protocol-ex.o
    0x08006100   0x0000000e   Code   RO         9474    i._Z17__uint32_diff_absjj  szrq-comm-protocol.o
    0x0800610e   0x00000002   PAD
    0x08006110   0x00000094   Code   RO         1430    i._Z17bc26_get_menginfov  mtk.o
    0x080061a4   0x000001e4   Code   RO         1431    i._Z17bc26_hal_power_onv  mtk.o
    0x08006388   0x00000170   Code   RO         1432    i._Z17bc26_register_iotv  mtk.o
    0x080064f8   0x0000002c   Code   RO         1433    i._Z17bc26_register_netv  mtk.o
    0x08006524   0x000000d0   Code   RO         1434    i._Z17bc26_send_processPht  mtk.o
    0x080065f4   0x000000ec   Code   RO          507    i._Z17event_ste_processv  m_event.o
    0x080066e0   0x00000078   Code   RO         8423    i._Z17m_gpio_config_lcdv  m_lcd_hal.o
    0x08006758   0x00000010   Code   RO         8424    i._Z17m_lcd_class_clearv  m_lcd_hal.o
    0x08006768   0x0000000c   Code   RO         1435    i._Z17mtk_disable_sleepv  mtk.o
    0x08006774   0x00000030   Code   RO         1436    i._Z17mtk_hal_pins_initv  mtk.o
    0x080067a4   0x00000068   Code   RO          887    i._Z17ui_disp_current_vv  ui.o
    0x0800680c   0x000000f0   Code   RO          888    i._Z17ui_disp_overage_vv  ui.o
    0x080068fc   0x000000c4   Code   RO          889    i._Z17ui_disp_pay_valuev  ui.o
    0x080069c0   0x0000006c   Code   RO         3698    i._Z18ADC_ConversionStopP17ADC_HandleTypeDef  stm32l0xx_hal_adc.o
    0x08006a2c   0x000000cc   Code   RO         4449    i._Z18FLASH_SetErrorCodev  stm32l0xx_hal_flash.o
    0x08006af8   0x00000084   Code   RO         6212    i._Z18TIM_Base_SetConfigP11TIM_TypeDefP20TIM_Base_InitTypeDef  stm32l0xx_hal_tim.o
    0x08006b7c   0x00000108   Code   RO         9331    i._Z18__hal_sysdata_savev  data-protocol-ex.o
    0x08006c84   0x0000002c   Code   RO         9475    i._Z18__szrq_get_sys_rtcPhP13sysDataTime_t  szrq-comm-protocol.o
    0x08006cb0   0x00000064   Code   RO         9476    i._Z18__szrq_read_freezeP11recordDef_thh  szrq-comm-protocol.o
    0x08006d14   0x00000120   Code   RO         1437    i._Z18bc26_hal_power_offv  mtk.o
    0x08006e34   0x000000f8   Code   RO         1438    i._Z18bc26_received_poolPhtj  mtk.o
    0x08006f2c   0x00000062   Code   RO         7302    i._Z18m_clock_enable_hsiv  m_clock_config.o
    0x08006f8e   0x0000000a   Code   RO         7905    i._Z18m_rtc_error_handlev  m_rtc.o
    0x08006f98   0x00000084   Code   RO         2329    i._Z18prvCopyDataToQueueP15QueueDefinitionPKvl  queue.o
    0x0800701c   0x00000160   Code   RO          890    i._Z18ui_disp_off_reasonv  ui.o
    0x0800717c   0x00000030   Code   RO         6934    i._Z19UART_EndTransmit_ITP18UART_HandleTypeDef  stm32l0xx_hal_uart.o
    0x080071ac   0x0000005c   Code   RO         9332    i._Z19__hal_cal_overage_mv  data-protocol-ex.o
    0x08007208   0x00000030   Code   RO         9333    i._Z19__hal_cal_overage_vv  data-protocol-ex.o
    0x08007238   0x0000001a   Code   RO         9477    i._Z19__szrq_crc16_appendPht  szrq-comm-protocol.o
    0x08007252   0x00000004   Code   RO         9479    i._Z19__szrq_get_pwr_typev  szrq-comm-protocol.o
    0x08007256   0x00000002   PAD
    0x08007258   0x000000c8   Code   RO         9480    i._Z19__szrq_ins_set_pramPhtS_t  szrq-comm-protocol.o
    0x08007320   0x00000108   Code   RO          508    i._Z19event_alarm_processv  m_event.o
    0x08007428   0x0000000a   Code   RO         8610    i._Z19m_adc_error_handlerv  m_adc.o
    0x08007432   0x00000036   Code   RO         7303    i._Z19m_clock_disable_hsiv  m_clock_config.o
    0x08007468   0x00000014   Code   RO         7304    i._Z19m_clock_disable_msiv  m_clock_config.o
    0x0800747c   0x0000002c   Code   RO          891    i._Z19ui_disp_ir_receivedv  ui.o
    0x080074a8   0x00000068   Code   RO          894    i._Z19ui_disp_main_v_modej  ui.o
    0x08007510   0x00000034   Code   RO          895    i._Z19ui_disp_vavle_statev  ui.o
    0x08007544   0x00000024   Code   RO         2911    i._Z19xPortSysTickHandlerv  port.o
    0x08007568   0x0000002c   Code   RO         3700    i._Z20ADC_DelayMicroSecondj  stm32l0xx_hal_adc.o
    0x08007594   0x000000a8   Code   RO         8871    i._Z20__YYMMDD_to_int32daythh  time-stamp.o
    0x0800763c   0x00000004   Code   RO         9334    i._Z20__hal_cal_fi_holidayv  data-protocol-ex.o
    0x08007640   0x00000028   Code   RO         8872    i._Z20__hhmmss_to_int32sechhh  time-stamp.o
    0x08007668   0x00000048   Code   RO         8873    i._Z20__int32sec_to_hhmmssjPhS_S_  time-stamp.o
    0x080076b0   0x00000050   Code   RO         9481    i._Z20__szrq_get_warn_typev  szrq-comm-protocol.o
    0x08007700   0x0000002c   Code   RO         8874    i._Z20dt_format_bcd_to_hexP13sysDataTime_t  time-stamp.o
    0x0800772c   0x0000002c   Code   RO         8875    i._Z20dt_format_hex_to_bcdP13sysDataTime_t  time-stamp.o
    0x08007758   0x00000018   Code   RO          510    i._Z20event_process_unlockv  m_event.o
    0x08007770   0x00000002   Code   RO          511    i._Z20event_rtc_change_dayv  m_event.o
    0x08007772   0x00000002   PAD
    0x08007774   0x00000060   Code   RO         8022    i._Z20m_gpio_config_usart4v  m_uart.o
    0x080077d4   0x00000028   Code   RO            6    i._Z20m_thread_create_mainv  main.o
    0x080077fc   0x0000000e   Code   RO         1733    i._Z20makeFreeRtosPriority10osPriority  cmsis_os.o
    0x0800780a   0x0000002c   Code   RO         2330    i._Z20prvCopyDataFromQueueP15QueueDefinitionPv  queue.o
    0x08007836   0x00000002   PAD
    0x08007838   0x00000048   Code   RO          896    i._Z20ui_disp_main_nb_sendj  ui.o
    0x08007880   0x00000110   Code   RO          897    i._Z20ui_disp_overage_m_exv  ui.o
    0x08007990   0x000000ec   Code   RO          899    i._Z20ui_szrq_disp_balancev  ui.o
    0x08007a7c   0x00000078   Code   RO         9335    i._Z21__hal_cal_warning_offv  data-protocol-ex.o
    0x08007af4   0x00000048   Code   RO         9482    i._Z21__szrq_get_off_reasonv  szrq-comm-protocol.o
    0x08007b3c   0x000000a8   Code   RO         9483    i._Z21__szrq_ins_common_rspPhtS_t  szrq-comm-protocol.o
    0x08007be4   0x000000b8   Code   RO         9484    i._Z21__szrq_ins_valve_ctrlPhtS_t  szrq-comm-protocol.o
    0x08007c9c   0x0000001c   Code   RO          512    i._Z21app_valve_on_msg_sendv  m_event.o
    0x08007cb8   0x00000008   Code   RO          513    i._Z21event_rtc_change_hourv  m_event.o
    0x08007cc0   0x00000078   Code   RO          514    i._Z21event_rtc_date_time_xv  m_event.o
    0x08007d38   0x00000154   Code   RO          515    i._Z21event_rtc_process_secv  m_event.o
    0x08007e8c   0x00000078   Code   RO         8611    i._Z21m_gpio_config_adcin11v  m_adc.o
    0x08007f04   0x0000000a   Code   RO         8718    i._Z21m_timer_error_handlerv  m_timer.o
    0x08007f0e   0x0000000a   Code   RO         8023    i._Z21m_uart4_error_handlerv  m_uart.o
    0x08007f18   0x00000048   Code   RO          900    i._Z21ui_disp_main_vavle_onj  ui.o
    0x08007f60   0x00000028   Code   RO         9485    i._Z22__szrq_get_batPercent0v  szrq-comm-protocol.o
    0x08007f88   0x00000006   Code   RO         9486    i._Z22__szrq_get_batPercent1v  szrq-comm-protocol.o
    0x08007f8e   0x00000002   PAD
    0x08007f90   0x0000003c   Code   RO         9487    i._Z22__szrq_ins_read_freezePhtS_t  szrq-comm-protocol.o
    0x08007fcc   0x0000001c   Code   RO          516    i._Z22app_valve_off_msg_sendv  m_event.o
    0x08007fe8   0x0000010c   Code   RO          517    i._Z22event_key_down_processv  m_event.o
    0x080080f4   0x000000f4   Code   RO         1623    i._Z22m_flow_no_flow_protectv  flow-ex.o
    0x080081e8   0x00000046   Code   RO         2531    i._Z22prvAllocateTCBAndStacktPj  tasks.o
    0x0800822e   0x00000002   PAD
    0x08008230   0x00000038   Code   RO         2532    i._Z22prvGetExpectedIdleTimev  tasks.o
    0x08008268   0x00000064   Code   RO         2533    i._Z22prvInitialiseTaskListsv  tasks.o
    0x080082cc   0x0000001c   Code   RO          901    i._Z22ui_disp_buy_gas_promptv  ui.o
    0x080082e8   0x00000048   Code   RO          902    i._Z22ui_disp_main_nb_attackj  ui.o
    0x08008330   0x00000048   Code   RO          903    i._Z22ui_disp_main_vavle_offj  ui.o
    0x08008378   0x0000003c   Code   RO          904    i._Z22ui_disp_voltage_promitv  ui.o
    0x080083b4   0x00000034   Code   RO         9336    i._Z23__hal_calc_total_volumev  data-protocol-ex.o
    0x080083e8   0x00000044   Code   RO         9488    i._Z23__szrq_get_valve_statusv  szrq-comm-protocol.o
    0x0800842c   0x000000a4   Code   RO         9489    i._Z23__szrq_ins_sync_balancePhtS_t  szrq-comm-protocol.o
    0x080084d0   0x000000b0   Code   RO          519    i._Z23even_key_down_super_payv  m_event.o
    0x08008580   0x00000018   Code   RO          520    i._Z23even_send_msg_to_rf_offv  m_event.o
    0x08008598   0x00000014   Code   RO          521    i._Z23event_rtc_change_minutev  m_event.o
    0x080085ac   0x00000002   Code   RO          522    i._Z23event_rtc_change_secondv  m_event.o
    0x080085ae   0x00000002   PAD
    0x080085b0   0x00000094   Code   RO            7    i._Z23pre_star_thread_main_00v  main.o
    0x08008644   0x00000060   Code   RO            8    i._Z23pre_star_thread_main_01v  main.o
    0x080086a4   0x00000064   Code   RO          905    i._Z23ui_disp_main_m_mode_15Ev  ui.o
    0x08008708   0x00000018   Code   RO         9338    i._Z24__hal_cal_get_flow_pulsev  data-protocol-ex.o
    0x08008720   0x00000068   Code   RO          524    i._Z24even_key_down_connect_irv  m_event.o
    0x08008788   0x000000a4   Code   RO          525    i._Z24even_key_down_valve_ctrlv  m_event.o
    0x0800882c   0x00000064   Code   RO          526    i._Z24event_no_network_processv  m_event.o
    0x08008890   0x00000054   Code   RO         8024    i._Z24m_uart_received_msg_postv  m_uart.o
    0x080088e4   0x00000120   Code   RO          527    i._Z24szrq_calc_next_report_tmv  m_event.o
    0x08008a04   0x00000064   Code   RO          907    i._Z24ui_disp_home_comm_readerj  ui.o
    0x08008a68   0x00000048   Code   RO          908    i._Z24ui_disp_main_nb_receivedj  ui.o
    0x08008ab0   0x000000ac   Code   RO          909    i._Z24ui_disp_menu_comm_readerv  ui.o
    0x08008b5c   0x000000e8   Code   RO          910    i._Z24ui_szrq_disp_overage_volv  ui.o
    0x08008c44   0x0000004c   Code   RO         9339    i._Z25__hal_cal_overage_v_for_mv  data-protocol-ex.o
    0x08008c90   0x00000028   Code   RO         9490    i._Z25__szrq_ins_read_all_paramPhtS_t  szrq-comm-protocol.o
    0x08008cb8   0x000000a4   Code   RO         9491    i._Z25__szrq_ins_set_comm_paramPhtS_t  szrq-comm-protocol.o
    0x08008d5c   0x000000d0   Code   RO         9492    i._Z25__szrq_ins_set_warn_paramPhtS_t  szrq-comm-protocol.o
    0x08008e2c   0x00000074   Code   RO          528    i._Z25even_key_down_connect_udpv  m_event.o
    0x08008ea0   0x00000110   Code   RO          529    i._Z25event_process_ir_receivedv  m_event.o
    0x08008fb0   0x000000d8   Code   RO         1624    i._Z25m_flow_hight_flow_protectj  flow-ex.o
    0x08009088   0x00000060   Code   RO         7547    i._Z25m_gpio_exti0_1_irqhandlerv  m_gpio_config.o
    0x080090e8   0x000000e4   Code   RO         7548    i._Z25m_gpio_exti2_3_irqhandlerv  m_gpio_config.o
    0x080091cc   0x0000005c   Code   RO         2535    i._Z25prvInitialiseTCBVariablesP19tskTaskControlBlockPKcmPK14xMEMORY_REGIONt  tasks.o
    0x08009228   0x0000007c   Code   RO          530    i._Z25szrq_calc_next_collect_tmv  m_event.o
    0x080092a4   0x00000048   Code   RO          911    i._Z25ui_disp_main_nb_enter_psmj  ui.o
    0x080092ec   0x000000a4   Code   RO         9493    i._Z26__szrq_ins_set_report_pramPhtS_t  szrq-comm-protocol.o
    0x08009390   0x00000124   Code   RO          531    i._Z26check_vavle_open_conditionv  m_event.o
    0x080094b4   0x0000000c   Code   RO          532    i._Z26event_disable_sleep_in_lwpv  m_event.o
    0x080094c0   0x00000014   Code   RO         1625    i._Z26m_flow_no_pulse_timer_initv  flow-ex.o
    0x080094d4   0x0000008c   Code   RO         7549    i._Z26m_gpio_exti4_15_irqhandlerv  m_gpio_config.o
    0x08009560   0x00000034   Code   RO         7815    i._Z26m_pre_pre_sleep_processingv  m_pwr_mng.o
    0x08009594   0x00000068   Code   RO         3119    i._Z26prvInsertBlockIntoFreeListP12A_BLOCK_LINK  heap_4.o
    0x080095fc   0x0000000c   Code   RO         9495    i._Z27__szrq_disable_sleep_in_lwpv  szrq-comm-protocol.o
    0x08009608   0x000001dc   Code   RO         9496    i._Z27__szrq_load_frame_all_paramPht  szrq-comm-protocol.o
    0x080097e4   0x00000038   Code   RO         2538    i._Z27prvResetNextTaskUnblockTimev  tasks.o
    0x0800981c   0x00000088   Code   RO         9497    i._Z28__szrq_load_frame_base_paramPhtS_t  szrq-comm-protocol.o
    0x080098a4   0x0000005c   Code   RO         9498    i._Z28__szrq_load_frame_comm_paramPhtS_t  szrq-comm-protocol.o
    0x08009900   0x0000009c   Code   RO         9499    i._Z28__szrq_load_frame_valve_ctrlPhth  szrq-comm-protocol.o
    0x0800999c   0x00000074   Code   RO         9500    i._Z28__szrq_load_frame_warn_paramPhtS_t  szrq-comm-protocol.o
    0x08009a10   0x000000f4   Code   RO         9501    i._Z28__szrq_load_sync_balance_rspPht  szrq-comm-protocol.o
    0x08009b04   0x00000130   Code   RO          534    i._Z28event_process_check_batterayv  m_event.o
    0x08009c34   0x0000000a   Code   RO         7309    i._Z28m_clock_config_error_handlerv  m_clock_config.o
    0x08009c3e   0x00000002   PAD
    0x08009c40   0x00000064   Code   RO          912    i._Z28ui_disp_main_common_mode_15Ev  ui.o
    0x08009ca4   0x00000006   Code   RO            9    i._Z28vApplicationMallocFailedHookv  main.o
    0x08009caa   0x00000002   PAD
    0x08009cac   0x0000000c   Code   RO          535    i._Z29event_set_globle_time_out_maxv  m_event.o
    0x08009cb8   0x0000001c   Code   RO         1626    i._Z29m_flow_pulse_timer_table_initv  flow-ex.o
    0x08009cd4   0x00000048   Code   RO          913    i._Z29ui_disp_main_nb_socket_createj  ui.o
    0x08009d1c   0x00000006   Code   RO           10    i._Z29vApplicationStackOverflowHookPvPc  main.o
    0x08009d22   0x0000006a   Code   RO         9502    i._Z30__szrq_load_frame_report_paramPhtS_t  szrq-comm-protocol.o
    0x08009d8c   0x00000054   Code   RO         2539    i._Z30prvAddCurrentTaskToDelayedListj  tasks.o
    0x08009de0   0x00000068   Code   RO         2540    i._Z31prvCheckTasksWaitingTerminationv  tasks.o
    0x08009e48   0x00000058   Code   RO         9503    i._Z33__szrq_load_frame_pop_m_body_swapPht  szrq-comm-protocol.o
    0x08009ea0   0x000000b4   Code   RO          536    i._Z34event_key_down_process_menu_changev  m_event.o
    0x08009f54   0x0000006c   Code   RO         7906    i._Z9m_rtc_setP13sysDataTime_t  m_rtc.o
    0x08009fc0   0x0000001c   Code   RO          848    i.__ARM_common_switch8  m_event.o
    0x08009fdc   0x00000054   Code   RO         9340    i.__hal_calc_all_redo  data-protocol-ex.o
    0x0800a030   0x000000ac   Code   RO         8876    i.__int32day_to_YYMMDD  time-stamp.o
    0x0800a0dc   0x00000114   Code   RO         9504    i.__szrq_load_frame_freeze  szrq-comm-protocol.o
    0x0800a1f0   0x00000058   Code   RO         9505    i.__szrq_load_frame_header  szrq-comm-protocol.o
    0x0800a248   0x000002ac   Code   RO         9506    i.__szrq_load_frame_pop_m  szrq-comm-protocol.o
    0x0800a4f4   0x000001c0   Code   RO         9507    i.__szrq_load_frame_pop_s  szrq-comm-protocol.o
    0x0800a6b4   0x0000019c   Code   RO         9508    i.__szrq_load_frame_warn_report  szrq-comm-protocol.o
    0x0800a850   0x00000114   Code   RO         9509    i.__szrq_received_process  szrq-comm-protocol.o
    0x0800a964   0x000000d8   Code   RO         9341    i.api_calc_all      data-protocol-ex.o
    0x0800aa3c   0x0000001c   Code   RO         7907    i.api_rtc_set       m_rtc.o
    0x0800aa58   0x00000064   Code   RO         9343    i.api_sysdata_save  data-protocol-ex.o
    0x0800aabc   0x00000078   Code   RO         1330    i.app_valve_off     valve_api.o
    0x0800ab34   0x000000e0   Code   RO         1331    i.app_valve_on      valve_api.o
    0x0800ac14   0x0000001a   Code   RO         8805    i.crc_append        crc16_sf.o
    0x0800ac2e   0x00000002   PAD
    0x0800ac30   0x00000034   Code   RO         8806    i.crc_sum           crc16_sf.o
    0x0800ac64   0x0000002e   Code   RO         8808    i.crc_verify        crc16_sf.o
    0x0800ac92   0x00000002   PAD
    0x0800ac94   0x00000040   Code   RO         2541    i.eTaskConfirmSleepModeStatus  tasks.o
    0x0800acd4   0x00000038   Code   RO          537    i.even_send_msg_to_start_rf  m_event.o
    0x0800ad0c   0x00000008   Code   RO          539    i.event_process_day_change  m_event.o
    0x0800ad14   0x00000030   Code   RO          540    i.event_start_waite_power_up  m_event.o
    0x0800ad44   0x00000014   Code   RO          914    i.fi_id_writed_in_dlcs_a  ui.o
    0x0800ad58   0x00000020   Code   RO         9144    i.freeze_item_get_num  15e-data-protocol.o
    0x0800ad78   0x000000b8   Code   RO         9147    i.freeze_item_save  15e-data-protocol.o
    0x0800ae30   0x00000040   Code   RO         9151    i.freeze_part_init  15e-data-protocol.o
    0x0800ae70   0x00000050   Code   RO         1366    i.get_battary_rtadc  volt-dec.o
    0x0800aec0   0x00000068   Code   RO         1367    i.get_internal_vref_rtadc  volt-dec.o
    0x0800af28   0x0000007c   Code   RO         1368    i.get_power_status  volt-dec.o
    0x0800afa4   0x00000010   Code   RO         8720    i.ir_disable        m_timer.o
    0x0800afb4   0x0000003c   Code   RO         8721    i.ir_idle_time_hook  m_timer.o
    0x0800aff0   0x00000034   Code   RO         8722    i.ir_received_ready  m_timer.o
    0x0800b024   0x0000003a   Code   RO         8878    i.is_leap_year      time-stamp.o
    0x0800b05e   0x00000002   PAD
    0x0800b060   0x00000078   Code   RO         8612    i.m_adc_init        m_adc.o
    0x0800b0d8   0x0000002c   Code   RO         8613    i.m_adc_polling_read  m_adc.o
    0x0800b104   0x00000030   Code   RO         8614    i.m_adc_start_conversion_first  m_adc.o
    0x0800b134   0x00000028   Code   RO         8615    i.m_adc_stop_conversion_first  m_adc.o
    0x0800b15c   0x00000050   Code   RO         8474    i.m_buzzer_init     m_buzzer.o
    0x0800b1ac   0x00000014   Code   RO         8475    i.m_buzzer_off      m_buzzer.o
    0x0800b1c0   0x00000014   Code   RO         8476    i.m_buzzer_on       m_buzzer.o
    0x0800b1d4   0x00000032   Code   RO         7311    i.m_clock_config_enable_msi  m_clock_config.o
    0x0800b206   0x0000002e   Code   RO         7312    i.m_clock_select_msi  m_clock_config.o
    0x0800b234   0x0000006c   Code   RO         7314    i.m_clock_set_system_clock_hsi  m_clock_config.o
    0x0800b2a0   0x00000054   Code   RO         7315    i.m_clock_set_system_clock_msi  m_clock_config.o
    0x0800b2f4   0x00000078   Code   RO         7519    i.m_flash_write_eeprom  m_flash.o
    0x0800b36c   0x00000030   Code   RO         1627    i.m_flow_all_data_init  flow-ex.o
    0x0800b39c   0x0000006c   Code   RO         1628    i.m_flow_calc_second  flow-ex.o
    0x0800b408   0x00000074   Code   RO         1629    i.m_flow_process_ex  flow-ex.o
    0x0800b47c   0x00000054   Code   RO         1630    i.m_flow_pulse_timer_table_push  flow-ex.o
    0x0800b4d0   0x00000058   Code   RO         7550    i.m_gpio_config_ain_leak_disable  m_gpio_config.o
    0x0800b528   0x00000058   Code   RO         7551    i.m_gpio_config_ain_leak_enable  m_gpio_config.o
    0x0800b580   0x0000004c   Code   RO         7552    i.m_gpio_config_alarm  m_gpio_config.o
    0x0800b5cc   0x00000048   Code   RO         7553    i.m_gpio_config_alarm_dect  m_gpio_config.o
    0x0800b614   0x00000018   Code   RO         7554    i.m_gpio_config_alarm_irq_disable  m_gpio_config.o
    0x0800b62c   0x00000014   Code   RO         7555    i.m_gpio_config_alarm_irq_re_enable  m_gpio_config.o
    0x0800b640   0x00000018   Code   RO         7557    i.m_gpio_config_flow_irq_disable  m_gpio_config.o
    0x0800b658   0x00000014   Code   RO         7558    i.m_gpio_config_flow_irq_re_enable  m_gpio_config.o
    0x0800b66c   0x0000004c   Code   RO         7559    i.m_gpio_config_flow_pin  m_gpio_config.o
    0x0800b6b8   0x0000004c   Code   RO         7560    i.m_gpio_config_key0_irq  m_gpio_config.o
    0x0800b704   0x00000018   Code   RO         7561    i.m_gpio_config_key0_irq_disable  m_gpio_config.o
    0x0800b71c   0x00000014   Code   RO         7562    i.m_gpio_config_key0_irq_re_enable  m_gpio_config.o
    0x0800b730   0x00000058   Code   RO         7564    i.m_gpio_config_ste  m_gpio_config.o
    0x0800b788   0x00000010   Code   RO         7565    i.m_gpio_config_ste_irq_disable  m_gpio_config.o
    0x0800b798   0x00000014   Code   RO         7566    i.m_gpio_config_ste_irq_re_enable  m_gpio_config.o
    0x0800b7ac   0x00000058   Code   RO         7567    i.m_gpio_config_vavle  m_gpio_config.o
    0x0800b804   0x00000054   Code   RO         7568    i.m_gpio_decanti_config  m_gpio_config.o
    0x0800b858   0x00000014   Code   RO         7570    i.m_gpio_exti2_3_enable  m_gpio_config.o
    0x0800b86c   0x00000014   Code   RO         7572    i.m_gpio_exti4_15_enable  m_gpio_config.o
    0x0800b880   0x00000100   Code   RO         7573    i.m_gpio_into_lpw   m_gpio_config.o
    0x0800b980   0x00000054   Code   RO         7574    i.m_gpio_ir_pwr_config  m_gpio_config.o
    0x0800b9d4   0x00000030   Code   RO         7575    i.m_gpio_ir_pwr_off  m_gpio_config.o
    0x0800ba04   0x00000030   Code   RO         7576    i.m_gpio_ir_pwr_on  m_gpio_config.o
    0x0800ba34   0x0000004c   Code   RO         7577    i.m_gpio_ir_sig_comfig  m_gpio_config.o
    0x0800ba80   0x00000018   Code   RO         7578    i.m_gpio_ir_sig_irq_disanle  m_gpio_config.o
    0x0800ba98   0x00000014   Code   RO         7579    i.m_gpio_ir_sig_irq_enanle  m_gpio_config.o
    0x0800baac   0x00000118   Code   RO         7580    i.m_gpio_set_mode   m_gpio_config.o
    0x0800bbc4   0x00000018   Code   RO         7581    i.m_gpio_write      m_gpio_config.o
    0x0800bbdc   0x0000005e   Code   RO         8975    i.m_int_2_str_ex    m_string.o
    0x0800bc3a   0x00000002   PAD
    0x0800bc3c   0x00000014   Code   RO         8278    i.m_lcd_all_off     m_lcd.o
    0x0800bc50   0x00000014   Code   RO         8279    i.m_lcd_all_on      m_lcd.o
    0x0800bc64   0x00000008   Code   RO         8280    i.m_lcd_clear       m_lcd.o
    0x0800bc6c   0x0000009c   Code   RO         8283    i.m_lcd_disp_dig    m_lcd.o
    0x0800bd08   0x00000030   Code   RO         8284    i.m_lcd_disp_seg    m_lcd.o
    0x0800bd38   0x00000050   Code   RO         8285    i.m_lcd_disp_str    m_lcd.o
    0x0800bd88   0x00000060   Code   RO         8286    i.m_lcd_disp_str_refresh  m_lcd.o
    0x0800bde8   0x00000008   Code   RO         8287    i.m_lcd_init        m_lcd.o
    0x0800bdf0   0x00000040   Code   RO         8289    i.m_lcd_ram_set     m_lcd.o
    0x0800be30   0x00000010   Code   RO         8290    i.m_lcd_refresh     m_lcd.o
    0x0800be40   0x0000004c   Code   RO         8292    i.m_lcd_sisp_dp     m_lcd.o
    0x0800be8c   0x00000022   Code   RO         8976    i.m_math_pow        m_string.o
    0x0800beae   0x00000014   Code   RO         8977    i.m_mem_cpy         m_string.o
    0x0800bec2   0x00000014   Code   RO         8978    i.m_mem_cpy_len     m_string.o
    0x0800bed6   0x00000014   Code   RO         8979    i.m_mem_set         m_string.o
    0x0800beea   0x00000002   PAD
    0x0800beec   0x00000034   Code   RO         7816    i.m_pre_pre_stop_processing  m_pwr_mng.o
    0x0800bf20   0x00000040   Code   RO         8225    i.m_rng_generation  m_rng.o
    0x0800bf60   0x00000030   Code   RO         8226    i.m_rng_init        m_rng.o
    0x0800bf90   0x00000010   Code   RO         8227    i.m_rng_reinit      m_rng.o
    0x0800bfa0   0x00000010   Code   RO         7909    i.m_rtc_disable_wakeup  m_rtc.o
    0x0800bfb0   0x00000014   Code   RO         7910    i.m_rtc_enable_wakeup  m_rtc.o
    0x0800bfc4   0x00000084   Code   RO         7911    i.m_rtc_get         m_rtc.o
    0x0800c048   0x0000004c   Code   RO         7912    i.m_rtc_init        m_rtc.o
    0x0800c094   0x0000000c   Code   RO         7913    i.m_soft_wdg_clr    m_rtc.o
    0x0800c0a0   0x00000026   Code   RO         8983    i.m_str_cmp_len     m_string.o
    0x0800c0c6   0x00000020   Code   RO         8984    i.m_str_cpy         m_string.o
    0x0800c0e6   0x00000052   Code   RO         8988    i.m_str_match       m_string.o
    0x0800c138   0x00000052   Code   RO         8989    i.m_str_match_ex    m_string.o
    0x0800c18a   0x00000002   PAD
    0x0800c18c   0x00000028   Code   RO          542    i.m_thread_create_event  m_event.o
    0x0800c1b4   0x00000028   Code   RO          543    i.m_thread_create_flow_puls  m_event.o
    0x0800c1dc   0x0000003c   Code   RO         1440    i.m_thread_create_nb_mtk  mtk.o
    0x0800c218   0x00000050   Code   RO         9344    i.m_thread_create_sysdata  data-protocol-ex.o
    0x0800c268   0x00000010   Code   RO         3210    i.m_timer_2_irqhandler  stm32l0xx_it.o
    0x0800c278   0x00000010   Code   RO         8723    i.m_timer_deinit    m_timer.o
    0x0800c288   0x0000004c   Code   RO         8724    i.m_timer_init      m_timer.o
    0x0800c2d4   0x00000040   Code   RO         8027    i.m_uart4_deinit    m_uart.o
    0x0800c314   0x00000064   Code   RO         8030    i.m_uart4_init      m_uart.o
    0x0800c378   0x00000024   Code   RO         8031    i.m_uart4_received_start  m_uart.o
    0x0800c39c   0x00000024   Code   RO         8033    i.m_uart4_send_byte_poll  m_uart.o
    0x0800c3c0   0x00000002   Code   RO         8035    i.m_uart_received_echo  m_uart.o
    0x0800c3c2   0x00000002   PAD
    0x0800c3c4   0x00000030   Code   RO         8037    i.m_uart_send_str   m_uart.o
    0x0800c3f4   0x0000006c   Code   RO           14    i.main              main.o
    0x0800c460   0x00000038   Code   RO         7817    i.mcu_error_reset   m_pwr_mng.o
    0x0800c498   0x00000076   Code   RO         8990    i.my_scanf_int16    m_string.o
    0x0800c50e   0x0000001a   Code   RO         1734    i.osDelay           cmsis_os.o
    0x0800c528   0x00000016   Code   RO         1738    i.osKernelSysTick   cmsis_os.o
    0x0800c53e   0x00000012   Code   RO         1745    i.osMessageCreate   cmsis_os.o
    0x0800c550   0x000000a4   Code   RO         1746    i.osMessageGet      cmsis_os.o
    0x0800c5f4   0x00000060   Code   RO         1748    i.osMessagePut      cmsis_os.o
    0x0800c654   0x0000000c   Code   RO         1749    i.osMutexCreate     cmsis_os.o
    0x0800c660   0x0000004c   Code   RO         1751    i.osMutexRelease    cmsis_os.o
    0x0800c6ac   0x00000070   Code   RO         1752    i.osMutexWait       cmsis_os.o
    0x0800c71c   0x00000054   Code   RO         1764    i.osSignalSet       cmsis_os.o
    0x0800c770   0x00000070   Code   RO         1765    i.osSignalWait      cmsis_os.o
    0x0800c7e0   0x00000010   Code   RO         1766    i.osSystickHandler  cmsis_os.o
    0x0800c7f0   0x0000003a   Code   RO         1767    i.osThreadCreate    cmsis_os.o
    0x0800c82a   0x00000008   Code   RO         1768    i.osThreadGetId     cmsis_os.o
    0x0800c832   0x00000002   PAD
    0x0800c834   0x00000070   Code   RO         7819    i.prvSetupTimerInterrupt  m_pwr_mng.o
    0x0800c8a4   0x00000154   Code   RO         3120    i.pvPortMalloc      heap_4.o
    0x0800c9f8   0x00000020   Code   RO         2542    i.pvTaskIncrementMutexHeldCount  tasks.o
    0x0800ca18   0x00000020   Code   RO         2913    i.pxPortInitialiseStack  port.o
    0x0800ca38   0x0000006c   Code   RO         9153    i.qc_data_clear_sysdata_to_dcls_b  15e-data-protocol.o
    0x0800caa4   0x00000024   Code   RO         9154    i.qc_data_device_even_lock_clear  15e-data-protocol.o
    0x0800cac8   0x00000018   Code   RO          424    i.qc_data_mutex_create  data.o
    0x0800cae0   0x00000014   Code   RO          425    i.qc_data_read_from_media  data.o
    0x0800caf4   0x0000002c   Code   RO         9155    i.qc_data_realtime_data_clear  15e-data-protocol.o
    0x0800cb20   0x00000118   Code   RO          427    i.qc_data_sysdata_init  data.o
    0x0800cc38   0x00000014   Code   RO          430    i.qc_data_write_to_media  data.o
    0x0800cc4c   0x0000001c   Code   RO         8992    i.swap_uint32       m_string.o
    0x0800cc68   0x00000034   Code   RO         8879    i.system_dt_to_time_stamp  time-stamp.o
    0x0800cc9c   0x00000018   Code   RO         9156    i.szrq_item_get_num  15e-data-protocol.o
    0x0800ccb4   0x0000003c   Code   RO         9157    i.szrq_item_get_unread_num  15e-data-protocol.o
    0x0800ccf0   0x00000078   Code   RO         9158    i.szrq_item_read    15e-data-protocol.o
    0x0800cd68   0x000000b8   Code   RO         9159    i.szrq_item_save    15e-data-protocol.o
    0x0800ce20   0x00000044   Code   RO         9160    i.szrq_item_set_read_loc  15e-data-protocol.o
    0x0800ce64   0x00000028   Code   RO         9161    i.szrq_part_format  15e-data-protocol.o
    0x0800ce8c   0x00000070   Code   RO         8881    i.time_stamp_to_system_dt  time-stamp.o
    0x0800cefc   0x0000002c   Code   RO         8039    i.uart4_idle_time_hook  m_uart.o
    0x0800cf28   0x0000000c   Code   RO         8040    i.uart4_idle_time_reset  m_uart.o
    0x0800cf34   0x000000f8   Code   RO          917    i.ui_disp_comm_rssi  ui.o
    0x0800d02c   0x0000002c   Code   RO          919    i.ui_disp_device_ver  ui.o
    0x0800d058   0x000000a4   Code   RO          920    i.ui_disp_dlc       ui.o
    0x0800d0fc   0x00000074   Code   RO          921    i.ui_disp_menu      ui.o
    0x0800d170   0x00000080   Code   RO          922    i.ui_disp_menu_v    ui.o
    0x0800d1f0   0x00000104   Code   RO          924    i.ui_disp_qn        ui.o
    0x0800d2f4   0x000000a4   Code   RO          925    i.ui_disp_totale_volume  ui.o
    0x0800d398   0x000000bc   Code   RO          929    i.ui_show_hms       ui.o
    0x0800d454   0x00000028   Code   RO         2269    i.uxListRemove      list.o
    0x0800d47c   0x0000001c   Code   RO         2914    i.vAssertCalled     port.o
    0x0800d498   0x0000001a   Code   RO         2270    i.vListInitialise   list.o
    0x0800d4b2   0x00000006   Code   RO         2271    i.vListInitialiseItem  list.o
    0x0800d4b8   0x00000036   Code   RO         2272    i.vListInsert       list.o
    0x0800d4ee   0x00000018   Code   RO         2273    i.vListInsertEnd    list.o
    0x0800d506   0x00000002   PAD
    0x0800d508   0x0000001c   Code   RO         2916    i.vPortEnterCritical  port.o
    0x0800d524   0x00000048   Code   RO         2917    i.vPortExitCritical  port.o
    0x0800d56c   0x000000ac   Code   RO         3121    i.vPortFree         heap_4.o
    0x0800d618   0x00000200   Code   RO         7820    i.vPortSuppressTicksAndSleep  m_pwr_mng.o
    0x0800d818   0x00000018   Code   RO         2919    i.vPortYield        port.o
    0x0800d830   0x0000007c   Code   RO         2550    i.vTaskDelay        tasks.o
    0x0800d8ac   0x0000000c   Code   RO         2553    i.vTaskMissedYield  tasks.o
    0x0800d8b8   0x00000078   Code   RO         2555    i.vTaskPlaceOnEventList  tasks.o
    0x0800d930   0x0000008c   Code   RO         2557    i.vTaskPriorityInherit  tasks.o
    0x0800d9bc   0x00000044   Code   RO         2561    i.vTaskSetTimeOutState  tasks.o
    0x0800da00   0x00000078   Code   RO         2562    i.vTaskStartScheduler  tasks.o
    0x0800da78   0x00000058   Code   RO         2563    i.vTaskStepTick     tasks.o
    0x0800dad0   0x00000010   Code   RO         2565    i.vTaskSuspendAll   tasks.o
    0x0800dae0   0x000000cc   Code   RO         2566    i.vTaskSwitchContext  tasks.o
    0x0800dbac   0x00000038   Code   RO         1332    i.vavle_off_for_start  valve_api.o
    0x0800dbe4   0x0000008c   Code   RO          544    i.vavle_off_from_app  m_event.o
    0x0800dc70   0x00000058   Code   RO          545    i.vavle_on_from_app  m_event.o
    0x0800dcc8   0x00000038   Code   RO         2920    i.xPortStartScheduler  port.o
    0x0800dd00   0x00000078   Code   RO         2341    i.xQueueCreateMutex  queue.o
    0x0800dd78   0x0000009c   Code   RO         2342    i.xQueueGenericCreate  queue.o
    0x0800de14   0x0000019c   Code   RO         2343    i.xQueueGenericReceive  queue.o
    0x0800dfb0   0x000000a0   Code   RO         2344    i.xQueueGenericReset  queue.o
    0x0800e050   0x0000017c   Code   RO         2345    i.xQueueGenericSend  queue.o
    0x0800e1cc   0x000000dc   Code   RO         2346    i.xQueueGenericSendFromISR  queue.o
    0x0800e2a8   0x000000c8   Code   RO         2347    i.xQueueGiveFromISR  queue.o
    0x0800e370   0x000000b8   Code   RO         2352    i.xQueueReceiveFromISR  queue.o
    0x0800e428   0x00000098   Code   RO         2567    i.xTaskCheckForTimeOut  tasks.o
    0x0800e4c0   0x00000164   Code   RO         2568    i.xTaskGenericCreate  tasks.o
    0x0800e624   0x000000fc   Code   RO         2569    i.xTaskGenericNotify  tasks.o
    0x0800e720   0x0000000c   Code   RO         2570    i.xTaskGetCurrentTaskHandle  tasks.o
    0x0800e72c   0x00000024   Code   RO         2571    i.xTaskGetSchedulerState  tasks.o
    0x0800e750   0x0000000c   Code   RO         2572    i.xTaskGetTickCount  tasks.o
    0x0800e75c   0x0000000c   Code   RO         2573    i.xTaskGetTickCountFromISR  tasks.o
    0x0800e768   0x00000160   Code   RO         2574    i.xTaskIncrementTick  tasks.o
    0x0800e8c8   0x00000118   Code   RO         2575    i.xTaskNotifyFromISR  tasks.o
    0x0800e9e0   0x000000bc   Code   RO         2576    i.xTaskNotifyWait   tasks.o
    0x0800ea9c   0x000000b0   Code   RO         2577    i.xTaskPriorityDisinherit  tasks.o
    0x0800eb4c   0x000000ac   Code   RO         2578    i.xTaskRemoveFromEventList  tasks.o
    0x0800ebf8   0x0000010c   Code   RO         2580    i.xTaskResumeAll    tasks.o
    0x0800ed04   0x000000b0   Code   RO         9806    x$fpl$fmul          fz_ps.l(fmul.o)
    0x0800edb4   0x00000000   Code   RO         9813    x$fpl$usenofp       fz_ps.l(usenofp.o)
    0x0800edb4   0x00000014   Data   RO           27    .constdata          main.o
    0x0800edc8   0x00000028   Data   RO          594    .constdata          m_event.o
    0x0800edf0   0x00000011   Data   RO          994    .constdata          ui.o
    0x0800ee01   0x00000003   PAD
    0x0800ee04   0x0000001c   Data   RO         1467    .constdata          mtk.o
    0x0800ee20   0x00000019   Data   RO         3429    .constdata          system_stm32l0xx.o
    0x0800ee39   0x00000010   Data   RO         5339    .constdata          stm32l0xx_hal_rcc.o
    0x0800ee49   0x00000065   Data   RO         8309    .constdata          m_lcd.o
    0x0800eeae   0x00000002   PAD
    0x0800eeb0   0x00000020   Data   RO         8893    .constdata          time-stamp.o
    0x0800eed0   0x00000115   Data   RO         9015    .constdata          m_string.o
    0x0800efe5   0x00000003   PAD
    0x0800efe8   0x00000194   Data   RO         9186    .constdata          15e-data-protocol.o
    0x0800f17c   0x00000024   Data   RO         9363    .constdata          data-protocol-ex.o
    0x0800f1a0   0x00000080   Data   RO         9789    .constdata          fz_ps.l(ddiv.o)
    0x0800f220   0x00000040   Data   RO         9798    .constdata          fz_ps.l(fdiv.o)
    0x0800f260   0x0000000a   Data   RO           28    .conststring        main.o
    0x0800f26a   0x00000002   PAD
    0x0800f26c   0x0000001b   Data   RO          595    .conststring        m_event.o
    0x0800f287   0x00000001   PAD
    0x0800f288   0x00000008   Data   RO         1468    .conststring        mtk.o
    0x0800f290   0x0000000f   Data   RO         9364    .conststring        data-protocol-ex.o
    0x0800f29f   0x00000001   PAD
    0x0800f2a0   0x00000020   Data   RO         9974    Region$$Table       anon$$obj.o


    Execution Region RW_IRAM1 (Base: 0x20000000, Size: 0x000042a0, Max: 0x00005000, ABSOLUTE, COMPRESSED[0x00000040])

    Base Addr    Size         Type   Attr      Idx    E Section Name        Object

    0x20000000   0x00000004   Data   RW           29    .data               main.o
    0x20000004   0x00000010   Data   RW          438    .data               data.o
    0x20000014   0x00000036   Data   RW          596    .data               m_event.o
    0x2000004a   0x0000000a   Data   RW          995    .data               ui.o
    0x20000054   0x00000018   Data   RW         1374    .data               volt-dec.o
    0x2000006c   0x00000023   Data   RW         1469    .data               mtk.o
    0x2000008f   0x00000001   PAD
    0x20000090   0x00000040   Data   RW         1646    .data               flow-ex.o
    0x200000d0   0x00000038   Data   RW         2636    .data               tasks.o
    0x20000108   0x00000010   Data   RW         2933    .data               port.o
    0x20000118   0x00000018   Data   RW         3133    .data               heap_4.o
    0x20000130   0x00000004   Data   RW         3430    .data               system_stm32l0xx.o
    0x20000134   0x00000004   Data   RW         3517    .data               stm32l0xx_hal.o
    0x20000138   0x0000000c   Data   RW         7928    .data               m_rtc.o
    0x20000144   0x00000015   Data   RW         8069    .data               m_uart.o
    0x20000159   0x00000001   PAD
    0x2000015a   0x00000002   Data   RW         8310    .data               m_lcd.o
    0x2000015c   0x0000000c   Data   RW         8736    .data               m_timer.o
    0x20000168   0x0000003d   Data   RW         9187    .data               15e-data-protocol.o
    0x200001a5   0x00000003   PAD
    0x200001a8   0x0000000c   Data   RW         9365    .data               data-protocol-ex.o
    0x200001b4   0x00000016   Data   RW         9549    .data               szrq-comm-protocol.o
    0x200001ca   0x00000002   PAD
    0x200001cc   0x00000135   Zero   RW         1466    .bss                mtk.o
    0x20000301   0x00000003   PAD
    0x20000304   0x00000138   Zero   RW         1644    .bss                flow-ex.o
    0x2000043c   0x000000f0   Zero   RW         2635    .bss                tasks.o
    0x2000052c   0x00003000   Zero   RW         3132    .bss                heap_4.o
    0x2000352c   0x00000024   Zero   RW         3230    .bss                stm32l0xx_it.o
    0x20003550   0x00000018   Zero   RW         4465    .bss                stm32l0xx_hal_flash.o
    0x20003568   0x00000024   Zero   RW         7927    .bss                m_rtc.o
    0x2000358c   0x00000370   Zero   RW         8068    .bss                m_uart.o
    0x200038fc   0x0000000c   Zero   RW         8233    .bss                m_rng.o
    0x20003908   0x0000003c   Zero   RW         8308    .bss                m_lcd.o
    0x20003944   0x00000060   Zero   RW         8623    .bss                m_adc.o
    0x200039a4   0x00000058   Zero   RW         8735    .bss                m_timer.o
    0x200039fc   0x000003c0   Zero   RW         9185    .bss                15e-data-protocol.o
    0x20003dbc   0x00000080   Zero   RW         9548    .bss                szrq-comm-protocol.o
    0x20003e3c   0x00000060   Zero   RW         9847    .bss                c_p.l(libspace.o)
    0x20003e9c   0x00000004   PAD
    0x20003ea0   0x00000200   Zero   RW         3184    HEAP                startup_stm32l073xx.o
    0x200040a0   0x00000200   Zero   RW         3183    STACK               startup_stm32l073xx.o


==============================================================================

Image component sizes


      Code (inc. data)   RO Data    RW Data    ZI Data      Debug   Object Name

       964        102        404         61        960      17233   15e-data-protocol.o
       836         26          0          0          0      24752   cmsis_os.o
       178         10          0          0          0       5709   crc16_sf.o
         0          0          0          0          0      10748   croutine.o
      1708        262         51         12          0      10378   data-protocol-ex.o
       344         42          0         16          0       3153   data.o
      1448        182          0         64        312       8905   flow-ex.o
       740        134          0         24      12288       3827   heap_4.o
       150          0          0          0          0      10234   list.o
       410         48          0          0         96       4451   m_adc.o
       120         22          0          0          0     161425   m_buzzer.o
       518         30          0          0          0     203106   m_clock_config.o
      4944        578         67         54          0      34034   m_event.o
       120         12          0          0          0       1355   m_flash.o
      2268        294          0          0          0      18135   m_gpio_config.o
       592         70        101          2         60       6701   m_lcd.o
       256         44          0          0          0       2581   m_lcd_hal.o
       904         68          0          0          0      12600   m_pwr_mng.o
       352         24          0          0         12       3569   m_rng.o
       634         70          0         12         36       6348   m_rtc.o
       568          0        277          0          0       7737   m_string.o
       578         60          0         12         88       5371   m_timer.o
      1038        140          0         21        880      11104   m_uart.o
       676         80         30          4          0     237591   main.o
      4392        818         36         35        309      28276   mtk.o
       340         90          0         16          0       8067   port.o
       108          6          0          0          0        556   port_1.o
      2204        252          0          0          0      14852   queue.o
        64         28        192          0       1024        696   startup_stm32l073xx.o
         0          0          0          4          0        977   stm32l0xx_hal.o
      1762         32          0          0          0       9559   stm32l0xx_hal_adc.o
       184          0          0          0          0       1382   stm32l0xx_hal_adc_ex.o
       102         10          0          0          0       1701   stm32l0xx_hal_comp.o
       186         22          0          0          0      10578   stm32l0xx_hal_cortex.o
       488         46          0          0         24       5153   stm32l0xx_hal_flash.o
       812         62          0          0          0       3002   stm32l0xx_hal_gpio.o
       736          4          0          0          0       4259   stm32l0xx_hal_lcd.o
       152         20          0          0          0       1808   stm32l0xx_hal_pwr.o
        40          8          0          0          0        993   stm32l0xx_hal_pwr_ex.o
      2488         96         16          0          0       6296   stm32l0xx_hal_rcc.o
       624         14          0          0          0       1492   stm32l0xx_hal_rcc_ex.o
       256          0          0          0          0       2495   stm32l0xx_hal_rng.o
      1022         14          0          0          0       5354   stm32l0xx_hal_rtc.o
       574         16          0          0          0       2706   stm32l0xx_hal_rtc_ex.o
       658         18          0          0          0       5689   stm32l0xx_hal_tim.o
      2260         84          0          0          0       7138   stm32l0xx_hal_uart.o
       232         42          0          0         36     302023   stm32l0xx_it.o
       104         16         25          4          0       1209   system_stm32l0xx.o
      5572        330          0         22        128      51989   szrq-comm-protocol.o
      3964        942          0         56        240      24563   tasks.o
       762         48         32          0          0      10393   time-stamp.o
      5886       1086         17         10          0      27638   ui.o
       400         58          0          0          0       1701   valve_api.o
       308         48          0         24          0       2635   volt-dec.o

    ----------------------------------------------------------------------
     57088       6508       1292        460      16496    1356227   Object Totals
         0          0         32          0          0          0   (incl. Generated)
        62          0         12          7          3          0   (incl. Padding)

    ----------------------------------------------------------------------

      Code (inc. data)   RO Data    RW Data    ZI Data      Debug   Library Member Name

        86          0          0          0          0          0   __dczerorl2.o
         8          0          0          0          0         68   __main.o
         0          0          0          0          0          0   __rtentry.o
        12          0          0          0          0          0   __rtentry2.o
         6          0          0          0          0          0   __rtentry4.o
        60          8          0          0          0          0   __scatter.o
        28          0          0          0          0          0   __scatter_zi.o
        18          0          0          0          0         68   aeabi_memset.o
       346          0          0          0          0         92   aeabi_sdiv.o
        16          0          0          0          0         68   exit.o
         6          0          0          0          0        136   heapauxi.o
         0          0          0          0          0          0   indicate_semi.o
         2          0          0          0          0          0   libinit.o
         2          0          0          0          0          0   libinit2.o
         2          0          0          0          0          0   libshutdown.o
         2          0          0          0          0          0   libshutdown2.o
         8          4          0          0         96         68   libspace.o
        64          0          0          0          0        108   rt_memclr.o
       186          0          0          0          0        144   rt_memcpy.o
         2          0          0          0          0          0   rtexit.o
        10          0          0          0          0          0   rtexit2.o
        12          4          0          0          0         60   sys_exit.o
        62          0          0          0          0         80   sys_stackheap_outer.o
         2          0          0          0          0         68   use_no_semi.o
      1096         26        128          0          0        112   ddiv.o
        72          4          0          0          0         68   dfixui.o
       132          4          0          0          0        100   dfltl.o
       584         26          0          0          0         84   dmul.o
       352         10         64          0          0         92   fdiv.o
        76          0          0          0          0         68   ffixi.o
        48          0          0          0          0         60   ffixui.o
        94          0          0          0          0         92   fflti.o
       176          4          0          0          0         80   fmul.o
         0          0          0          0          0          0   usenofp.o

    ----------------------------------------------------------------------
      3572         90        192          0        100       1716   Library Totals
         2          0          0          0          4          0   (incl. Padding)

    ----------------------------------------------------------------------

      Code (inc. data)   RO Data    RW Data    ZI Data      Debug   Library Name

       940         16          0          0         96        960   c_p.l
      2630         74        192          0          0        756   fz_ps.l

    ----------------------------------------------------------------------
      3572         90        192          0        100       1716   Library Totals

    ----------------------------------------------------------------------

==============================================================================


      Code (inc. data)   RO Data    RW Data    ZI Data      Debug   

     60660       6598       1484        460      16596    1334811   Grand Totals
     60660       6598       1484         64      16596    1334811   ELF Image Totals (compressed)
     60660       6598       1484         64          0          0   ROM Totals

==============================================================================

    Total RO  Size (Code + RO Data)                62144 (  60.69kB)
    Total RW  Size (RW Data + ZI Data)             17056 (  16.66kB)
    Total ROM Size (Code + RO Data + RW Data)      62208 (  60.75kB)

==============================================================================

