Component: ARM Compiler 5.06 update 4 (build 422) Tool: armlink [4d35d2]

==============================================================================

Section Cross References

    main.o(i._Z10vTheadMainPv) refers to main.o(i._Z23pre_star_thread_main_00v) for pre_star_thread_main_00()
    main.o(i._Z10vTheadMainPv) refers to valve_api.o(i.vavle_off_for_start) for vavle_off_for_start
    main.o(i._Z10vTheadMainPv) refers to main.o(i._Z23pre_star_thread_main_01v) for pre_star_thread_main_01()
    main.o(i._Z10vTheadMainPv) refers to ui.o(i.ui_disp_device_ver) for ui_disp_device_ver
    main.o(i._Z10vTheadMainPv) refers to m_lcd.o(i.m_lcd_refresh) for m_lcd_refresh
    main.o(i._Z10vTheadMainPv) refers to m_rtc.o(i.m_rtc_disable_wakeup) for m_rtc_disable_wakeup
    main.o(i._Z10vTheadMainPv) refers to m_rtc.o(i.m_rtc_enable_wakeup) for m_rtc_enable_wakeup
    main.o(i._Z10vTheadMainPv) refers to mtk.o(i.m_thread_create_nb_mtk) for m_thread_create_nb_mtk
    main.o(i._Z10vTheadMainPv) refers to m_event.o(i.m_thread_create_event) for m_thread_create_event
    main.o(i._Z10vTheadMainPv) refers to m_event.o(i.m_thread_create_flow_puls) for m_thread_create_flow_puls
    main.o(i._Z10vTheadMainPv) refers to cmsis_os.o(i.osSignalWait) for osSignalWait
    main.o(i._Z10vTheadMainPv) refers to valve_api.o(i.app_valve_on) for app_valve_on
    main.o(i._Z10vTheadMainPv) refers to valve_api.o(i.app_valve_off) for app_valve_off
    main.o(i._Z10vTheadMainPv) refers to ui.o(.data) for menu
    main.o(i._Z10vTheadMainPv) refers to 15e-data-protocol.o(.data) for flgValveErrSend
    main.o(i._Z12init_rtc_x_xv) refers to m_rtc.o(.data) for stRtcDataTime
    main.o(i._Z12init_rtc_x_xv) refers to m_event.o(.data) for aYearAgo
    main.o(i._Z15m_gpio_led_initv) refers to stm32l0xx_hal_gpio.o(i.HAL_GPIO_Init) for HAL_GPIO_Init
    main.o(i._Z20m_thread_create_mainv) refers to rt_memcpy.o(.emb_text) for __aeabi_memcpy4
    main.o(i._Z20m_thread_create_mainv) refers to cmsis_os.o(i.osThreadCreate) for osThreadCreate
    main.o(i._Z20m_thread_create_mainv) refers to main.o(.constdata) for .constdata
    main.o(i._Z20m_thread_create_mainv) refers to main.o(.data) for vTheadMainID
    main.o(i._Z23pre_star_thread_main_00v) refers to m_gpio_config.o(i.m_gpio_into_lpw) for m_gpio_into_lpw
    main.o(i._Z23pre_star_thread_main_00v) refers to m_rtc.o(i.m_rtc_init) for m_rtc_init
    main.o(i._Z23pre_star_thread_main_00v) refers to main.o(i._Z12init_rtc_x_xv) for init_rtc_x_x()
    main.o(i._Z23pre_star_thread_main_00v) refers to m_buzzer.o(i.m_buzzer_init) for m_buzzer_init
    main.o(i._Z23pre_star_thread_main_00v) refers to m_lcd.o(i.m_lcd_init) for m_lcd_init
    main.o(i._Z23pre_star_thread_main_00v) refers to m_lcd.o(i.m_lcd_all_on) for m_lcd_all_on
    main.o(i._Z23pre_star_thread_main_00v) refers to cmsis_os.o(i.osDelay) for osDelay
    main.o(i._Z23pre_star_thread_main_00v) refers to m_clock_config.o(i.m_clock_set_system_clock_msi) for m_clock_set_system_clock_msi
    main.o(i._Z23pre_star_thread_main_00v) refers to m_pwr_mng.o(i.prvSetupTimerInterrupt) for prvSetupTimerInterrupt
    main.o(i._Z23pre_star_thread_main_00v) refers to m_buzzer.o(i.m_buzzer_on) for m_buzzer_on
    main.o(i._Z23pre_star_thread_main_00v) refers to m_buzzer.o(i.m_buzzer_off) for m_buzzer_off
    main.o(i._Z23pre_star_thread_main_00v) refers to m_lcd.o(i.m_lcd_all_off) for m_lcd_all_off
    main.o(i._Z23pre_star_thread_main_00v) refers to data.o(i.qc_data_mutex_create) for qc_data_mutex_create
    main.o(i._Z23pre_star_thread_main_00v) refers to data-protocol-ex.o(i.m_thread_create_sysdata) for m_thread_create_sysdata
    main.o(i._Z23pre_star_thread_main_00v) refers to data.o(i.qc_data_sysdata_set_default) for qc_data_sysdata_set_default
    main.o(i._Z23pre_star_thread_main_00v) refers to data.o(i.qc_data_sysdata_init) for qc_data_sysdata_init
    main.o(i._Z23pre_star_thread_main_00v) refers to m_string.o(i.m_str_cmp_len) for m_str_cmp_len
    main.o(i._Z23pre_star_thread_main_00v) refers to m_string.o(i.m_mem_cpy_len) for m_mem_cpy_len
    main.o(i._Z23pre_star_thread_main_00v) refers to data-protocol-ex.o(i.api_calc_all) for api_calc_all
    main.o(i._Z23pre_star_thread_main_00v) refers to szrq-comm-protocol.o(.data) for szrqDefaultSever
    main.o(i._Z23pre_star_thread_main_00v) refers to 15e-data-protocol.o(.bss) for sysData
    main.o(i._Z23pre_star_thread_main_00v) refers to 15e-data-protocol.o(.data) for rtVolumeRefreshFlag
    main.o(i._Z23pre_star_thread_main_01v) refers to m_gpio_config.o(i.m_gpio_config_flow_pin) for m_gpio_config_flow_pin
    main.o(i._Z23pre_star_thread_main_01v) refers to m_gpio_config.o(i.m_gpio_config_key0_irq) for m_gpio_config_key0_irq
    main.o(i._Z23pre_star_thread_main_01v) refers to m_gpio_config.o(i.m_gpio_config_alarm_dect) for m_gpio_config_alarm_dect
    main.o(i._Z23pre_star_thread_main_01v) refers to m_gpio_config.o(i.m_gpio_config_alarm) for m_gpio_config_alarm
[...]
    qc_data_device_even_lock_clear           0x0800c87d   Thumb Code    30  15e-data-protocol.o(i.qc_data_device_even_lock_clear)
    qc_data_mutex_create                     0x0800c8a1   Thumb Code    18  data.o(i.qc_data_mutex_create)
    qc_data_read_from_media                  0x0800c8b9   Thumb Code    20  data.o(i.qc_data_read_from_media)
    qc_data_realtime_data_clear              0x0800c8cd   Thumb Code    26  15e-data-protocol.o(i.qc_data_realtime_data_clear)
    qc_data_sysdata_init                     0x0800c8f9   Thumb Code   248  data.o(i.qc_data_sysdata_init)
    qc_data_sysdata_set_default              0x0800ca15   Thumb Code   100  data.o(i.qc_data_sysdata_set_default)
    qc_data_write_to_media                   0x0800ca8d   Thumb Code    20  data.o(i.qc_data_write_to_media)
    rf_send_fifo_delete_tail                 0x0800caa1   Thumb Code    66  data.o(i.rf_send_fifo_delete_tail)
    rf_send_fifo_format                      0x0800cae9   Thumb Code    36  data.o(i.rf_send_fifo_format)
    rf_send_fifo_get_tail                    0x0800cb11   Thumb Code   136  data.o(i.rf_send_fifo_get_tail)
    rf_send_fifo_init                        0x0800cb9d   Thumb Code    58  data.o(i.rf_send_fifo_init)
    rf_send_fifo_push                        0x0800cbdd   Thumb Code   210  data.o(i.rf_send_fifo_push)
    swap_uint32                              0x0800ccb5   Thumb Code    28  m_string.o(i.swap_uint32)
    system_dt_to_time_stamp                  0x0800ccd1   Thumb Code    48  time-stamp.o(i.system_dt_to_time_stamp)
    szrq_item_get_num                        0x0800cd05   Thumb Code    18  data.o(i.szrq_item_get_num)
    szrq_item_get_unread_num                 0x0800cd1d   Thumb Code    56  data.o(i.szrq_item_get_unread_num)
    szrq_item_read                           0x0800cd59   Thumb Code   114  data.o(i.szrq_item_read)
    szrq_item_save                           0x0800cdd1   Thumb Code   164  data.o(i.szrq_item_save)
    szrq_item_set_read_loc                   0x0800ce89   Thumb Code    64  data.o(i.szrq_item_set_read_loc)
    szrq_part_format                         0x0800cecd   Thumb Code    36  data.o(i.szrq_part_format)
    time_stamp_to_system_dt                  0x0800cef5   Thumb Code   106  time-stamp.o(i.time_stamp_to_system_dt)
    ui_disp_device_ver                       0x0800cf65   Thumb Code    32  ui.o(i.ui_disp_device_ver)
    ui_disp_menu                             0x0800cf91   Thumb Code   270  ui.o(i.ui_disp_menu)
    uxListRemove                             0x0800d0b9   Thumb Code    40  list.o(i.uxListRemove)
    vAssertCalled                            0x0800d0e1   Thumb Code    28  port.o(i.vAssertCalled)
    vListInitialise                          0x0800d0fd   Thumb Code    26  list.o(i.vListInitialise)
    vListInitialiseItem                      0x0800d117   Thumb Code     6  list.o(i.vListInitialiseItem)
    vListInsert                              0x0800d11d   Thumb Code    54  list.o(i.vListInsert)
    vListInsertEnd                           0x0800d153   Thumb Code    24  list.o(i.vListInsertEnd)
    vPortEnterCritical                       0x0800d16d   Thumb Code    22  port.o(i.vPortEnterCritical)
    vPortExitCritical                        0x0800d189   Thumb Code    42  port.o(i.vPortExitCritical)
    vPortFree                                0x0800d1d1   Thumb Code   128  heap_4.o(i.vPortFree)
    vPortSuppressTicksAndSleep               0x0800d27d   Thumb Code   484  m_pwr_mng.o(i.vPortSuppressTicksAndSleep)
    vPortYield                               0x0800d47d   Thumb Code    18  port.o(i.vPortYield)
    vTaskDelay                               0x0800d495   Thumb Code    78  tasks.o(i.vTaskDelay)
    vTaskMissedYield                         0x0800d511   Thumb Code     8  tasks.o(i.vTaskMissedYield)
    vTaskPlaceOnEventList                    0x0800d51d   Thumb Code    74  tasks.o(i.vTaskPlaceOnEventList)
    vTaskPriorityInherit                     0x0800d595   Thumb Code   128  tasks.o(i.vTaskPriorityInherit)
    vTaskSetTimeOutState                     0x0800d621   Thumb Code    32  tasks.o(i.vTaskSetTimeOutState)
    vTaskStartScheduler                      0x0800d665   Thumb Code    66  tasks.o(i.vTaskStartScheduler)
    vTaskStepTick                            0x0800d6dd   Thumb Code    48  tasks.o(i.vTaskStepTick)
    vTaskSuspendAll                          0x0800d735   Thumb Code    12  tasks.o(i.vTaskSuspendAll)
    vTaskSwitchContext                       0x0800d745   Thumb Code   152  tasks.o(i.vTaskSwitchContext)
    vavle_off_for_start                      0x0800d811   Thumb Code    52  valve_api.o(i.vavle_off_for_start)
    vavle_off_from_app                       0x0800d849   Thumb Code    92  m_event.o(i.vavle_off_from_app)
    vavle_on_from_app                        0x0800d8ad   Thumb Code    34  m_event.o(i.vavle_on_from_app)
    xPortStartScheduler                      0x0800d8d9   Thumb Code    48  port.o(i.xPortStartScheduler)
    xQueueCreateMutex                        0x0800d911   Thumb Code    92  queue.o(i.xQueueCreateMutex)
    xQueueGenericCreate                      0x0800d989   Thumb Code   128  queue.o(i.xQueueGenericCreate)
    xQueueGenericReceive                     0x0800da25   Thumb Code   378  queue.o(i.xQueueGenericReceive)
    xQueueGenericReset                       0x0800dbc1   Thumb Code   130  queue.o(i.xQueueGenericReset)
    xQueueGenericSend                        0x0800dc61   Thumb Code   348  queue.o(i.xQueueGenericSend)
    xQueueGenericSendFromISR                 0x0800dddd   Thumb Code   188  queue.o(i.xQueueGenericSendFromISR)
    xQueueGiveFromISR                        0x0800deb9   Thumb Code   166  queue.o(i.xQueueGiveFromISR)
    xQueueReceiveFromISR                     0x0800df81   Thumb Code   150  queue.o(i.xQueueReceiveFromISR)
    xTaskCheckForTimeOut                     0x0800e039   Thumb Code   112  tasks.o(i.xTaskCheckForTimeOut)
    xTaskGenericCreate                       0x0800e0d1   Thumb Code   298  tasks.o(i.xTaskGenericCreate)
    xTaskGenericNotify                       0x0800e235   Thumb Code   206  tasks.o(i.xTaskGenericNotify)
    xTaskGetCurrentTaskHandle                0x0800e331   Thumb Code     6  tasks.o(i.xTaskGetCurrentTaskHandle)
    xTaskGetSchedulerState                   0x0800e33d   Thumb Code    28  tasks.o(i.xTaskGetSchedulerState)
    xTaskGetTickCount                        0x0800e361   Thumb Code     6  tasks.o(i.xTaskGetTickCount)
    xTaskGetTickCountFromISR                 0x0800e36d   Thumb Code     8  tasks.o(i.xTaskGetTickCountFromISR)
    xTaskIncrementTick                       0x0800e379   Thumb Code   276  tasks.o(i.xTaskIncrementTick)
    xTaskNotifyFromISR                       0x0800e4d9   Thumb Code   226  tasks.o(i.xTaskNotifyFromISR)
    xTaskNotifyWait                          0x0800e5f1   Thumb Code   176  tasks.o(i.xTaskNotifyWait)
    xTaskPriorityDisinherit                  0x0800e6ad   Thumb Code   130  tasks.o(i.xTaskPriorityDisinherit)
    xTaskRemoveFromEventList                 0x0800e75d   Thumb Code   120  tasks.o(i.xTaskRemoveFromEventList)
    xTaskResumeAll                           0x0800e809   Thumb Code   204  tasks.o(i.xTaskResumeAll)
    __aeabi_fmul                             0x0800e915   Thumb Code     0  fmul.o(x$fpl$fmul)
    _fmul                                    0x0800e915   Thumb Code   172  fmul.o(x$fpl$fmul)
    __I$use$fp                               0x0800e9c4   Number         0  usenofp.o(x$fpl$usenofp)
    menuTableSzrq                            0x0800ea11   Data          13  ui.o(.constdata)
    menuTableComReader                       0x0800ea1e   Data          13  ui.o(.constdata)
    menuTableVolMode                         0x0800ea2b   Data          11  ui.o(.constdata)
    menuTableMoneryMode                      0x0800ea36   Data          14  ui.o(.constdata)
    AHBPrescTable                            0x0800ea60   Data          16  system_stm32l0xx.o(.constdata)
    PLLMulTable                              0x0800ea70   Data           9  system_stm32l0xx.o(.constdata)
    LCDDigitalIndexTable                     0x0800ea89   Data          50  m_lcd.o(.constdata)
    LCDDigitalTable                          0x0800eabb   Data          49  m_lcd.o(.constdata)
    HexTable                                 0x0800eb0c   Data          17  m_string.o(.constdata)
    Bcd2HexTable                             0x0800eb1d   Data         160  m_string.o(.constdata)
    Hex2BcdTable                             0x0800ebbd   Data         100  m_string.o(.constdata)
    qnTable                                  0x0800ec24   Data          18  15e-data-protocol.o(.constdata)
    sysDataDefault                           0x0800ec38   Data         384  15e-data-protocol.o(.constdata)
    Region$$Table$$Base                      0x0800eedc   Number         0  anon$$obj.o(Region$$Table)
    Region$$Table$$Limit                     0x0800eefc   Number         0  anon$$obj.o(Region$$Table)
    vTheadMainID                             0x20000000   Data           4  main.o(.data)
    adcValue                                 0x20000004   Data           4  data.o(.data)
    voltBat                                  0x20000008   Data           4  data.o(.data)
    voltAvdd                                 0x2000000c   Data           4  data.o(.data)
    osMutexSysData                           0x20000010   Data           4  data.o(.data)
    overFlowFlgforSendWarning                0x20000014   Data           1  m_event.o(.data)
    aYearAgo                                 0x20000015   Data           1  m_event.o(.data)
    aMonthAgo                                0x20000016   Data           1  m_event.o(.data)
    aDateAgo                                 0x20000017   Data           1  m_event.o(.data)
    aHourAgo                                 0x20000018   Data           1  m_event.o(.data)
    aMinuteAgo                               0x20000019   Data           1  m_event.o(.data)
    aSecondAgo                               0x2000001a   Data           1  m_event.o(.data)
    noEventTimeOut                           0x2000001c   Data           4  m_event.o(.data)
    vTheadEvenID                             0x20000020   Data           4  m_event.o(.data)
    vTheadFlowPulsID                         0x20000024   Data           4  m_event.o(.data)
    sysTickerSec                             0x20000028   Data           4  m_event.o(.data)
    stampTickerSec                           0x2000002c   Data           4  m_event.o(.data)
    globleTickerSec                          0x20000030   Data           4  m_event.o(.data)
    payPromptTimeOut                         0x20000034   Data           4  m_event.o(.data)
    unlockFlag                               0x20000038   Data           1  m_event.o(.data)
    flgEverydayPoped                         0x20000039   Data           1  m_event.o(.data)
    noNetworkTimer                           0x2000003a   Data           2  m_event.o(.data)
    nextFreezeTm                             0x2000003c   Data           4  m_event.o(.data)
    szrqRoportNextTm                         0x20000040   Data           4  m_event.o(.data)
    szrqcollectNextTm                        0x20000044   Data           4  m_event.o(.data)
    szrqRtcSync                              0x20000048   Data           1  m_event.o(.data)
    shellOpened                              0x20000049   Data           1  m_event.o(.data)
    gasLeaked                                0x2000004a   Data           1  m_event.o(.data)
    steStatusied                             0x2000004b   Data           1  m_event.o(.data)
    adcSampleIndex                           0x2000004c   Data           1  m_event.o(.data)
    menu                                     0x2000004d   Data           1  ui.o(.data)
    subMenu                                  0x2000004e   Data           1  ui.o(.data)
    pwrStatus                                0x20000050   Data           1  volt-dec.o(.data)
    pwrArr                                   0x20000051   Data           4  volt-dec.o(.data)
    powerDownStatus                          0x20000058   Data           4  volt-dec.o(.data)
    rtAdcValueBatteray                       0x2000005c   Data           4  volt-dec.o(.data)
    rtAdcValueAvdd                           0x20000060   Data           4  volt-dec.o(.data)
    rtAdcValueRef                            0x20000064   Data           4  volt-dec.o(.data)
    idTheadUdpId                             0x20000068   Data           4  mtk.o(.data)
    SPVER                                    0x2000006c   Data           8  mtk.o(.data)
    EARFCN                                   0x20000074   Data           8  mtk.o(.data)
    nbAplReceivedCount                       0x2000007c   Data           2  mtk.o(.data)
    nbRun                                    0x2000007e   Data           1  mtk.o(.data)
    mtkStateMachine                          0x2000007f   Data           1  mtk.o(.data)
    udpSendmsg                               0x20000080   Data           4  mtk.o(.data)
    nbSendMsgQ                               0x20000084   Data           4  mtk.o(.data)
    port                                     0x20000088   Data           2  mtk.o(.data)
    szrqSendStaMichine                       0x2000008a   Data           1  mtk.o(.data)
    flwPTTRefrashFlg                         0x2000008c   Data           1  flow-ex.o(.data)
    noFlowPuleRecordTimer                    0x20000090   Data           4  flow-ex.o(.data)
    totalNoPulseTimer                        0x20000094   Data           4  flow-ex.o(.data)
    flowQn                                   0x20000098   Data           4  flow-ex.o(.data)
    maxFlow                                  0x2000009c   Data           4  flow-ex.o(.data)
    lastDayMaxFlow                           0x200000a0   Data           2  flow-ex.o(.data)
    flowAgoDt                                0x200000a2   Data           8  flow-ex.o(.data)
    flowNowDt                                0x200000aa   Data           8  flow-ex.o(.data)
    rtFlow                                   0x200000b4   Data           4  flow-ex.o(.data)
    noPuleFunCalltimer                       0x200000b8   Data           4  flow-ex.o(.data)
    flowMinueProcessCallTime                 0x200000bc   Data           2  flow-ex.o(.data)
    flowMinuteTimer                          0x200000c0   Data           4  flow-ex.o(.data)
    flowHoureTimer                           0x200000c4   Data           4  flow-ex.o(.data)
    flowDayTimer                             0x200000c8   Data           4  flow-ex.o(.data)
    pxCurrentTCB                             0x200000cc   Data           4  tasks.o(.data)
    ulTimerCountsForOneTick                  0x20000108   Data           4  port.o(.data)
    xMaximumPossibleSuppressedTicks          0x2000010c   Data           4  port.o(.data)
    ulStoppedTimerCompensation               0x20000110   Data           4  port.o(.data)
    SystemCoreClock                          0x2000012c   Data           4  system_stm32l0xx.o(.data)
    uwTick                                   0x20000130   Data           4  stm32l0xx_hal.o(.data)
    mRTCReadEn                               0x20000134   Data           2  m_rtc.o(.data)
    mSoftWdgTimes                            0x20000136   Data           2  m_rtc.o(.data)
    stRtcDataTime                            0x20000138   Data           8  m_rtc.o(.data)
    uartReceivedIdleTime                     0x20000140   Data           4  m_uart.o(.data)
    uartSendBufCount                         0x20000144   Data           2  m_uart.o(.data)
    uartRceivedBufCount                      0x20000146   Data           2  m_uart.o(.data)
    WakeUpSelection                          0x20000148   Data           8  m_uart.o(.data)
    uartInited                               0x20000150   Data           1  m_uart.o(.data)
    LCDHandleStat                            0x20000152   Data           2  m_lcd.o(.data)
    irRecevedByte                            0x20000154   Data           2  m_timer.o(.data)
    irSampleTimes                            0x20000156   Data           2  m_timer.o(.data)
    irdata                                   0x20000158   Data           1  m_timer.o(.data)
    irTimeOut                                0x2000015c   Data           4  m_timer.o(.data)
    vavleState                               0x20000160   Data           1  15e-data-protocol.o(.data)
    rssi                                     0x20000161   Data           1  15e-data-protocol.o(.data)
    opStatus                                 0x20000162   Data           1  15e-data-protocol.o(.data)
    hardDefault                              0x20000164   Data           4  15e-data-protocol.o(.data)
    totalVolume                              0x20000168   Data           4  15e-data-protocol.o(.data)
    curMonthVolume                           0x2000016c   Data           4  15e-data-protocol.o(.data)
    curPeriodVolume                          0x20000170   Data           4  15e-data-protocol.o(.data)
    rtPrice                                  0x20000174   Data           4  15e-data-protocol.o(.data)
    overageMoney                             0x20000178   Data           4  15e-data-protocol.o(.data)
    overrageVolume                           0x2000017c   Data           4  15e-data-protocol.o(.data)
    rtVolume                                 0x20000180   Data           4  15e-data-protocol.o(.data)
    __rtVolume                               0x20000184   Data           4  15e-data-protocol.o(.data)
    rtVolumeRefreshFlag                      0x20000188   Data           1  15e-data-protocol.o(.data)
    popTimesEveryday                         0x2000018c   Data           4  15e-data-protocol.o(.data)
    ovmStatus                                0x20000190   Data           1  15e-data-protocol.o(.data)
    OVerageVMRemainder                       0x20000194   Data           4  15e-data-protocol.o(.data)
    realPayValue                             0x20000198   Data           4  15e-data-protocol.o(.data)
    flgValveErrSend                          0x2000019c   Data           1  15e-data-protocol.o(.data)
    reqMsgQ                                  0x200001a0   Data           4  data-protocol-ex.o(.data)
    respMsgQ                                 0x200001a4   Data           4  data-protocol-ex.o(.data)
    idThreadDataSave                         0x200001a8   Data           4  data-protocol-ex.o(.data)
    severReqFreezeYY                         0x200001ac   Data           1  szrq-comm-protocol.o(.data)
    severReqFreezeMM                         0x200001ad   Data           1  szrq-comm-protocol.o(.data)
    szrqRssi                                 0x200001ae   Data           1  szrq-comm-protocol.o(.data)
    szrqDefaultSever                         0x200001b0   Data           8  szrq-comm-protocol.o(.data)
    __nextCollectTm                          0x200001b8   Data           4  szrq-comm-protocol.o(.data)
    szrqMultSendNum                          0x200001bc   Data           2  szrq-comm-protocol.o(.data)
    szrqMulHasMore                           0x200001be   Data           1  szrq-comm-protocol.o(.data)
    szrqRecHasMore                           0x200001bf   Data           1  szrq-comm-protocol.o(.data)
    szrqWarnType                             0x200001c0   Data           1  szrq-comm-protocol.o(.data)
    szrqWarnReportSendOld                    0x200001c1   Data           1  szrq-comm-protocol.o(.data)
    lcdBuf                                   0x200001c4   Data          16  ui.o(.bss)
    CIMI                                     0x200001d4   Data          16  mtk.o(.bss)
    CGSN                                     0x200001e4   Data          16  mtk.o(.bss)
    ICCID                                    0x200001f4   Data          21  mtk.o(.bss)
    nbAplReceivedBuffer                      0x20000209   Data         256  mtk.o(.bss)
    flowPulseTimerTable                      0x2000030c   Data         128  flow-ex.o(.bss)
    _1per6_flow                              0x2000038c   Data          28  flow-ex.o(.bss)
    _6per60_flow                             0x200003a8   Data          44  flow-ex.o(.bss)
    dayAvgFlow                               0x200003d4   Data          64  flow-ex.o(.bss)
    hourAvgFlow                              0x20000414   Data          48  flow-ex.o(.bss)
    Comp2Handle                              0x20003534   Data          36  stm32l0xx_it.o(.bss)
    ProcFlash                                0x20003558   Data          24  stm32l0xx_hal_flash.o(.bss)
    RtcHandle                                0x20003570   Data          36  m_rtc.o(.bss)
    uartSendBuf                              0x20003594   Data         512  m_uart.o(.bss)
    uartReceivedBuf                          0x20003794   Data         256  m_uart.o(.bss)
    UartHandle                               0x20003894   Data         112  m_uart.o(.bss)
    RngHandle                                0x20003904   Data          12  m_rng.o(.bss)
    LCDHandle                                0x20003910   Data          60  m_lcd.o(.bss)
    AdcHandle                                0x2000394c   Data          96  m_adc.o(.bss)
    TimHandle                                0x200039ac   Data          56  m_timer.o(.bss)
    irRecevedBuf                             0x200039e4   Data          32  m_timer.o(.bss)
    commonBuf                                0x20003a04   Data         576  15e-data-protocol.o(.bss)
    sysData                                  0x20003c44   Data         384  15e-data-protocol.o(.bss)
    __libspace_start                         0x20003dc4   Data          96  libspace.o(.bss)
    __temporary_stack_top$libspace           0x20003e24   Data           0  libspace.o(.bss)



==============================================================================

Memory Map of the image

  Image Entry point : 0x080000c1

  Load Region LR_IROM1 (Base: 0x08000000, Size: 0x0000f0c0, Max: 0x00030000, ABSOLUTE, COMPRESSED[0x0000ef3c])

    Execution Region ER_IROM1 (Base: 0x08000000, Size: 0x0000eefc, Max: 0x00030000, ABSOLUTE)

    Base Addr    Size         Type   Attr      Idx    E Section Name        Object

    0x08000000   0x000000c0   Data   RO         3247    RESET               startup_stm32l073xx.o
    0x080000c0   0x00000008   Code   RO         9769  * !!!main             c_p.l(__main.o)
    0x080000c8   0x0000003c   Code   RO         9961    !!!scatter          c_p.l(__scatter.o)
    0x08000104   0x0000001c   Code   RO         9963    !!handler_zi        c_p.l(__scatter_zi.o)
    0x08000120   0x00000002   Code   RO         9828    .ARM.Collect$$libinit$$00000000  c_p.l(libinit.o)
    0x08000122   0x00000000   Code   RO         9842    .ARM.Collect$$libinit$$00000002  c_p.l(libinit2.o)
    0x08000122   0x00000000   Code   RO         9844    .ARM.Collect$$libinit$$00000004  c_p.l(libinit2.o)
    0x08000122   0x00000000   Code   RO         9847    .ARM.Collect$$libinit$$0000000A  c_p.l(libinit2.o)
    0x08000122   0x00000000   Code   RO         9849    .ARM.Collect$$libinit$$0000000C  c_p.l(libinit2.o)
    0x08000122   0x00000000   Code   RO         9851    .ARM.Collect$$libinit$$0000000E  c_p.l(libinit2.o)
    0x08000122   0x00000000   Code   RO         9854    .ARM.Collect$$libinit$$00000011  c_p.l(libinit2.o)
    0x08000122   0x00000000   Code   RO         9856    .ARM.Collect$$libinit$$00000013  c_p.l(libinit2.o)
    0x08000122   0x00000000   Code   RO         9858    .ARM.Collect$$libinit$$00000015  c_p.l(libinit2.o)
    0x08000122   0x00000000   Code   RO         9860    .ARM.Collect$$libinit$$00000017  c_p.l(libinit2.o)
    0x08000122   0x00000000   Code   RO         9862    .ARM.Collect$$libinit$$00000019  c_p.l(libinit2.o)
    0x08000122   0x00000000   Code   RO         9864    .ARM.Collect$$libinit$$0000001B  c_p.l(libinit2.o)
    0x08000122   0x00000000   Code   RO         9866    .ARM.Collect$$libinit$$0000001D  c_p.l(libinit2.o)
    0x08000122   0x00000000   Code   RO         9868    .ARM.Collect$$libinit$$0000001F  c_p.l(libinit2.o)
    0x08000122   0x00000000   Code   RO         9870    .ARM.Collect$$libinit$$00000021  c_p.l(libinit2.o)
    0x08000122   0x00000000   Code   RO         9872    .ARM.Collect$$libinit$$00000023  c_p.l(libinit2.o)
    0x08000122   0x00000000   Code   RO         9874    .ARM.Collect$$libinit$$00000025  c_p.l(libinit2.o)
    0x08000122   0x00000000   Code   RO         9878    .ARM.Collect$$libinit$$0000002C  c_p.l(libinit2.o)
    0x08000122   0x00000000   Code   RO         9880    .ARM.Collect$$libinit$$0000002E  c_p.l(libinit2.o)
    0x08000122   0x00000000   Code   RO         9882    .ARM.Collect$$libinit$$00000030  c_p.l(libinit2.o)
    0x08000122   0x00000000   Code   RO         9884    .ARM.Collect$$libinit$$00000032  c_p.l(libinit2.o)
    0x08000122   0x00000002   Code   RO         9885    .ARM.Collect$$libinit$$00000033  c_p.l(libinit2.o)
    0x08000124   0x00000002   Code   RO         9916    .ARM.Collect$$libshutdown$$00000000  c_p.l(libshutdown.o)
    0x08000126   0x00000000   Code   RO         9942    .ARM.Collect$$libshutdown$$00000002  c_p.l(libshutdown2.o)
    0x08000126   0x00000000   Code   RO         9944    .ARM.Collect$$libshutdown$$00000004  c_p.l(libshutdown2.o)
    0x08000126   0x00000000   Code   RO         9947    .ARM.Collect$$libshutdown$$00000007  c_p.l(libshutdown2.o)
    0x08000126   0x00000000   Code   RO         9950    .ARM.Collect$$libshutdown$$0000000A  c_p.l(libshutdown2.o)
    0x08000126   0x00000000   Code   RO         9952    .ARM.Collect$$libshutdown$$0000000C  c_p.l(libshutdown2.o)
    0x08000126   0x00000000   Code   RO         9955    .ARM.Collect$$libshutdown$$0000000F  c_p.l(libshutdown2.o)
    0x08000126   0x00000002   Code   RO         9956    .ARM.Collect$$libshutdown$$00000010  c_p.l(libshutdown2.o)
    0x08000128   0x00000000   Code   RO         9791    .ARM.Collect$$rtentry$$00000000  c_p.l(__rtentry.o)
    0x08000128   0x00000000   Code   RO         9798    .ARM.Collect$$rtentry$$00000002  c_p.l(__rtentry2.o)
    0x08000128   0x00000006   Code   RO         9810    .ARM.Collect$$rtentry$$00000004  c_p.l(__rtentry4.o)
    0x0800012e   0x00000000   Code   RO         9800    .ARM.Collect$$rtentry$$00000009  c_p.l(__rtentry2.o)
    0x0800012e   0x00000004   Code   RO         9801    .ARM.Collect$$rtentry$$0000000A  c_p.l(__rtentry2.o)
    0x08000132   0x00000000   Code   RO         9803    .ARM.Collect$$rtentry$$0000000C  c_p.l(__rtentry2.o)
    0x08000132   0x00000008   Code   RO         9804    .ARM.Collect$$rtentry$$0000000D  c_p.l(__rtentry2.o)
    0x0800013a   0x00000002   Code   RO         9833    .ARM.Collect$$rtexit$$00000000  c_p.l(rtexit.o)
    0x0800013c   0x00000000   Code   RO         9889    .ARM.Collect$$rtexit$$00000002  c_p.l(rtexit2.o)
    0x0800013c   0x00000004   Code   RO         9890    .ARM.Collect$$rtexit$$00000003  c_p.l(rtexit2.o)
    0x08000140   0x00000006   Code   RO         9891    .ARM.Collect$$rtexit$$00000004  c_p.l(rtexit2.o)
    0x08000146   0x00000002   PAD
    0x08000148   0x00000038   Code   RO         9755    .emb_text           c_p.l(rt_memcpy.o)
    0x08000180   0x0000006c   Code   RO         3176    .text               port_1.o
    0x080001ec   0x00000040   Code   RO         3248    .text               startup_stm32l073xx.o
    0x0800022c   0x00000082   Code   RO         9756    .text               c_p.l(rt_memcpy.o)
    0x080002ae   0x00000012   Code   RO         9759    .text               c_p.l(aeabi_memset.o)
    0x080002c0   0x00000040   Code   RO         9761    .text               c_p.l(rt_memclr.o)
    0x08000300   0x0000015a   Code   RO         9763    .text               c_p.l(aeabi_sdiv.o)
    0x0800045a   0x00000006   Code   RO         9767    .text               c_p.l(heapauxi.o)
    0x08000460   0x00000448   Code   RO         9771    .text               fz_ps.l(ddiv.o)
    0x080008a8   0x00000048   Code   RO         9774    .text               fz_ps.l(dfixui.o)
    0x080008f0   0x00000084   Code   RO         9776    .text               fz_ps.l(dfltl.o)
    0x08000974   0x00000248   Code   RO         9778    .text               fz_ps.l(dmul.o)
    0x08000bbc   0x00000160   Code   RO         9780    .text               fz_ps.l(fdiv.o)
    0x08000d1c   0x0000004c   Code   RO         9783    .text               fz_ps.l(ffixi.o)
    0x08000d68   0x00000030   Code   RO         9785    .text               fz_ps.l(ffixui.o)
    0x08000d98   0x0000005e   Code   RO         9787    .text               fz_ps.l(fflti.o)
    0x08000df6   0x0000003e   Code   RO         9814    .text               c_p.l(sys_stackheap_outer.o)
    0x08000e34   0x00000010   Code   RO         9817    .text               c_p.l(exit.o)
    0x08000e44   0x00000008   Code   RO         9829    .text               c_p.l(libspace.o)
    0x08000e4c   0x0000000c   Code   RO         9886    .text               c_p.l(sys_exit.o)
    0x08000e58   0x00000002   Code   RO         9905    .text               c_p.l(use_no_semi.o)
    0x08000e5a   0x00000000   Code   RO         9907    .text               c_p.l(indicate_semi.o)
    0x08000e5a   0x00000056   Code   RO         9959    .text               c_p.l(__dczerorl2.o)
    0x08000eb0   0x00000020   Code   RO         3254    i.ADC1_COMP_IRQHandler  stm32l0xx_it.o
    0x08000ed0   0x00000010   Code   RO         3257    i.EXTI0_1_IRQHandler  stm32l0xx_it.o
    0x08000ee0   0x00000010   Code   RO         3258    i.EXTI2_3_IRQHandler  stm32l0xx_it.o
    0x08000ef0   0x00000010   Code   RO         3259    i.EXTI4_15_IRQHandler  stm32l0xx_it.o
    0x08000f00   0x000000bc   Code   RO         4505    i.FLASH_WaitForLastOperation  stm32l0xx_hal_flash.o
    0x08000fbc   0x000000b8   Code   RO         3953    i.HAL_ADCEx_Calibration_Start  stm32l0xx_hal_adc_ex.o
    0x08001074   0x00000002   Code   RO         3743    i.HAL_ADC_ConvCpltCallback  stm32l0xx_hal_adc.o
    0x08001076   0x00000002   Code   RO         3746    i.HAL_ADC_ErrorCallback  stm32l0xx_hal_adc.o
    0x08001078   0x00000006   Code   RO         3748    i.HAL_ADC_GetState  stm32l0xx_hal_adc.o
    0x0800107e   0x00000008   Code   RO         3749    i.HAL_ADC_GetValue  stm32l0xx_hal_adc.o
    0x08001086   0x00000116   Code   RO         3750    i.HAL_ADC_IRQHandler  stm32l0xx_hal_adc.o
    0x0800119c   0x00000234   Code   RO         3751    i.HAL_ADC_Init      stm32l0xx_hal_adc.o
    0x080013d0   0x00000002   Code   RO         3752    i.HAL_ADC_LevelOutOfWindowCallback  stm32l0xx_hal_adc.o
    0x080013d2   0x00000002   PAD
    0x080013d4   0x0000001c   Code   RO         8657    i.HAL_ADC_MspInit   m_adc.o
    0x080013f0   0x000000e4   Code   RO         3755    i.HAL_ADC_PollForConversion  stm32l0xx_hal_adc.o
    0x080014d4   0x00000078   Code   RO         3757    i.HAL_ADC_Start     stm32l0xx_hal_adc.o
    0x0800154c   0x00000050   Code   RO         3760    i.HAL_ADC_Stop      stm32l0xx_hal_adc.o
    0x0800159c   0x00000064   Code   RO         4017    i.HAL_COMP_IRQHandler  stm32l0xx_hal_comp.o
    0x08001600   0x00000002   Code   RO         4026    i.HAL_COMP_TriggerCallback  stm32l0xx_hal_comp.o
    0x08001602   0x00000002   PAD
    0x08001604   0x00000014   Code   RO         4509    i.HAL_FLASH_Lock    stm32l0xx_hal_flash.o
    0x08001618   0x0000004c   Code   RO         4516    i.HAL_FLASH_Unlock  stm32l0xx_hal_flash.o
    0x08001664   0x00000128   Code   RO         4885    i.HAL_GPIO_DeInit   stm32l0xx_hal_gpio.o
    0x0800178c   0x000001f8   Code   RO         4888    i.HAL_GPIO_Init     stm32l0xx_hal_gpio.o
    0x08001984   0x0000000c   Code   RO         3260    i.HAL_GetTick       stm32l0xx_it.o
    0x08001990   0x00000010   Code   RO         3261    i.HAL_IncTick       stm32l0xx_it.o
    0x080019a0   0x00000030   Code   RO         7370    i.HAL_InitTick      m_clock_config.o
    0x080019d0   0x00000124   Code   RO         5029    i.HAL_LCD_Init      stm32l0xx_hal_lcd.o
    0x08001af4   0x00000028   Code   RO         8467    i.HAL_LCD_MspInit   m_lcd_hal.o
    0x08001b1c   0x00000062   Code   RO         5032    i.HAL_LCD_UpdateDisplayRequest  stm32l0xx_hal_lcd.o
    0x08001b7e   0x00000002   PAD
    0x08001b80   0x00000018   Code   RO         4149    i.HAL_NVIC_DisableIRQ  stm32l0xx_hal_cortex.o
    0x08001b98   0x00000018   Code   RO         4150    i.HAL_NVIC_EnableIRQ  stm32l0xx_hal_cortex.o
    0x08001bb0   0x00000012   Code   RO         4154    i.HAL_NVIC_SetPriority  stm32l0xx_hal_cortex.o
    0x08001bc2   0x00000002   PAD
    0x08001bc4   0x00000014   Code   RO         5329    i.HAL_PWREx_EnableFastWakeUp  stm32l0xx_hal_pwr_ex.o
    0x08001bd8   0x00000014   Code   RO         5331    i.HAL_PWREx_EnableUltraLowPower  stm32l0xx_hal_pwr_ex.o
    0x08001bec   0x00000014   Code   RO         5200    i.HAL_PWR_EnableBkUpAccess  stm32l0xx_hal_pwr.o
    0x08001c00   0x0000003c   Code   RO         5205    i.HAL_PWR_EnterSLEEPMode  stm32l0xx_hal_pwr.o
    0x08001c3c   0x00000048   Code   RO         5207    i.HAL_PWR_EnterSTOPMode  stm32l0xx_hal_pwr.o
    0x08001c84   0x00000270   Code   RO         5502    i.HAL_RCCEx_PeriphCLKConfig  stm32l0xx_hal_rcc_ex.o
    0x08001ef4   0x000001d8   Code   RO         5383    i.HAL_RCC_ClockConfig  stm32l0xx_hal_rcc.o
    0x080020cc   0x0000002c   Code   RO         5387    i.HAL_RCC_GetHCLKFreq  stm32l0xx_hal_rcc.o
    0x080020f8   0x00000024   Code   RO         5389    i.HAL_RCC_GetPCLK1Freq  stm32l0xx_hal_rcc.o
    0x0800211c   0x00000024   Code   RO         5390    i.HAL_RCC_GetPCLK2Freq  stm32l0xx_hal_rcc.o
    0x08002140   0x000000ec   Code   RO         5391    i.HAL_RCC_GetSysClockFreq  stm32l0xx_hal_rcc.o
    0x0800222c   0x00000680   Code   RO         5394    i.HAL_RCC_OscConfig  stm32l0xx_hal_rcc.o
    0x080028ac   0x00000038   Code   RO         5608    i.HAL_RNG_DeInit    stm32l0xx_hal_rng.o
    0x080028e4   0x0000007c   Code   RO         5610    i.HAL_RNG_GenerateRandomNumber  stm32l0xx_hal_rng.o
    0x08002960   0x0000004c   Code   RO         5616    i.HAL_RNG_Init      stm32l0xx_hal_rng.o
    0x080029ac   0x00000084   Code   RO         8278    i.HAL_RNG_MspDeInit  m_rng.o
    0x08002a30   0x0000005c   Code   RO         8279    i.HAL_RNG_MspInit   m_rng.o
    0x08002a8c   0x000000ae   Code   RO         5874    i.HAL_RTCEx_DeactivateWakeUpTimer  stm32l0xx_hal_rtc_ex.o
    0x08002b3a   0x00000002   PAD
    0x08002b3c   0x0000014c   Code   RO         5894    i.HAL_RTCEx_SetWakeUpTimer_IT  stm32l0xx_hal_rtc_ex.o
    0x08002c88   0x00000064   Code   RO         7962    i.HAL_RTCEx_WakeUpTimerEventCallback  m_rtc.o
    0x08002cec   0x00000044   Code   RO         5901    i.HAL_RTCEx_WakeUpTimerIRQHandler  stm32l0xx_hal_rtc_ex.o
    0x08002d30   0x000000c8   Code   RO         5721    i.HAL_RTC_Init      stm32l0xx_hal_rtc.o
    0x08002df8   0x00000078   Code   RO         7964    i.HAL_RTC_MspInit   m_rtc.o
    0x08002e70   0x00000130   Code   RO         5727    i.HAL_RTC_SetDate   stm32l0xx_hal_rtc.o
    0x08002fa0   0x00000154   Code   RO         5728    i.HAL_RTC_SetTime   stm32l0xx_hal_rtc.o
    0x080030f4   0x0000003c   Code   RO         5729    i.HAL_RTC_WaitForSynchro  stm32l0xx_hal_rtc.o
    0x08003130   0x00000038   Code   RO         6184    i.HAL_TIM_Base_Init  stm32l0xx_hal_tim.o
    0x08003168   0x00000028   Code   RO         8756    i.HAL_TIM_Base_MspInit  m_timer.o
    0x08003190   0x0000001e   Code   RO         6189    i.HAL_TIM_Base_Start_IT  stm32l0xx_hal_tim.o
    0x080031ae   0x00000002   PAD
    0x080031b0   0x00000034   Code   RO         6192    i.HAL_TIM_Base_Stop_IT  stm32l0xx_hal_tim.o
    0x080031e4   0x00000002   Code   RO         6213    i.HAL_TIM_IC_CaptureCallback  stm32l0xx_hal_tim.o
    0x080031e6   0x0000017c   Code   RO         6226    i.HAL_TIM_IRQHandler  stm32l0xx_hal_tim.o
    0x08003362   0x00000002   Code   RO         6229    i.HAL_TIM_OC_DelayElapsedCallback  stm32l0xx_hal_tim.o
    0x08003364   0x00000002   Code   RO         6256    i.HAL_TIM_PWM_PulseFinishedCallback  stm32l0xx_hal_tim.o
    0x08003366   0x00000002   PAD
    0x08003368   0x00000138   Code   RO         8757    i.HAL_TIM_PeriodElapsedCallback  m_timer.o
    0x080034a0   0x00000002   Code   RO         6267    i.HAL_TIM_TriggerCallback  stm32l0xx_hal_tim.o
    0x080034a2   0x00000002   PAD
    0x080034a4   0x00000018   Code   RO         8075    i.HAL_UARTEx_WakeupCallback  m_uart.o
    0x080034bc   0x00000048   Code   RO         6975    i.HAL_UART_DeInit   stm32l0xx_hal_uart.o
    0x08003504   0x00000040   Code   RO         8076    i.HAL_UART_ErrorCallback  m_uart.o
    0x08003544   0x00000142   Code   RO         6979    i.HAL_UART_IRQHandler  stm32l0xx_hal_uart.o
    0x08003686   0x0000007c   Code   RO         6980    i.HAL_UART_Init     stm32l0xx_hal_uart.o
    0x08003702   0x00000002   PAD
    0x08003704   0x00000038   Code   RO         8077    i.HAL_UART_MspDeInit  m_uart.o
    0x0800373c   0x0000004c   Code   RO         8078    i.HAL_UART_MspInit  m_uart.o
    0x08003788   0x000000e8   Code   RO         8079    i.HAL_UART_Receive_IT  m_uart.o
    0x08003870   0x00000004   Code   RO         8081    i.HAL_UART_TxCpltCallback  m_uart.o
    0x08003874   0x00000008   Code   RO         3263    i.HardFault_Handler  stm32l0xx_it.o
    0x0800387c   0x00000036   Code   RO         5034    i.LCD_WaitForSynchro  stm32l0xx_hal_lcd.o
    0x080038b2   0x00000002   PAD
    0x080038b4   0x00000018   Code   RO         3264    i.LPUSART1_IRQHandler  stm32l0xx_it.o
    0x080038cc   0x00000008   Code   RO         3266    i.NMI_Handler       stm32l0xx_it.o
    0x080038d4   0x00000078   Code   RO         7873    i.PostSleepProcessing  m_pwr_mng.o
    0x0800394c   0x0000001a   Code   RO         5730    i.RTC_Bcd2ToByte    stm32l0xx_hal_rtc.o
    0x08003966   0x0000001a   Code   RO         5731    i.RTC_ByteToBcd2    stm32l0xx_hal_rtc.o
    0x08003980   0x00000042   Code   RO         5732    i.RTC_EnterInitMode  stm32l0xx_hal_rtc.o
    0x080039c2   0x00000002   PAD
    0x080039c4   0x00000018   Code   RO         3267    i.RTC_IRQHandler    stm32l0xx_it.o
    0x080039dc   0x00000014   Code   RO         3268    i.SysTick_Handler   stm32l0xx_it.o
    0x080039f0   0x00000068   Code   RO         3495    i.SystemInit        system_stm32l0xx.o
    0x08003a58   0x000000f0   Code   RO         6993    i.UART_AdvFeatureConfig  stm32l0xx_hal_uart.o
    0x08003b48   0x00000060   Code   RO         6994    i.UART_CheckIdleState  stm32l0xx_hal_uart.o
    0x08003ba8   0x000003d4   Code   RO         6995    i.UART_SetConfig    stm32l0xx_hal_uart.o
    0x08003f7c   0x00000100   Code   RO         6996    i.UART_WaitOnFlagUntilTimeout  stm32l0xx_hal_uart.o
    0x0800407c   0x00000018   Code   RO         3270    i.USART1_IRQHandler  stm32l0xx_it.o
    0x08004094   0x00000018   Code   RO         3271    i.USART4_5_IRQHandler  stm32l0xx_it.o
    0x080040ac   0x000000a4   Code   RO         3763    i._Z10ADC_EnableP17ADC_HandleTypeDef  stm32l0xx_hal_adc.o
    0x08004150   0x00000036   Code   RO         8845    i._Z10calc_crc_wtht  crc16_sf.o
    0x08004186   0x00000002   PAD
    0x08004188   0x00000110   Code   RO         1478    i._Z10mtk_at_cmdPhS_S_tj  mtk.o
    0x08004298   0x000000c0   Code   RO            3    i._Z10vTheadMainPv  main.o
    0x08004358   0x0000009c   Code   RO         3764    i._Z11ADC_DisableP17ADC_HandleTypeDef  stm32l0xx_hal_adc.o
    0x080043f4   0x0000007c   Code   RO         3180    i._Z11prvHeapInitv  heap_4.o
    0x08004470   0x00000080   Code   RO         2591    i._Z11prvIdleTaskPv  tasks.o
    0x080044f0   0x00000134   Code   RO         1075    i._Z11ui_disp_offv  ui.o
    0x08004624   0x00000098   Code   RO         1076    i._Z11ui_mf_2_strPhP11uiFloat32_thh  ui.o
    0x080046bc   0x0000012c   Code   RO          645    i._Z11vTheadEventPv  m_event.o
    0x080047e8   0x000000fc   Code   RO         9270    i._Z12__hal_fi_off18__OVERAGE_VM_STATE  data-protocol-ex.o
    0x080048e4   0x0000003c   Code   RO         9437    i._Z12__szrq_crc16Pht  szrq-comm-protocol.o
    0x08004920   0x00000090   Code   RO         1479    i._Z12bc26_get_csqv  mtk.o
    0x080049b0   0x00000078   Code   RO         1480    i._Z12bc26_get_verv  mtk.o
    0x08004a28   0x00000084   Code   RO          646    i._Z12flow_processv  m_event.o
    0x08004aac   0x0000004c   Code   RO          647    i._Z12flow_warningv  m_event.o
    0x08004af8   0x00000050   Code   RO            4    i._Z12init_rtc_x_xv  main.o
    0x08004b48   0x00000012   Code   RO         2592    i._Z12prvDeleteTCBP19tskTaskControlBlock  tasks.o
    0x08004b5a   0x00000002   PAD
    0x08004b5c   0x000002a8   Code   RO         1481    i._Z12vTheadNbBc26Pv  mtk.o
    0x08004e04   0x00000080   Code   RO         1482    i._Z13bc26_get_ccidv  mtk.o
    0x08004e84   0x0000007c   Code   RO         1483    i._Z13bc26_get_cgsnv  mtk.o
    0x08004f00   0x00000054   Code   RO         1484    i._Z13bc26_get_cimiv  mtk.o
    0x08004f54   0x00000012   Code   RO         1793    i._Z13inHandlerModev  cmsis_os.o
    0x08004f66   0x00000010   Code   RO         8758    i._Z14__x_delay_30usv  m_timer.o
    0x08004f76   0x00000018   Code   RO          648    i._Z14buzzer_beap_mst  m_event.o
    0x08004f8e   0x00000002   PAD
    0x08004f90   0x000000ac   Code   RO         1680    i._Z14m_flow_calc_mmv  flow-ex.o
    0x0800503c   0x0000001e   Code   RO         2388    i._Z14prvIsQueueFullPK15QueueDefinition  queue.o
    0x0800505a   0x0000008a   Code   RO         2389    i._Z14prvUnlockQueueP15QueueDefinition  queue.o
    0x080050e4   0x000000b4   Code   RO          649    i._Z14szrq_fi_freezev  m_event.o
    0x08005198   0x0000004c   Code   RO          650    i._Z14szrq_fi_reportv  m_event.o
    0x080051e4   0x00000044   Code   RO          651    i._Z14vTheadFlowPulsPv  m_event.o
    0x08005228   0x00000030   Code   RO          652    i._Z14valve_ulock_fiv  m_event.o
    0x08005258   0x00000050   Code   RO         8082    i._Z15UART_Receive_ITP18UART_HandleTypeDef  m_uart.o
    0x080052a8   0x00000074   Code   RO         9271    i._Z15__hal_cal_pricePbPiPh  data-protocol-ex.o
    0x0800531c   0x00000060   Code   RO         9438    i._Z15__szrq_get_cimiPh  szrq-comm-protocol.o
    0x0800537c   0x00000094   Code   RO         1487    i._Z15bc26_hal_wakeupv  mtk.o
    0x08005410   0x00000258   Code   RO         1488    i._Z15bc26_send_readyv  mtk.o
    0x08005668   0x000000b4   Code   RO         1489    i._Z15ipv4_bin_to_strPhS_  mtk.o
    0x0800571c   0x00000068   Code   RO         1681    i._Z15m_flow_calc_dayv  flow-ex.o
    0x08005784   0x00000024   Code   RO         1490    i._Z15mtk_time_ms_2_sj  mtk.o
    0x080057a8   0x0000001c   Code   RO         2390    i._Z15prvIsQueueEmptyPK15QueueDefinition  queue.o
    0x080057c4   0x0000005c   Code   RO          653    i._Z15szrq_fi_collectv  m_event.o
    0x08005820   0x0000003c   Code   RO         1077    i._Z15ui_disp_menu_idv  ui.o
    0x0800585c   0x0000002c   Code   RO         1078    i._Z15ui_disp_menu_irv  ui.o
    0x08005888   0x0000012c   Code   RO         1079    i._Z15ui_disp_menu_qnv  ui.o
    0x080059b4   0x00000040   Code   RO         9272    i._Z15vThreadDataSavePv  data-protocol-ex.o
    0x080059f4   0x00000078   Code   RO         4160    i._Z16NVIC_SetPriority9IRQn_Typej  stm32l0xx_hal_cortex.o
    0x08005a6c   0x0000007a   Code   RO         6999    i._Z16UART_Transmit_ITP18UART_HandleTypeDef  stm32l0xx_hal_uart.o
    0x08005ae6   0x00000002   PAD
    0x08005ae8   0x0000004c   Code   RO         1682    i._Z16m_flow_calc_hourv  flow-ex.o
    0x08005b34   0x000000e8   Code   RO         1683    i._Z16m_flow_data_initv  flow-ex.o
    0x08005c1c   0x0000004c   Code   RO         8468    i._Z16m_lcd_class_initv  m_lcd_hal.o
    0x08005c68   0x00000040   Code   RO         2972    i._Z16prvTaskExitErrorv  port.o
    0x08005ca8   0x000000b8   Code   RO         1080    i._Z16ui_disp_menu_YMDv  ui.o
    0x08005d60   0x000000d0   Code   RO         1081    i._Z16ui_disp_menu_hmsv  ui.o
    0x08005e30   0x000000ec   Code   RO         1082    i._Z16ui_disp_menu_verv  ui.o
    0x08005f1c   0x000000ac   Code   RO         9273    i._Z17__hal_fi_off_redo18__OVERAGE_VM_STATE  data-protocol-ex.o
    0x08005fc8   0x0000007a   Code   RO         1083    i._Z17__int32_2_mflot32iP11uiFloat32_ttt  ui.o
    0x08006042   0x0000000e   Code   RO         9439    i._Z17__uint32_diff_absjj  szrq-comm-protocol.o
    0x08006050   0x00000094   Code   RO         1492    i._Z17bc26_get_menginfov  mtk.o
    0x080060e4   0x00000100   Code   RO         1493    i._Z17bc26_hal_power_onv  mtk.o
    0x080061e4   0x00000170   Code   RO         1494    i._Z17bc26_register_iotv  mtk.o
    0x08006354   0x0000002c   Code   RO         1495    i._Z17bc26_register_netv  mtk.o
    0x08006380   0x000000d0   Code   RO         1496    i._Z17bc26_send_processPht  mtk.o
    0x08006450   0x00000158   Code   RO          654    i._Z17event_ste_processv  m_event.o
    0x080065a8   0x0000000c   Code   RO         1497    i._Z17mtk_disable_sleepv  mtk.o
    0x080065b4   0x00000030   Code   RO         1498    i._Z17mtk_hal_pins_initv  mtk.o
    0x080065e4   0x000000a4   Code   RO         1085    i._Z17ui_disp_menu_ccidv  ui.o
    0x08006688   0x0000007c   Code   RO         1086    i._Z17ui_disp_menu_dlcsv  ui.o
    0x08006704   0x0000006c   Code   RO         1087    i._Z17ui_disp_menu_homev  ui.o
    0x08006770   0x0000007c   Code   RO         1088    i._Z17ui_disp_menu_imeiv  ui.o
    0x080067ec   0x0000010c   Code   RO         1089    i._Z17ui_disp_menu_rssiv  ui.o
    0x080068f8   0x00000058   Code   RO         1090    i._Z17ui_disp_overage_mv  ui.o
    0x08006950   0x00000038   Code   RO         1091    i._Z17ui_disp_overage_vv  ui.o
    0x08006988   0x00000054   Code   RO         1092    i._Z17ui_disp_pay_valuev  ui.o
    0x080069dc   0x0000006c   Code   RO         3767    i._Z18ADC_ConversionStopP17ADC_HandleTypeDef  stm32l0xx_hal_adc.o
    0x08006a48   0x000000cc   Code   RO         4518    i._Z18FLASH_SetErrorCodev  stm32l0xx_hal_flash.o
    0x08006b14   0x00000084   Code   RO         6281    i._Z18TIM_Base_SetConfigP11TIM_TypeDefP20TIM_Base_InitTypeDef  stm32l0xx_hal_tim.o
    0x08006b98   0x00000108   Code   RO         9274    i._Z18__hal_sysdata_savev  data-protocol-ex.o
    0x08006ca0   0x0000002c   Code   RO         9440    i._Z18__szrq_get_sys_rtcPhP13sysDataTime_t  szrq-comm-protocol.o
    0x08006ccc   0x00000064   Code   RO         9441    i._Z18__szrq_read_freezeP11recordDef_thh  szrq-comm-protocol.o
    0x08006d30   0x000000c0   Code   RO         1499    i._Z18bc26_hal_power_offv  mtk.o
    0x08006df0   0x000000f8   Code   RO         1500    i._Z18bc26_received_poolPhtj  mtk.o
    0x08006ee8   0x00000062   Code   RO         7371    i._Z18m_clock_enable_hsiv  m_clock_config.o
    0x08006f4a   0x0000000a   Code   RO         7966    i._Z18m_rtc_error_handlev  m_rtc.o
    0x08006f54   0x00000084   Code   RO         2391    i._Z18prvCopyDataToQueueP15QueueDefinitionPKvl  queue.o
    0x08006fd8   0x00000038   Code   RO         1093    i._Z18ui_disp_menu_pricev  ui.o
    0x08007010   0x00000164   Code   RO         1094    i._Z18ui_disp_off_reasonv  ui.o
    0x08007174   0x00000030   Code   RO         7003    i._Z19UART_EndTransmit_ITP18UART_HandleTypeDef  stm32l0xx_hal_uart.o
    0x080071a4   0x0000005c   Code   RO         9275    i._Z19__hal_cal_overage_mv  data-protocol-ex.o
    0x08007200   0x00000030   Code   RO         9276    i._Z19__hal_cal_overage_vv  data-protocol-ex.o
    0x08007230   0x0000001a   Code   RO         9442    i._Z19__szrq_crc16_appendPht  szrq-comm-protocol.o
    0x0800724a   0x00000004   Code   RO         9444    i._Z19__szrq_get_pwr_typev  szrq-comm-protocol.o
    0x0800724e   0x00000002   PAD
    0x08007250   0x000000e4   Code   RO         9445    i._Z19__szrq_ins_set_pramPhtS_t  szrq-comm-protocol.o
    0x08007334   0x00000154   Code   RO          655    i._Z19event_alarm_processv  m_event.o
    0x08007488   0x0000000a   Code   RO         8658    i._Z19m_adc_error_handlerv  m_adc.o
    0x08007492   0x00000036   Code   RO         7372    i._Z19m_clock_disable_hsiv  m_clock_config.o
    0x080074c8   0x00000014   Code   RO         7373    i._Z19m_clock_disable_msiv  m_clock_config.o
    0x080074dc   0x00000024   Code   RO         2973    i._Z19xPortSysTickHandlerv  port.o
    0x08007500   0x0000002c   Code   RO         3769    i._Z20ADC_DelayMicroSecondj  stm32l0xx_hal_adc.o
    0x0800752c   0x000000a8   Code   RO         8912    i._Z20__YYMMDD_to_int32daythh  time-stamp.o
    0x080075d4   0x00000004   Code   RO         9277    i._Z20__hal_cal_fi_holidayv  data-protocol-ex.o
    0x080075d8   0x00000028   Code   RO         8913    i._Z20__hhmmss_to_int32sechhh  time-stamp.o
    0x08007600   0x00000048   Code   RO         8914    i._Z20__int32sec_to_hhmmssjPhS_S_  time-stamp.o
    0x08007648   0x00000050   Code   RO         9446    i._Z20__szrq_get_warn_typev  szrq-comm-protocol.o
    0x08007698   0x0000002c   Code   RO         8915    i._Z20dt_format_bcd_to_hexP13sysDataTime_t  time-stamp.o
    0x080076c4   0x0000002c   Code   RO         8916    i._Z20dt_format_hex_to_bcdP13sysDataTime_t  time-stamp.o
    0x080076f0   0x00000018   Code   RO          657    i._Z20event_process_unlockv  m_event.o
    0x08007708   0x00000002   Code   RO          658    i._Z20event_rtc_change_dayv  m_event.o
    0x0800770a   0x00000002   PAD
    0x0800770c   0x00000028   Code   RO            6    i._Z20m_thread_create_mainv  main.o
    0x08007734   0x0000000e   Code   RO         1795    i._Z20makeFreeRtosPriority10osPriority  cmsis_os.o
    0x08007742   0x0000002c   Code   RO         2392    i._Z20prvCopyDataFromQueueP15QueueDefinitionPv  queue.o
    0x0800776e   0x00000002   PAD
    0x08007770   0x00000088   Code   RO         1095    i._Z20ui_disp_menu_balancev  ui.o
    0x080077f8   0x000000d0   Code   RO         9278    i._Z21__hal_cal_warning_offv  data-protocol-ex.o
    0x080078c8   0x00000048   Code   RO         9447    i._Z21__szrq_get_off_reasonv  szrq-comm-protocol.o
    0x08007910   0x00000080   Code   RO         9448    i._Z21__szrq_ins_common_rspPhtS_t  szrq-comm-protocol.o
    0x08007990   0x000000bc   Code   RO         9449    i._Z21__szrq_ins_valve_ctrlPhtS_t  szrq-comm-protocol.o
    0x08007a4c   0x0000001c   Code   RO          659    i._Z21app_valve_on_msg_sendv  m_event.o
    0x08007a68   0x00000008   Code   RO          660    i._Z21event_rtc_change_hourv  m_event.o
    0x08007a70   0x00000078   Code   RO          661    i._Z21event_rtc_date_time_xv  m_event.o
    0x08007ae8   0x000000d8   Code   RO          662    i._Z21event_rtc_process_secv  m_event.o
    0x08007bc0   0x0000000a   Code   RO         8759    i._Z21m_timer_error_handlerv  m_timer.o
    0x08007bca   0x00000002   PAD
    0x08007bcc   0x00000028   Code   RO         9450    i._Z22__szrq_get_batPercent0v  szrq-comm-protocol.o
    0x08007bf4   0x00000006   Code   RO         9451    i._Z22__szrq_get_batPercent1v  szrq-comm-protocol.o
    0x08007bfa   0x00000002   PAD
    0x08007bfc   0x0000003c   Code   RO         9452    i._Z22__szrq_ins_read_freezePhtS_t  szrq-comm-protocol.o
    0x08007c38   0x0000001c   Code   RO          663    i._Z22app_valve_off_msg_sendv  m_event.o
    0x08007c54   0x00000104   Code   RO          664    i._Z22event_key_down_processv  m_event.o
    0x08007d58   0x000000f4   Code   RO         1685    i._Z22m_flow_no_flow_protectv  flow-ex.o
    0x08007e4c   0x0000004c   Code   RO         8083    i._Z22m_gpio_config_lpusart1v  m_uart.o
    0x08007e98   0x00000046   Code   RO         2593    i._Z22prvAllocateTCBAndStacktPj  tasks.o
    0x08007ede   0x00000002   PAD
    0x08007ee0   0x00000038   Code   RO         2594    i._Z22prvGetExpectedIdleTimev  tasks.o
    0x08007f18   0x00000064   Code   RO         2595    i._Z22prvInitialiseTaskListsv  tasks.o
    0x08007f7c   0x00000038   Code   RO         1097    i._Z22ui_disp_buy_gas_promptv  ui.o
    0x08007fb4   0x00000020   Code   RO         1098    i._Z22ui_disp_seg_shell_openv  ui.o
    0x08007fd4   0x00000034   Code   RO         9279    i._Z23__hal_calc_total_volumev  data-protocol-ex.o
    0x08008008   0x00000044   Code   RO         9453    i._Z23__szrq_get_valve_statusv  szrq-comm-protocol.o
    0x0800804c   0x000000a4   Code   RO         9454    i._Z23__szrq_ins_sync_balancePhtS_t  szrq-comm-protocol.o
    0x080080f0   0x000000b0   Code   RO          666    i._Z23even_key_down_super_payv  m_event.o
    0x080081a0   0x00000024   Code   RO          667    i._Z23even_send_msg_to_rf_offv  m_event.o
    0x080081c4   0x00000014   Code   RO          668    i._Z23event_rtc_change_minutev  m_event.o
    0x080081d8   0x00000002   Code   RO          669    i._Z23event_rtc_change_secondv  m_event.o
    0x080081da   0x00000002   PAD
    0x080081dc   0x000000ac   Code   RO            7    i._Z23pre_star_thread_main_00v  main.o
    0x08008288   0x00000024   Code   RO            8    i._Z23pre_star_thread_main_01v  main.o
    0x080082ac   0x00000038   Code   RO         1099    i._Z23ui_disp_menu_totale_volv  ui.o
    0x080082e4   0x00000018   Code   RO         9281    i._Z24__hal_cal_get_flow_pulsev  data-protocol-ex.o
    0x080082fc   0x00000044   Code   RO         1100    i._Z24__ui_disp_int32_to_floatih  ui.o
    0x08008340   0x00000084   Code   RO         1101    i._Z24__ui_disp_menu_home_mainv  ui.o
    0x080083c4   0x00000080   Code   RO          671    i._Z24even_key_down_connect_irv  m_event.o
    0x08008444   0x0000008c   Code   RO          672    i._Z24even_key_down_valve_ctrlv  m_event.o
    0x080084d0   0x00000064   Code   RO          673    i._Z24event_no_network_processv  m_event.o
    0x08008534   0x000000e0   Code   RO          674    i._Z24event_shell_open_processv  m_event.o
    0x08008614   0x0000000a   Code   RO         8084    i._Z24m_lpusart1_error_handlerv  m_uart.o
    0x0800861e   0x00000002   PAD
    0x08008620   0x00000120   Code   RO          675    i._Z24szrq_calc_next_report_tmv  m_event.o
    0x08008740   0x00000034   Code   RO         1102    i._Z24ui_disp_menu_current_volv  ui.o
    0x08008774   0x00000038   Code   RO         1103    i._Z24ui_disp_menu_szrq_ov_volv  ui.o
    0x080087ac   0x0000008c   Code   RO         1104    i._Z24ui_disp_seg_valve_statusv  ui.o
    0x08008838   0x0000004c   Code   RO         9282    i._Z25__hal_cal_overage_v_for_mv  data-protocol-ex.o
    0x08008884   0x00000020   Code   RO         9455    i._Z25__szrq_ins_read_all_paramPhtS_t  szrq-comm-protocol.o
    0x080088a4   0x000000a4   Code   RO         9456    i._Z25__szrq_ins_set_comm_paramPhtS_t  szrq-comm-protocol.o
    0x08008948   0x000000d8   Code   RO         9457    i._Z25__szrq_ins_set_warn_paramPhtS_t  szrq-comm-protocol.o
    0x08008a20   0x0000005c   Code   RO          676    i._Z25even_key_down_connect_udpv  m_event.o
    0x08008a7c   0x0000011c   Code   RO          677    i._Z25event_process_ir_receivedv  m_event.o
    0x08008b98   0x000000f8   Code   RO         1686    i._Z25m_flow_hight_flow_protectj  flow-ex.o
    0x08008c90   0x00000002   Code   RO         7615    i._Z25m_gpio_exti0_1_irqhandlerv  m_gpio_config.o
    0x08008c92   0x00000002   PAD
    0x08008c94   0x000000b0   Code   RO         7616    i._Z25m_gpio_exti2_3_irqhandlerv  m_gpio_config.o
    0x08008d44   0x0000005c   Code   RO         2597    i._Z25prvInitialiseTCBVariablesP19tskTaskControlBlockPKcmPK14xMEMORY_REGIONt  tasks.o
    0x08008da0   0x0000007c   Code   RO          678    i._Z25szrq_calc_next_collect_tmv  m_event.o
    0x08008e1c   0x0000005a   Code   RO         1105    i._Z25ui_disp_comm_rssi_segmenth  ui.o
    0x08008e76   0x00000002   PAD
    0x08008e78   0x00000038   Code   RO         1106    i._Z25ui_disp_menu_szrq_balancev  ui.o
    0x08008eb0   0x000000a4   Code   RO         9458    i._Z26__szrq_ins_set_report_pramPhtS_t  szrq-comm-protocol.o
    0x08008f54   0x00000050   Code   RO         1107    i._Z26__ui_disp_menu_home_rf_endv  ui.o
    0x08008fa4   0x00000050   Code   RO         1108    i._Z26__ui_disp_menu_home_rf_recv  ui.o
    0x08008ff4   0x00000134   Code   RO          679    i._Z26check_vavle_open_conditionv  m_event.o
    0x08009128   0x0000000c   Code   RO          680    i._Z26event_disable_sleep_in_lwpv  m_event.o
    0x08009134   0x00000014   Code   RO         1687    i._Z26m_flow_no_pulse_timer_initv  flow-ex.o
    0x08009148   0x000000dc   Code   RO         7617    i._Z26m_gpio_exti4_15_irqhandlerv  m_gpio_config.o
    0x08009224   0x00000034   Code   RO         7876    i._Z26m_pre_pre_sleep_processingv  m_pwr_mng.o
    0x08009258   0x00000068   Code   RO         3181    i._Z26prvInsertBlockIntoFreeListP12A_BLOCK_LINK  heap_4.o
    0x080092c0   0x0000000c   Code   RO         9460    i._Z27__szrq_disable_sleep_in_lwpv  szrq-comm-protocol.o
    0x080092cc   0x000001f0   Code   RO         9461    i._Z27__szrq_load_frame_all_paramPht  szrq-comm-protocol.o
    0x080094bc   0x00000050   Code   RO         1109    i._Z27__ui_disp_menu_home_rf_connv  ui.o
    0x0800950c   0x00000050   Code   RO         1110    i._Z27__ui_disp_menu_home_rf_sendv  ui.o
    0x0800955c   0x00000038   Code   RO         2600    i._Z27prvResetNextTaskUnblockTimev  tasks.o
    0x08009594   0x00000088   Code   RO         9462    i._Z28__szrq_load_frame_base_paramPhtS_t  szrq-comm-protocol.o
    0x0800961c   0x0000005c   Code   RO         9463    i._Z28__szrq_load_frame_comm_paramPhtS_t  szrq-comm-protocol.o
    0x08009678   0x0000009c   Code   RO         9464    i._Z28__szrq_load_frame_valve_ctrlPhth  szrq-comm-protocol.o
    0x08009714   0x00000074   Code   RO         9465    i._Z28__szrq_load_frame_warn_paramPhtS_t  szrq-comm-protocol.o
    0x08009788   0x000000f4   Code   RO         9466    i._Z28__szrq_load_sync_balance_rspPht  szrq-comm-protocol.o
    0x0800987c   0x00000050   Code   RO         1111    i._Z28__ui_disp_menu_home_vavle_onv  ui.o
    0x080098cc   0x00000138   Code   RO          682    i._Z28event_process_check_batterayv  m_event.o
    0x08009a04   0x0000000a   Code   RO         7378    i._Z28m_clock_config_error_handlerv  m_clock_config.o
    0x08009a0e   0x00000002   PAD
    0x08009a10   0x00000054   Code   RO         8086    i._Z28m_lpusart1_received_msg_postv  m_uart.o
    0x08009a64   0x0000007c   Code   RO         1112    i._Z28ui_disp_comm_battery_segmentv  ui.o
    0x08009ae0   0x00000006   Code   RO            9    i._Z28vApplicationMallocFailedHookv  main.o
    0x08009ae6   0x00000002   PAD
    0x08009ae8   0x00000050   Code   RO         1113    i._Z29__ui_disp_menu_home_vavle_offv  ui.o
    0x08009b38   0x00000050   Code   RO          684    i._Z29even_send_msg_to_rf_send_multv  m_event.o
    0x08009b88   0x0000006c   Code   RO          685    i._Z29even_send_msg_to_rf_send_tempv  m_event.o
    0x08009bf4   0x0000000c   Code   RO          686    i._Z29event_set_globle_time_out_maxv  m_event.o
    0x08009c00   0x0000001c   Code   RO         1688    i._Z29m_flow_pulse_timer_table_initv  flow-ex.o
    0x08009c1c   0x00000006   Code   RO           10    i._Z29vApplicationStackOverflowHookPvPc  main.o
    0x08009c22   0x0000006a   Code   RO         9467    i._Z30__szrq_load_frame_report_paramPhtS_t  szrq-comm-protocol.o
    0x08009c8c   0x00000054   Code   RO         2601    i._Z30prvAddCurrentTaskToDelayedListj  tasks.o
    0x08009ce0   0x00000070   Code   RO          687    i._Z31even_send_msg_to_rf_send_singlev  m_event.o
    0x08009d50   0x00000068   Code   RO         2602    i._Z31prvCheckTasksWaitingTerminationv  tasks.o
    0x08009db8   0x00000020   Code   RO          688    i._Z32fi_szrq_ste_close_vavle_close_env  m_event.o
    0x08009dd8   0x00000058   Code   RO         9468    i._Z33__szrq_load_frame_pop_m_body_swapPht  szrq-comm-protocol.o
    0x08009e30   0x00000078   Code   RO          689    i._Z33even_send_msg_to_rf_send_warnninghh  m_event.o
    0x08009ea8   0x000000a4   Code   RO          690    i._Z34event_key_down_process_menu_changev  m_event.o
    0x08009f4c   0x0000002c   Code   RO         9283    i._Z34fi_szrq_balance_off_vavle_close_env  data-protocol-ex.o
    0x08009f78   0x0000002c   Code   RO         9284    i._Z39fi_szrq_balance_temp_off_vavle_close_env  data-protocol-ex.o
    0x08009fa4   0x0000002c   Code   RO         9285    i._Z39fi_szrq_balance_warn_off_vavle_close_env  data-protocol-ex.o
    0x08009fd0   0x00000020   Code   RO          691    i._Z39fi_szrq_shell_open_close_vavle_close_env  m_event.o
    0x08009ff0   0x0000006c   Code   RO         7967    i._Z9m_rtc_setP13sysDataTime_t  m_rtc.o
    0x0800a05c   0x0000001c   Code   RO         1051    i.__ARM_common_switch8  m_event.o
    0x0800a078   0x00000054   Code   RO         9286    i.__hal_calc_all_redo  data-protocol-ex.o
    0x0800a0cc   0x000000ac   Code   RO         8917    i.__int32day_to_YYMMDD  time-stamp.o
    0x0800a178   0x00000114   Code   RO         9469    i.__szrq_load_frame_freeze  szrq-comm-protocol.o
    0x0800a28c   0x00000058   Code   RO         9470    i.__szrq_load_frame_header  szrq-comm-protocol.o
    0x0800a2e4   0x000002ac   Code   RO         9471    i.__szrq_load_frame_pop_m  szrq-comm-protocol.o
    0x0800a590   0x000001c0   Code   RO         9472    i.__szrq_load_frame_pop_s  szrq-comm-protocol.o
    0x0800a750   0x00000198   Code   RO         9474    i.__szrq_load_frame_warn_report_ex  szrq-comm-protocol.o
    0x0800a8e8   0x00000028   Code   RO         9475    i.__szrq_modify_hase_more  szrq-comm-protocol.o
    0x0800a910   0x00000114   Code   RO         9476    i.__szrq_received_process  szrq-comm-protocol.o
    0x0800aa24   0x000000d8   Code   RO         9287    i.api_calc_all      data-protocol-ex.o
    0x0800aafc   0x0000001c   Code   RO         7968    i.api_rtc_set       m_rtc.o
    0x0800ab18   0x00000064   Code   RO         9289    i.api_sysdata_save  data-protocol-ex.o
    0x0800ab7c   0x0000005c   Code   RO         1392    i.app_valve_off     valve_api.o
    0x0800abd8   0x000000c4   Code   RO         1393    i.app_valve_on      valve_api.o
    0x0800ac9c   0x0000001a   Code   RO         8846    i.crc_append        crc16_sf.o
    0x0800acb6   0x00000002   PAD
    0x0800acb8   0x00000034   Code   RO         8847    i.crc_sum           crc16_sf.o
    0x0800acec   0x0000002e   Code   RO         8849    i.crc_verify        crc16_sf.o
    0x0800ad1a   0x00000002   PAD
    0x0800ad1c   0x00000040   Code   RO         2603    i.eTaskConfirmSleepModeStatus  tasks.o
    0x0800ad5c   0x00000028   Code   RO          692    i.even_send_msg_to_start_rf  m_event.o
    0x0800ad84   0x00000008   Code   RO          694    i.event_process_day_change  m_event.o
    0x0800ad8c   0x00000030   Code   RO          695    i.event_start_waite_power_up  m_event.o
    0x0800adbc   0x00000014   Code   RO         1114    i.fi_id_writed_in_dlcs_a  ui.o
    0x0800add0   0x00000020   Code   RO          425    i.freeze_item_get_num  data.o
    0x0800adf0   0x000000b8   Code   RO          428    i.freeze_item_save  data.o
    0x0800aea8   0x00000040   Code   RO          432    i.freeze_part_init  data.o
    0x0800aee8   0x00000050   Code   RO         1428    i.get_battary_rtadc  volt-dec.o
    0x0800af38   0x00000068   Code   RO         1429    i.get_internal_vref_rtadc  volt-dec.o
    0x0800afa0   0x0000007c   Code   RO         1430    i.get_power_status  volt-dec.o
    0x0800b01c   0x00000010   Code   RO         8761    i.ir_disable        m_timer.o
    0x0800b02c   0x0000003c   Code   RO         8762    i.ir_idle_time_hook  m_timer.o
    0x0800b068   0x00000030   Code   RO         8763    i.ir_received_ready  m_timer.o
    0x0800b098   0x0000003a   Code   RO         8919    i.is_leap_year      time-stamp.o
    0x0800b0d2   0x00000002   PAD
    0x0800b0d4   0x00000030   Code   RO         8088    i.lpusart1_idle_time_hook  m_uart.o
    0x0800b104   0x0000000c   Code   RO         8089    i.lpusart1_idle_time_reset  m_uart.o
    0x0800b110   0x00000078   Code   RO         8659    i.m_adc_init        m_adc.o
    0x0800b188   0x0000002c   Code   RO         8660    i.m_adc_polling_read  m_adc.o
    0x0800b1b4   0x00000030   Code   RO         8661    i.m_adc_start_conversion_first  m_adc.o
    0x0800b1e4   0x00000028   Code   RO         8662    i.m_adc_stop_conversion_first  m_adc.o
    0x0800b20c   0x00000050   Code   RO         8523    i.m_buzzer_init     m_buzzer.o
    0x0800b25c   0x00000014   Code   RO         8524    i.m_buzzer_off      m_buzzer.o
    0x0800b270   0x00000014   Code   RO         8525    i.m_buzzer_on       m_buzzer.o
    0x0800b284   0x00000032   Code   RO         7380    i.m_clock_config_enable_msi  m_clock_config.o
    0x0800b2b6   0x0000002e   Code   RO         7381    i.m_clock_select_msi  m_clock_config.o
    0x0800b2e4   0x0000006c   Code   RO         7383    i.m_clock_set_system_clock_hsi  m_clock_config.o
    0x0800b350   0x00000054   Code   RO         7384    i.m_clock_set_system_clock_msi  m_clock_config.o
    0x0800b3a4   0x00000078   Code   RO         7587    i.m_flash_write_eeprom  m_flash.o
    0x0800b41c   0x00000030   Code   RO         1689    i.m_flow_all_data_init  flow-ex.o
    0x0800b44c   0x0000006c   Code   RO         1690    i.m_flow_calc_second  flow-ex.o
    0x0800b4b8   0x00000074   Code   RO         1691    i.m_flow_process_ex  flow-ex.o
    0x0800b52c   0x00000054   Code   RO         1692    i.m_flow_pulse_timer_table_push  flow-ex.o
    0x0800b580   0x00000014   Code   RO         7618    i.m_gpio_config_adcin11  m_gpio_config.o
    0x0800b594   0x00000020   Code   RO         7619    i.m_gpio_config_ain_leak_disable  m_gpio_config.o
    0x0800b5b4   0x00000020   Code   RO         7620    i.m_gpio_config_ain_leak_enable  m_gpio_config.o
    0x0800b5d4   0x00000018   Code   RO         7621    i.m_gpio_config_alarm  m_gpio_config.o
    0x0800b5ec   0x00000014   Code   RO         7622    i.m_gpio_config_alarm_dect  m_gpio_config.o
    0x0800b600   0x00000018   Code   RO         7623    i.m_gpio_config_alarm_irq_disable  m_gpio_config.o
    0x0800b618   0x00000014   Code   RO         7624    i.m_gpio_config_alarm_irq_re_enable  m_gpio_config.o
    0x0800b62c   0x00000018   Code   RO         7626    i.m_gpio_config_flow_irq_disable  m_gpio_config.o
    0x0800b644   0x00000014   Code   RO         7627    i.m_gpio_config_flow_irq_re_enable  m_gpio_config.o
    0x0800b658   0x00000018   Code   RO         7628    i.m_gpio_config_flow_pin  m_gpio_config.o
    0x0800b670   0x00000018   Code   RO         7629    i.m_gpio_config_ir_rx_config  m_gpio_config.o
    0x0800b688   0x00000018   Code   RO         7630    i.m_gpio_config_key0_irq  m_gpio_config.o
    0x0800b6a0   0x00000018   Code   RO         7631    i.m_gpio_config_key0_irq_disable  m_gpio_config.o
    0x0800b6b8   0x00000014   Code   RO         7632    i.m_gpio_config_key0_irq_re_enable  m_gpio_config.o
    0x0800b6cc   0x000000d0   Code   RO         8470    i.m_gpio_config_lcd  m_lcd_hal.o
    0x0800b79c   0x00000014   Code   RO         7633    i.m_gpio_config_shell_open  m_gpio_config.o
    0x0800b7b0   0x00000018   Code   RO         7634    i.m_gpio_config_ste  m_gpio_config.o
    0x0800b7c8   0x00000018   Code   RO         7635    i.m_gpio_config_ste_irq_disable  m_gpio_config.o
    0x0800b7e0   0x00000014   Code   RO         7636    i.m_gpio_config_ste_irq_re_enable  m_gpio_config.o
    0x0800b7f4   0x00000020   Code   RO         7637    i.m_gpio_config_vavle  m_gpio_config.o
    0x0800b814   0x00000014   Code   RO         7639    i.m_gpio_exti2_3_enable  m_gpio_config.o
    0x0800b828   0x00000014   Code   RO         7641    i.m_gpio_exti4_15_enable  m_gpio_config.o
    0x0800b83c   0x000000c8   Code   RO         7642    i.m_gpio_into_lpw   m_gpio_config.o
    0x0800b904   0x00000018   Code   RO         7643    i.m_gpio_ir_rx_irq_disanle  m_gpio_config.o
    0x0800b91c   0x00000014   Code   RO         7644    i.m_gpio_ir_rx_irq_enanle  m_gpio_config.o
    0x0800b930   0x00000014   Code   RO         7645    i.m_gpio_ir_rx_pwr_off  m_gpio_config.o
    0x0800b944   0x0000001c   Code   RO         7646    i.m_gpio_ir_rx_pwr_on  m_gpio_config.o
    0x0800b960   0x00000118   Code   RO         7647    i.m_gpio_set_mode   m_gpio_config.o
    0x0800ba78   0x00000018   Code   RO         7648    i.m_gpio_write      m_gpio_config.o
    0x0800ba90   0x0000005e   Code   RO         9016    i.m_int_2_str_ex    m_string.o
    0x0800baee   0x00000002   PAD
    0x0800baf0   0x00000014   Code   RO         8333    i.m_lcd_all_off     m_lcd.o
    0x0800bb04   0x00000014   Code   RO         8334    i.m_lcd_all_on      m_lcd.o
    0x0800bb18   0x00000040   Code   RO         8338    i.m_lcd_disp_dig    m_lcd.o
    0x0800bb58   0x00000044   Code   RO         8339    i.m_lcd_disp_dp     m_lcd.o
    0x0800bb9c   0x00000030   Code   RO         8340    i.m_lcd_disp_seg    m_lcd.o
    0x0800bbcc   0x00000050   Code   RO         8341    i.m_lcd_disp_str    m_lcd.o
    0x0800bc1c   0x00000008   Code   RO         8343    i.m_lcd_init        m_lcd.o
    0x0800bc24   0x00000020   Code   RO         8345    i.m_lcd_ram_set     m_lcd.o
    0x0800bc44   0x00000010   Code   RO         8346    i.m_lcd_refresh     m_lcd.o
    0x0800bc54   0x0000003c   Code   RO         8090    i.m_lpusart1_deinit  m_uart.o
    0x0800bc90   0x00000074   Code   RO         8093    i.m_lpusart1_init   m_uart.o
    0x0800bd04   0x00000002   Code   RO         8094    i.m_lpusart1_received_echo  m_uart.o
    0x0800bd06   0x00000002   PAD
    0x0800bd08   0x00000024   Code   RO         8095    i.m_lpusart1_received_start  m_uart.o
    0x0800bd2c   0x00000024   Code   RO         8097    i.m_lpusart1_send_byte_poll  m_uart.o
    0x0800bd50   0x00000030   Code   RO         8099    i.m_lpusart1_send_str  m_uart.o
    0x0800bd80   0x00000022   Code   RO         9017    i.m_math_pow        m_string.o
    0x0800bda2   0x00000014   Code   RO         9018    i.m_mem_cpy         m_string.o
    0x0800bdb6   0x00000014   Code   RO         9019    i.m_mem_cpy_len     m_string.o
    0x0800bdca   0x00000014   Code   RO         9020    i.m_mem_set         m_string.o
    0x0800bdde   0x00000002   PAD
    0x0800bde0   0x00000034   Code   RO         7877    i.m_pre_pre_stop_processing  m_pwr_mng.o
    0x0800be14   0x00000040   Code   RO         8280    i.m_rng_generation  m_rng.o
    0x0800be54   0x00000030   Code   RO         8281    i.m_rng_init        m_rng.o
    0x0800be84   0x00000010   Code   RO         8282    i.m_rng_reinit      m_rng.o
    0x0800be94   0x00000010   Code   RO         7970    i.m_rtc_disable_wakeup  m_rtc.o
    0x0800bea4   0x00000014   Code   RO         7971    i.m_rtc_enable_wakeup  m_rtc.o
    0x0800beb8   0x00000084   Code   RO         7972    i.m_rtc_get         m_rtc.o
    0x0800bf3c   0x0000004c   Code   RO         7973    i.m_rtc_init        m_rtc.o
    0x0800bf88   0x0000000c   Code   RO         7974    i.m_soft_wdg_clr    m_rtc.o
    0x0800bf94   0x00000026   Code   RO         9024    i.m_str_cmp_len     m_string.o
    0x0800bfba   0x00000020   Code   RO         9025    i.m_str_cpy         m_string.o
    0x0800bfda   0x00000052   Code   RO         9029    i.m_str_match       m_string.o
    0x0800c02c   0x00000052   Code   RO         9030    i.m_str_match_ex    m_string.o
    0x0800c07e   0x00000002   PAD
    0x0800c080   0x00000028   Code   RO          697    i.m_thread_create_event  m_event.o
    0x0800c0a8   0x00000028   Code   RO          698    i.m_thread_create_flow_puls  m_event.o
    0x0800c0d0   0x0000003c   Code   RO         1502    i.m_thread_create_nb_mtk  mtk.o
    0x0800c10c   0x00000050   Code   RO         9290    i.m_thread_create_sysdata  data-protocol-ex.o
    0x0800c15c   0x00000010   Code   RO         3273    i.m_timer_2_irqhandler  stm32l0xx_it.o
    0x0800c16c   0x00000010   Code   RO         8764    i.m_timer_deinit    m_timer.o
    0x0800c17c   0x0000004c   Code   RO         8765    i.m_timer_init      m_timer.o
    0x0800c1c8   0x00000070   Code   RO           14    i.main              main.o
    0x0800c238   0x00000038   Code   RO         7878    i.mcu_error_reset   m_pwr_mng.o
    0x0800c270   0x00000076   Code   RO         9031    i.my_scanf_int16    m_string.o
    0x0800c2e6   0x0000001a   Code   RO         1796    i.osDelay           cmsis_os.o
    0x0800c300   0x00000016   Code   RO         1800    i.osKernelSysTick   cmsis_os.o
    0x0800c316   0x00000012   Code   RO         1807    i.osMessageCreate   cmsis_os.o
    0x0800c328   0x000000a4   Code   RO         1808    i.osMessageGet      cmsis_os.o
    0x0800c3cc   0x00000060   Code   RO         1810    i.osMessagePut      cmsis_os.o
    0x0800c42c   0x0000000c   Code   RO         1811    i.osMutexCreate     cmsis_os.o
    0x0800c438   0x0000004c   Code   RO         1813    i.osMutexRelease    cmsis_os.o
    0x0800c484   0x00000070   Code   RO         1814    i.osMutexWait       cmsis_os.o
    0x0800c4f4   0x00000054   Code   RO         1826    i.osSignalSet       cmsis_os.o
    0x0800c548   0x00000070   Code   RO         1827    i.osSignalWait      cmsis_os.o
    0x0800c5b8   0x00000010   Code   RO         1828    i.osSystickHandler  cmsis_os.o
    0x0800c5c8   0x0000003a   Code   RO         1829    i.osThreadCreate    cmsis_os.o
    0x0800c602   0x00000008   Code   RO         1830    i.osThreadGetId     cmsis_os.o
    0x0800c60a   0x00000002   PAD
    0x0800c60c   0x00000070   Code   RO         7880    i.prvSetupTimerInterrupt  m_pwr_mng.o
    0x0800c67c   0x00000154   Code   RO         3182    i.pvPortMalloc      heap_4.o
    0x0800c7d0   0x00000020   Code   RO         2604    i.pvTaskIncrementMutexHeldCount  tasks.o
    0x0800c7f0   0x00000020   Code   RO         2975    i.pxPortInitialiseStack  port.o
    0x0800c810   0x0000006c   Code   RO         9186    i.qc_data_clear_sysdata_to_dcls_b  15e-data-protocol.o
    0x0800c87c   0x00000024   Code   RO         9187    i.qc_data_device_even_lock_clear  15e-data-protocol.o
    0x0800c8a0   0x00000018   Code   RO          433    i.qc_data_mutex_create  data.o
    0x0800c8b8   0x00000014   Code   RO          434    i.qc_data_read_from_media  data.o
    0x0800c8cc   0x0000002c   Code   RO         9188    i.qc_data_realtime_data_clear  15e-data-protocol.o
    0x0800c8f8   0x0000011c   Code   RO          436    i.qc_data_sysdata_init  data.o
    0x0800ca14   0x00000078   Code   RO          437    i.qc_data_sysdata_set_default  data.o
    0x0800ca8c   0x00000014   Code   RO          439    i.qc_data_write_to_media  data.o
    0x0800caa0   0x00000048   Code   RO          440    i.rf_send_fifo_delete_tail  data.o
    0x0800cae8   0x00000028   Code   RO          441    i.rf_send_fifo_format  data.o
    0x0800cb10   0x0000008c   Code   RO          442    i.rf_send_fifo_get_tail  data.o
    0x0800cb9c   0x00000040   Code   RO          443    i.rf_send_fifo_init  data.o
    0x0800cbdc   0x000000d8   Code   RO          444    i.rf_send_fifo_push  data.o
    0x0800ccb4   0x0000001c   Code   RO         9033    i.swap_uint32       m_string.o
    0x0800ccd0   0x00000034   Code   RO         8920    i.system_dt_to_time_stamp  time-stamp.o
    0x0800cd04   0x00000018   Code   RO          445    i.szrq_item_get_num  data.o
    0x0800cd1c   0x0000003c   Code   RO          446    i.szrq_item_get_unread_num  data.o
    0x0800cd58   0x00000078   Code   RO          447    i.szrq_item_read    data.o
    0x0800cdd0   0x000000b8   Code   RO          448    i.szrq_item_save    data.o
    0x0800ce88   0x00000044   Code   RO          449    i.szrq_item_set_read_loc  data.o
    0x0800cecc   0x00000028   Code   RO          450    i.szrq_part_format  data.o
    0x0800cef4   0x00000070   Code   RO         8922    i.time_stamp_to_system_dt  time-stamp.o
    0x0800cf64   0x0000002c   Code   RO         1115    i.ui_disp_device_ver  ui.o
    0x0800cf90   0x00000128   Code   RO         1116    i.ui_disp_menu      ui.o
    0x0800d0b8   0x00000028   Code   RO         2331    i.uxListRemove      list.o
    0x0800d0e0   0x0000001c   Code   RO         2976    i.vAssertCalled     port.o
    0x0800d0fc   0x0000001a   Code   RO         2332    i.vListInitialise   list.o
    0x0800d116   0x00000006   Code   RO         2333    i.vListInitialiseItem  list.o
    0x0800d11c   0x00000036   Code   RO         2334    i.vListInsert       list.o
    0x0800d152   0x00000018   Code   RO         2335    i.vListInsertEnd    list.o
    0x0800d16a   0x00000002   PAD
    0x0800d16c   0x0000001c   Code   RO         2978    i.vPortEnterCritical  port.o
    0x0800d188   0x00000048   Code   RO         2979    i.vPortExitCritical  port.o
    0x0800d1d0   0x000000ac   Code   RO         3183    i.vPortFree         heap_4.o
    0x0800d27c   0x00000200   Code   RO         7881    i.vPortSuppressTicksAndSleep  m_pwr_mng.o
    0x0800d47c   0x00000018   Code   RO         2981    i.vPortYield        port.o
    0x0800d494   0x0000007c   Code   RO         2612    i.vTaskDelay        tasks.o
    0x0800d510   0x0000000c   Code   RO         2615    i.vTaskMissedYield  tasks.o
    0x0800d51c   0x00000078   Code   RO         2617    i.vTaskPlaceOnEventList  tasks.o
    0x0800d594   0x0000008c   Code   RO         2619    i.vTaskPriorityInherit  tasks.o
    0x0800d620   0x00000044   Code   RO         2623    i.vTaskSetTimeOutState  tasks.o
    0x0800d664   0x00000078   Code   RO         2624    i.vTaskStartScheduler  tasks.o
    0x0800d6dc   0x00000058   Code   RO         2625    i.vTaskStepTick     tasks.o
    0x0800d734   0x00000010   Code   RO         2627    i.vTaskSuspendAll   tasks.o
    0x0800d744   0x000000cc   Code   RO         2628    i.vTaskSwitchContext  tasks.o
    0x0800d810   0x00000038   Code   RO         1394    i.vavle_off_for_start  valve_api.o
    0x0800d848   0x00000064   Code   RO          699    i.vavle_off_from_app  m_event.o
    0x0800d8ac   0x0000002c   Code   RO          700    i.vavle_on_from_app  m_event.o
    0x0800d8d8   0x00000038   Code   RO         2982    i.xPortStartScheduler  port.o
    0x0800d910   0x00000078   Code   RO         2403    i.xQueueCreateMutex  queue.o
    0x0800d988   0x0000009c   Code   RO         2404    i.xQueueGenericCreate  queue.o
    0x0800da24   0x0000019c   Code   RO         2405    i.xQueueGenericReceive  queue.o
    0x0800dbc0   0x000000a0   Code   RO         2406    i.xQueueGenericReset  queue.o
    0x0800dc60   0x0000017c   Code   RO         2407    i.xQueueGenericSend  queue.o
    0x0800dddc   0x000000dc   Code   RO         2408    i.xQueueGenericSendFromISR  queue.o
    0x0800deb8   0x000000c8   Code   RO         2409    i.xQueueGiveFromISR  queue.o
    0x0800df80   0x000000b8   Code   RO         2414    i.xQueueReceiveFromISR  queue.o
    0x0800e038   0x00000098   Code   RO         2629    i.xTaskCheckForTimeOut  tasks.o
    0x0800e0d0   0x00000164   Code   RO         2630    i.xTaskGenericCreate  tasks.o
    0x0800e234   0x000000fc   Code   RO         2631    i.xTaskGenericNotify  tasks.o
    0x0800e330   0x0000000c   Code   RO         2632    i.xTaskGetCurrentTaskHandle  tasks.o
    0x0800e33c   0x00000024   Code   RO         2633    i.xTaskGetSchedulerState  tasks.o
    0x0800e360   0x0000000c   Code   RO         2634    i.xTaskGetTickCount  tasks.o
    0x0800e36c   0x0000000c   Code   RO         2635    i.xTaskGetTickCountFromISR  tasks.o
    0x0800e378   0x00000160   Code   RO         2636    i.xTaskIncrementTick  tasks.o
    0x0800e4d8   0x00000118   Code   RO         2637    i.xTaskNotifyFromISR  tasks.o
    0x0800e5f0   0x000000bc   Code   RO         2638    i.xTaskNotifyWait   tasks.o
    0x0800e6ac   0x000000b0   Code   RO         2639    i.xTaskPriorityDisinherit  tasks.o
    0x0800e75c   0x000000ac   Code   RO         2640    i.xTaskRemoveFromEventList  tasks.o
    0x0800e808   0x0000010c   Code   RO         2642    i.xTaskResumeAll    tasks.o
    0x0800e914   0x000000b0   Code   RO         9789    x$fpl$fmul          fz_ps.l(fmul.o)
    0x0800e9c4   0x00000000   Code   RO         9796    x$fpl$usenofp       fz_ps.l(usenofp.o)
    0x0800e9c4   0x00000014   Data   RO           27    .constdata          main.o
    0x0800e9d8   0x00000028   Data   RO          757    .constdata          m_event.o
    0x0800ea00   0x00000044   Data   RO         1160    .constdata          ui.o
    0x0800ea44   0x0000001c   Data   RO         1529    .constdata          mtk.o
    0x0800ea60   0x00000019   Data   RO         3498    .constdata          system_stm32l0xx.o
    0x0800ea79   0x00000010   Data   RO         5408    .constdata          stm32l0xx_hal_rcc.o
    0x0800ea89   0x00000063   Data   RO         8364    .constdata          m_lcd.o
    0x0800eaec   0x00000020   Data   RO         8934    .constdata          time-stamp.o
    0x0800eb0c   0x00000115   Data   RO         9056    .constdata          m_string.o
    0x0800ec21   0x00000003   PAD
    0x0800ec24   0x00000194   Data   RO         9199    .constdata          15e-data-protocol.o
    0x0800edb8   0x00000024   Data   RO         9312    .constdata          data-protocol-ex.o
    0x0800eddc   0x00000080   Data   RO         9772    .constdata          fz_ps.l(ddiv.o)
    0x0800ee5c   0x00000040   Data   RO         9781    .constdata          fz_ps.l(fdiv.o)
    0x0800ee9c   0x0000000a   Data   RO           28    .conststring        main.o
    0x0800eea6   0x00000002   PAD
    0x0800eea8   0x0000001b   Data   RO          758    .conststring        m_event.o
    0x0800eec3   0x00000001   PAD
    0x0800eec4   0x00000008   Data   RO         1530    .conststring        mtk.o
    0x0800eecc   0x0000000f   Data   RO         9313    .conststring        data-protocol-ex.o
    0x0800eedb   0x00000001   PAD
    0x0800eedc   0x00000020   Data   RO         9957    Region$$Table       anon$$obj.o


    Execution Region RW_IRAM1 (Base: 0x20000000, Size: 0x00004228, Max: 0x00005000, ABSOLUTE, COMPRESSED[0x00000040])

    Base Addr    Size         Type   Attr      Idx    E Section Name        Object

    0x20000000   0x00000004   Data   RW           29    .data               main.o
    0x20000004   0x00000010   Data   RW          479    .data               data.o
    0x20000014   0x00000039   Data   RW          759    .data               m_event.o
    0x2000004d   0x00000002   Data   RW         1161    .data               ui.o
    0x2000004f   0x00000001   PAD
    0x20000050   0x00000018   Data   RW         1436    .data               volt-dec.o
    0x20000068   0x00000023   Data   RW         1531    .data               mtk.o
    0x2000008b   0x00000001   PAD
    0x2000008c   0x00000040   Data   RW         1708    .data               flow-ex.o
    0x200000cc   0x00000038   Data   RW         2698    .data               tasks.o
    0x20000104   0x00000010   Data   RW         2995    .data               port.o
    0x20000114   0x00000018   Data   RW         3195    .data               heap_4.o
    0x2000012c   0x00000004   Data   RW         3499    .data               system_stm32l0xx.o
    0x20000130   0x00000004   Data   RW         3586    .data               stm32l0xx_hal.o
    0x20000134   0x0000000c   Data   RW         7989    .data               m_rtc.o
    0x20000140   0x00000011   Data   RW         8128    .data               m_uart.o
    0x20000151   0x00000001   PAD
    0x20000152   0x00000002   Data   RW         8365    .data               m_lcd.o
    0x20000154   0x0000000c   Data   RW         8777    .data               m_timer.o
    0x20000160   0x0000003d   Data   RW         9200    .data               15e-data-protocol.o
    0x2000019d   0x00000003   PAD
    0x200001a0   0x0000000c   Data   RW         9314    .data               data-protocol-ex.o
    0x200001ac   0x00000016   Data   RW         9518    .data               szrq-comm-protocol.o
    0x200001c2   0x00000002   PAD
    0x200001c4   0x00000010   Zero   RW         1159    .bss                ui.o
    0x200001d4   0x00000135   Zero   RW         1528    .bss                mtk.o
    0x20000309   0x00000003   PAD
    0x2000030c   0x00000138   Zero   RW         1706    .bss                flow-ex.o
    0x20000444   0x000000f0   Zero   RW         2697    .bss                tasks.o
    0x20000534   0x00003000   Zero   RW         3194    .bss                heap_4.o
    0x20003534   0x00000024   Zero   RW         3294    .bss                stm32l0xx_it.o
    0x20003558   0x00000018   Zero   RW         4534    .bss                stm32l0xx_hal_flash.o
    0x20003570   0x00000024   Zero   RW         7988    .bss                m_rtc.o
    0x20003594   0x00000370   Zero   RW         8127    .bss                m_uart.o
    0x20003904   0x0000000c   Zero   RW         8288    .bss                m_rng.o
    0x20003910   0x0000003c   Zero   RW         8363    .bss                m_lcd.o
    0x2000394c   0x00000060   Zero   RW         8669    .bss                m_adc.o
    0x200039ac   0x00000058   Zero   RW         8776    .bss                m_timer.o
    0x20003a04   0x000003c0   Zero   RW         9198    .bss                15e-data-protocol.o
    0x20003dc4   0x00000060   Zero   RW         9830    .bss                c_p.l(libspace.o)
    0x20003e24   0x00000004   PAD
    0x20003e28   0x00000200   Zero   RW         3246    HEAP                startup_stm32l073xx.o
    0x20004028   0x00000200   Zero   RW         3245    STACK               startup_stm32l073xx.o


==============================================================================

Image component sizes


      Code (inc. data)   RO Data    RW Data    ZI Data      Debug   Object Name

       188         36        404         61        960       9829   15e-data-protocol.o
       836         26          0          0          0      23948   cmsis_os.o
       178         10          0          0          0       5513   crc16_sf.o
         0          0          0          0          0      10600   croutine.o
      1984        276         51         12          0      11534   data-protocol-ex.o
      1776        154          0         16          0      14166   data.o
      1480        190          0         64        312       8361   flow-ex.o
       740        134          0         24      12288       3599   heap_4.o
       150          0          0          0          0       9926   list.o
       290         38          0          0         96       3495   m_adc.o
       120         22          0          0          0     161129   m_buzzer.o
       518         30          0          0          0     202538   m_clock_config.o
      5620        702         67         57          0      35634   m_event.o
       120         12          0          0          0       1279   m_flash.o
      1486        240          0          0          0      15521   m_gpio_config.o
       356         44         99          2         60       5118   m_lcd.o
       324         44          0          0          0       2049   m_lcd_hal.o
       904         68          0          0          0      12300   m_pwr_mng.o
       352         24          0          0         12       3305   m_rng.o
       622         68          0         12         36       5884   m_rtc.o
       568          0        277          0          0       7233   m_string.o
       594         60          0         12         88       4951   m_timer.o
      1064        136          0         17        880      10369   m_uart.o
       644         76         30          4          0     235460   main.o
      4100        768         36         35        309      27236   mtk.o
       340         90          0         16          0       7611   port.o
       108          6          0          0          0        532   port_1.o
      2204        252          0          0          0      14284   queue.o
        64         28        192          0       1024        672   startup_stm32l073xx.o
         0          0          0          4          0        905   stm32l0xx_hal.o
      1762         32          0          0          0       8995   stm32l0xx_hal_adc.o
       184          0          0          0          0       1302   stm32l0xx_hal_adc_ex.o
       102         10          0          0          0       1589   stm32l0xx_hal_comp.o
       186         22          0          0          0      10394   stm32l0xx_hal_cortex.o
       488         46          0          0         24       4933   stm32l0xx_hal_flash.o
       800         62          0          0          0       2294   stm32l0xx_hal_gpio.o
       444          4          0          0          0       2459   stm32l0xx_hal_lcd.o
       152         20          0          0          0       1696   stm32l0xx_hal_pwr.o
        40          8          0          0          0        921   stm32l0xx_hal_pwr_ex.o
      2488         96         16          0          0       5996   stm32l0xx_hal_rcc.o
       624         14          0          0          0       1416   stm32l0xx_hal_rcc_ex.o
       256          0          0          0          0       2343   stm32l0xx_hal_rng.o
      1022         14          0          0          0       5058   stm32l0xx_hal_rtc.o
       574         16          0          0          0       2558   stm32l0xx_hal_rtc_ex.o
       658         18          0          0          0       5305   stm32l0xx_hal_tim.o
      2260         84          0          0          0       6758   stm32l0xx_hal_uart.o
       256         48          0          0         36     301449   stm32l0xx_it.o
       104         16         25          4          0       1089   system_stm32l0xx.o
      5620        326          0         22          0      52237   szrq-comm-protocol.o
      3964        942          0         56        240      23231   tasks.o
       762         48         32          0          0       9937   time-stamp.o
      4880       1018         68          2         16      22312   ui.o
       344         34          0          0          0       1561   valve_api.o
       308         48          0         24          0       2443   volt-dec.o

    ----------------------------------------------------------------------
     56080       6460       1336        452      16384    1333257   Object Totals
         0          0         32          0          0          0   (incl. Generated)
        72          0          7          8          3          0   (incl. Padding)

    ----------------------------------------------------------------------

      Code (inc. data)   RO Data    RW Data    ZI Data      Debug   Library Member Name

        86          0          0          0          0          0   __dczerorl2.o
         8          0          0          0          0         68   __main.o
         0          0          0          0          0          0   __rtentry.o
        12          0          0          0          0          0   __rtentry2.o
         6          0          0          0          0          0   __rtentry4.o
        60          8          0          0          0          0   __scatter.o
        28          0          0          0          0          0   __scatter_zi.o
        18          0          0          0          0         68   aeabi_memset.o
       346          0          0          0          0         92   aeabi_sdiv.o
        16          0          0          0          0         68   exit.o
         6          0          0          0          0        136   heapauxi.o
         0          0          0          0          0          0   indicate_semi.o
         2          0          0          0          0          0   libinit.o
         2          0          0          0          0          0   libinit2.o
         2          0          0          0          0          0   libshutdown.o
         2          0          0          0          0          0   libshutdown2.o
         8          4          0          0         96         68   libspace.o
        64          0          0          0          0        108   rt_memclr.o
       186          0          0          0          0        144   rt_memcpy.o
         2          0          0          0          0          0   rtexit.o
        10          0          0          0          0          0   rtexit2.o
        12          4          0          0          0         60   sys_exit.o
        62          0          0          0          0         80   sys_stackheap_outer.o
         2          0          0          0          0         68   use_no_semi.o
      1096         26        128          0          0        112   ddiv.o
        72          4          0          0          0         68   dfixui.o
       132          4          0          0          0        100   dfltl.o
       584         26          0          0          0         84   dmul.o
       352         10         64          0          0         92   fdiv.o
        76          0          0          0          0         68   ffixi.o
        48          0          0          0          0         60   ffixui.o
        94          0          0          0          0         92   fflti.o
       176          4          0          0          0         80   fmul.o
         0          0          0          0          0          0   usenofp.o

    ----------------------------------------------------------------------
      3572         90        192          0        100       1716   Library Totals
         2          0          0          0          4          0   (incl. Padding)

    ----------------------------------------------------------------------

      Code (inc. data)   RO Data    RW Data    ZI Data      Debug   Library Name

       940         16          0          0         96        960   c_p.l
      2630         74        192          0          0        756   fz_ps.l

    ----------------------------------------------------------------------
      3572         90        192          0        100       1716   Library Totals

    ----------------------------------------------------------------------

==============================================================================


      Code (inc. data)   RO Data    RW Data    ZI Data      Debug   

     59652       6550       1528        452      16484    1311753   Grand Totals
     59652       6550       1528         64      16484    1311753   ELF Image Totals (compressed)
     59652       6550       1528         64          0          0   ROM Totals

==============================================================================

    Total RO  Size (Code + RO Data)                61180 (  59.75kB)
    Total RW  Size (RW Data + ZI Data)             16936 (  16.54kB)
    Total ROM Size (Code + RO Data + RW Data)      61244 (  59.81kB)

==============================================================================

