


ARM Macro Assembler    Page 1 


    1 00000000         ;--------------------------------------------------
    2 00000000         ;modify by lxp
    3 00000000         ;--------------------------------------------------
    4 00000000                 PRESERVE8
    5 00000000                 THUMB
    6 00000000                 AREA             |.text|, CODE, READONLY
    7 00000000         
    8 00000000         
    9 00000000                 import           pxCurrentTCB
   10 00000000         prvPortStartFirstTask
                               proc
   11 00000000                 export           prvPortStartFirstTask
   12 00000000 4B19            ldr              r3, =pxCurrentTCB
   13 00000002 6819            ldr              r1, [r3]
   14 00000004 6808            ldr              r0, [r1]
   15 00000006 3020            adds             r0, #32
   16 00000008 F380 8809       msr              psp, r0
   17 0000000C 2002            movs             r0, #2
   18 0000000E F380 8814       msr              CONTROL, r0
   19 00000012 BC3F            pop              {r0-r5}
   20 00000014 46AE            mov              lr, r5
   21 00000016 B662            cpsie            i
   22 00000018 BD00            pop              {pc}
   23 0000001A         
   24 0000001A 00 00           ALIGN
   25 0000001C                 ENDP
   26 0000001C         
   27 0000001C         ulSetInterruptMaskFromISR
                               proc
   28 0000001C                 export           ulSetInterruptMaskFromISR
   29 0000001C F3EF 8010       mrs              r0, PRIMASK
   30 00000020 B672            cpsid            i
   31 00000022 4770            bx               lr
   32 00000024                 ENDP
   33 00000024         
   34 00000024         vClearInterruptMaskFromISR
                               PROC
   35 00000024                 export           vClearInterruptMaskFromISR
   36 00000024 F380 8810       msr              PRIMASK, r0
   37 00000028 4770            bx               lr
   38 0000002A                 ENDP
   39 0000002A         
   40 0000002A         
   41 0000002A         xPortPendSVHandler
                               PROC
   42 0000002A         
   43 0000002A                 extern           vTaskSwitchContext
   44 0000002A                 extern           pxCurrentTCB
   45 0000002A                 export           xPortPendSVHandler
   46 0000002A F3EF 8009       mrs              r0, psp
   47 0000002E 4B0E            ldr              r3, =pxCurrentTCB
   48 00000030 681A            ldr              r2, [r3]
   49 00000032 3820            subs             r0, #32
   50 00000034 6010            str              r0, [r2]
   51 00000036 C0F0            stmia            r0!, {r4-r7}
   52 00000038 4644            mov              r4, r8
   53 0000003A 464D            mov              r5, r9
   54 0000003C 4656            mov              r6, r10
   55 0000003E 465F            mov              r7, r11



ARM Macro Assembler    Page 2 


   56 00000040 C0F0            stmia            r0!, {r4-r7}
   57 00000042         
   58 00000042 B508            push             {r3, r14}
   59 00000044 B672            cpsid            i
   60 00000046 F7FF FFFE       bl               vTaskSwitchContext
   61 0000004A B662            cpsie            i
   62 0000004C BC0C            pop              {r2, r3}
   63 0000004E         
   64 0000004E 6811            ldr              r1, [r2]
   65 00000050 6808            ldr              r0, [r1]
   66 00000052 3010            adds             r0, #16
   67 00000054 C8F0            ldmia            r0!, {r4-r7}
   68 00000056 46A0            mov              r8, r4
   69 00000058 46A9            mov              r9, r5
   70 0000005A 46B2            mov              r10, r6
   71 0000005C 46BB            mov              r11, r7
   72 0000005E         
   73 0000005E F380 8809       msr              psp, r0
   74 00000062         
   75 00000062 3820            subs             r0, #32
   76 00000064 C8F0            ldmia            r0!, {r4-r7}
   77 00000066         
   78 00000066 4718            bx               r3
   79 00000068                 ALIGN
   80 00000068                 ENDP
   81 00000068                 END
              00000000 
Command Line: --debug --xref --diag_suppress=9931 --cpu=Cortex-M0+ --apcs=inter
work --depend=.\objects\port_1.d -o.\objects\port_1.o -I.\RTE\_18A -IC:\Keil_v5
\ARM\PACK\ARM\CMSIS\5.0.1\CMSIS\Include -IC:\Keil_v5\ARM\PACK\Keil\STM32L0xx_DF
P\2.0.0\Drivers\CMSIS\Device\ST\STM32L0xx\Include -IC:\Keil_v5\ARM\PACK\Keil\ST
M32L0xx_DFP\2.0.0\Device\Include --predefine="__UVISION_VERSION SETA 523" --pre
define="_RTE_ SETA 1" --predefine="STM32L073xx SETA 1" --list=.\listings\port.l
st src\bsp\os-port\Port.s



ARM Macro Assembler    Page 1 Alphabetic symbol ordering
Relocatable symbols

.text 00000000

Symbol: .text
   Definitions
      At line 6 in file src\bsp\os-port\Port.s
   Uses
      None
Comment: .text unused
prvPortStartFirstTask 00000000

Symbol: prvPortStartFirstTask
   Definitions
      At line 10 in file src\bsp\os-port\Port.s
   Uses
      At line 11 in file src\bsp\os-port\Port.s
Comment: prvPortStartFirstTask used once
ulSetInterruptMaskFromISR 0000001C

Symbol: ulSetInterruptMaskFromISR
   Definitions
      At line 27 in file src\bsp\os-port\Port.s
   Uses
      At line 28 in file src\bsp\os-port\Port.s
Comment: ulSetInterruptMaskFromISR used once
vClearInterruptMaskFromISR 00000024

Symbol: vClearInterruptMaskFromISR
   Definitions
      At line 34 in file src\bsp\os-port\Port.s
   Uses
      At line 35 in file src\bsp\os-port\Port.s
Comment: vClearInterruptMaskFromISR used once
xPortPendSVHandler 0000002A

Symbol: xPortPendSVHandler
   Definitions
      At line 41 in file src\bsp\os-port\Port.s
   Uses
      At line 45 in file src\bsp\os-port\Port.s
Comment: xPortPendSVHandler used once
5 symbols



ARM Macro Assembler    Page 1 Alphabetic symbol ordering
External symbols

pxCurrentTCB 00000000

Symbol: pxCurrentTCB
   Definitions
      At line 9 in file src\bsp\os-port\Port.s
      At line 44 in file src\bsp\os-port\Port.s
   Uses
      At line 12 in file src\bsp\os-port\Port.s
      At line 47 in file src\bsp\os-port\Port.s
Warning: pxCurrentTCB multiply defined
vTaskSwitchContext 00000000

Symbol: vTaskSwitchContext
   Definitions
      At line 43 in file src\bsp\os-port\Port.s
   Uses
      At line 60 in file src\bsp\os-port\Port.s
Comment: vTaskSwitchContext used once
2 symbols
342 symbols in table
