<html>
<body>
<pre>
<h1>µVision Build Log</h1>
<h2>Tool Versions:</h2>
IDE-Version: ¦ÌVision V5.23.0.0
Copyright (C) 2017 ARM Ltd and ARM Germany GmbH. All rights reserved.
License Information: ll 44, 4, LIC=4ZLZ9-4PMKB-KUL4L-0TLX5-7UGXI-JF45A
 
Tool Versions:
Toolchain:       MDK-ARM Professional  Version: 5.23
Toolchain Path:  C:\Keil_v5\ARM\ARMCC\Bin
C Compiler:      Armcc.exe V5.06 update 4 (build 422)
Assembler:       Armasm.exe V5.06 update 4 (build 422)
Linker/Locator:  ArmLink.exe V5.06 update 4 (build 422)
Library Manager: ArmAr.exe V5.06 update 4 (build 422)
Hex Converter:   FromElf.exe V5.06 update 4 (build 422)
CPU DLL:         SARMCM3.DLL V5.23
Dialog DLL:      DARMCM1.DLL V1.17.0.0
Target DLL:      UL2CM3.DLL V1.159.7.0
Dialog DLL:      TARMCM1.DLL V1.12.0.0
 
<h2>Project:</h2>
D:\2018\szrq\18a-STM32L0XX-MTK\SZRQ.uvprojx
Project File Date:  01/28/2019

<h2>Output:</h2>
*** Using Compiler 'V5.06 update 4 (build 422)', folder: 'C:\Keil_v5\ARM\ARMCC\Bin'
Rebuild target '18A'
compiling croutine.c...
compiling event_groups.c...
..\os-kernel\kernel\event_groups.c(163): warning:  #550-D: variable "xTimeoutOccurred"  was set but never used
  BaseType_t xTimeoutOccurred = pdFALSE;
..\os-kernel\kernel\event_groups.c(279): warning:  #550-D: variable "xTimeoutOccurred"  was set but never used
  BaseType_t xTimeoutOccurred = pdFALSE;
..\os-kernel\kernel\event_groups.c: 2 warnings, 0 errors
compiling list.c...
compiling cmsis_os.c...
compiling queue.c...
compiling timers.c...
compiling tasks.c...
..\os-kernel\kernel\tasks.c(1777): warning:  #550-D: variable "uxSavedInterruptStatus"  was set but never used
  UBaseType_t uxSavedInterruptStatus;
..\os-kernel\kernel\tasks.c: 1 warning, 0 errors
assembling Port.s...
compiling heap_4.c...
assembling startup_stm32l073xx.s...
compiling port.c...
compiling stm32l0xx_it.c...
compiling system_stm32l0xx.c...
compiling main.cpp...
compiling mtk.c...
src\api\mtk.c(860): warning:  #177-D: variable "t16"  was declared but never referenced
  	uint16_t t16;
src\api\mtk.c(880): warning:  #177-D: variable "ret"  was declared but never referenced
  	int16_t ret,tyetm;
src\api\mtk.c(880): warning:  #177-D: variable "tyetm"  was declared but never referenced
  	int16_t ret,tyetm;
src\api\mtk.c(881): warning:  #177-D: variable "recbuf"  was declared but never referenced
  	uint8_t* recbuf=nbAplReceivedBuffer;
src\api\mtk.c(882): warning:  #177-D: variable "reclen"  was declared but never referenced
  	uint16_t reclen=sizeof(nbAplReceivedBuffer);
src\api\mtk.c(955): warning:  #177-D: variable "t16"  was declared but never referenced
  	uint16_t t16;
src\api\mtk.c(959): warning:  #177-D: variable "p"  was declared but never referenced
  	uint8_t* p;
src\api\mtk.c: 7 warnings, 0 errors
compiling flow-ex.c...
compiling valve_api.c...
compiling volt-dec.c...
compiling ui.c...
src\api\ui.c(561): warning:  #177-D: variable "t32"  was declared but never referenced
  	uint32_t t32;
src\api\ui.c: 1 warning, 0 errors
compiling m_event.cpp...
src\app\m_event.cpp(218): warning:  #177-D: variable "fiSend"  was declared but never referenced
  	uint8_t fiOff=0,fiSend=0;
src\app\m_event.cpp: 1 warning, 0 errors
compiling data.cpp...
src\app\data.cpp(310): warning:  #177-D: variable "t16"  was declared but never referenced
  	uint16_t t16=0x00;
src\app\data.cpp: 1 warning, 0 errors
compiling stm32l0xx_hal_cryp.c...
compiling stm32l0xx_hal_cryp_ex.c...
compiling stm32l0xx_hal.c...
compiling stm32l0xx_hal_adc_ex.c...
compiling stm32l0xx_hal_crc_ex.c...
compiling stm32l0xx_hal_dac_ex.c...
compiling stm32l0xx_hal_comp.c...
compiling stm32l0xx_hal_cortex.c...
compiling stm32l0xx_hal_comp_ex.c...
compiling stm32l0xx_hal_crc.c...
compiling stm32l0xx_hal_dac.c...
compiling stm32l0xx_hal_adc.c...
compiling stm32l0xx_hal_dma.c...
compiling stm32l0xx_hal_firewall.c...
compiling stm32l0xx_hal_i2s.c...
compiling stm32l0xx_hal_i2c_ex.c...
compiling stm32l0xx_hal_irda.c...
compiling stm32l0xx_hal_i2c.c...
compiling stm32l0xx_hal_iwdg.c...
compiling stm32l0xx_hal_flash_ramfunc.c...
compiling stm32l0xx_hal_gpio.c...
compiling stm32l0xx_hal_lptim.c...
compiling stm32l0xx_hal_flash.c...
compiling stm32l0xx_hal_flash_ex.c...
compiling stm32l0xx_hal_lcd.c...
compiling stm32l0xx_hal_pwr_ex.c...
compiling stm32l0xx_hal_smartcard.c...
compiling stm32l0xx_hal_pcd.c...
compiling stm32l0xx_hal_pcd_ex.c...
compiling stm32l0xx_hal_pwr.c...
compiling stm32l0xx_hal_rng.c...
compiling stm32l0xx_hal_msp_template.c...
compiling stm32l0xx_hal_rtc.c...
compiling stm32l0xx_hal_rtc_ex.c...
compiling stm32l0xx_hal_rcc.c...
compiling stm32l0xx_hal_rcc_ex.c...
compiling stm32l0xx_hal_tim_ex.c...
compiling stm32l0xx_hal_usart.c...
compiling stm32l0xx_hal_smbus.c...
compiling stm32l0xx_hal_tsc.c...
compiling stm32l0xx_hal_smartcard_ex.c...
compiling stm32l0xx_hal_uart_ex.c...
compiling stm32l0xx_hal_wwdg.c...
compiling stm32l0xx_hal_spi.c...
compiling stm32l0xx_hal_uart.c...
compiling stm32l0xx_hal_tim.c...
compiling m_clock_config.c...
compiling m_lcd.c...
compiling m_lcd_hal.c...
compiling m_buzzer.c...
compiling crc16_sf.c...
compiling xxtea.c...
compiling time-stamp.c...
compiling m_string.c...
compiling m_adc.c...
compiling m_flash.c...
compiling m_rtc.c...
compiling m_pwr_mng.c...
compiling m_rng.c...
compiling m_gpio_config.c...
compiling m_uart.c...
compiling m_timer.c...
compiling 15e-data-protocol.c...
compiling data-protocol-ex.c...
compiling szrq-comm-protocol.c...
..\qc-protocol\szrq-comm-protocol.c(140): warning:  #177-D: variable "t16"  was declared but never referenced
  	uint16_t t16=0x00;
..\qc-protocol\szrq-comm-protocol.c(718): warning:  #177-D: variable "t16"  was declared but never referenced
  	int16_t len,t16=0x00;
..\qc-protocol\szrq-comm-protocol.c(719): warning:  #177-D: variable "t32"  was declared but never referenced
  	int32_t t32;
..\qc-protocol\szrq-comm-protocol.c(780): warning:  #177-D: variable "t16"  was declared but never referenced
  	int16_t len,t16=0x00;
..\qc-protocol\szrq-comm-protocol.c(781): warning:  #177-D: variable "t32"  was declared but never referenced
  	int32_t t32;
..\qc-protocol\szrq-comm-protocol.c(812): warning:  #177-D: variable "t16"  was declared but never referenced
  	int16_t len,t16=0x00;
..\qc-protocol\szrq-comm-protocol.c(813): warning:  #177-D: variable "t32"  was declared but never referenced
  	int32_t t32;
..\qc-protocol\szrq-comm-protocol.c(846): warning:  #177-D: variable "t16"  was declared but never referenced
  	int16_t len,t16=0x00;
..\qc-protocol\szrq-comm-protocol.c(847): warning:  #177-D: variable "t32"  was declared but never referenced
  	int32_t t32;
..\qc-protocol\szrq-comm-protocol.c(873): warning:  #177-D: variable "t16"  was declared but never referenced
  	int16_t len,t16=0x00;
..\qc-protocol\szrq-comm-protocol.c(874): warning:  #177-D: variable "t32"  was declared but never referenced
  	int32_t t32;
..\qc-protocol\szrq-comm-protocol.c(999): warning:  #177-D: variable "t16"  was declared but never referenced
  	int16_t len,t16=0x00;
..\qc-protocol\szrq-comm-protocol.c(1049): warning:  #177-D: variable "t16"  was declared but never referenced
  	int16_t len,t16=0x00;
..\qc-protocol\szrq-comm-protocol.c(1050): warning:  #177-D: variable "t32"  was declared but never referenced
  	int32_t t32;
..\qc-protocol\szrq-comm-protocol.c(1177): warning:  #177-D: variable "t32"  was declared but never referenced
  	int32_t t32;
..\qc-protocol\szrq-comm-protocol.c(1263): warning:  #177-D: variable "t16"  was declared but never referenced
  	int16_t t16,ret=0;
..\qc-protocol\szrq-comm-protocol.c(1264): warning:  #177-D: variable "t32"  was declared but never referenced
  	int32_t t32;
..\qc-protocol\szrq-comm-protocol.c(1311): warning:  #177-D: variable "t32"  was declared but never referenced
  	int32_t t32;
..\qc-protocol\szrq-comm-protocol.c(1373): warning:  #177-D: variable "t16"  was declared but never referenced
  	int16_t t16,ret=0;
..\qc-protocol\szrq-comm-protocol.c: 19 warnings, 0 errors
linking...
Program Size: Code=59580 RO-data=1528 RW-data=452 ZI-data=16484  
FromELF: creating hex file...
".\Objects\18A-freeRTos_stm32l0xx_lpw_demo.axf" - 0 Error(s), 32 Warning(s).

<h2>Software Packages used:</h2>

Package Vendor: ARM
                http://www.keil.com/pack/ARM.CMSIS.5.0.1.pack
                ARM::CMSIS:CORE:5.0.1
                CMSIS (Cortex Microcontroller Software Interface Standard)
   * Component: CORE Version: 5.0.1

<h2>Collection of Component include folders:</h2>
  .\RTE\_18A
  C:\Keil_v5\ARM\PACK\ARM\CMSIS\5.0.1\CMSIS\Include
  C:\Keil_v5\ARM\PACK\Keil\STM32L0xx_DFP\2.0.0\Drivers\CMSIS\Device\ST\STM32L0xx\Include

<h2>Collection of Component Files used:</h2>

   * Component: ARM::CMSIS:CORE:5.0.1
Build Time Elapsed:  00:00:11
</pre>
</body>
</html>
